Archive member included because of file (symbol)

.\CortexM3\ARM_GCC_493\Debug\DMASDSPITest.a(cyfitter_cfg.o)
                              .\CortexM3\ARM_GCC_493\Debug\Cm3Start.o (cyfitter_cfg)
.\CortexM3\ARM_GCC_493\Debug\DMASDSPITest.a(CyBootAsmGnu.o)
                              .\CortexM3\ARM_GCC_493\Debug\DMASDSPITest.a(cyfitter_cfg.o) (CyDelayCycles)
.\CortexM3\ARM_GCC_493\Debug\DMASDSPITest.a(CyDmac.o)
                              .\CortexM3\ARM_GCC_493\Debug\Cm3Start.o (CyDmacConfigure)
.\CortexM3\ARM_GCC_493\Debug\DMASDSPITest.a(CyLib.o)
                              .\CortexM3\ARM_GCC_493\Debug\Cm3Start.o (CyResetStatus)
.\CortexM3\ARM_GCC_493\Debug\DMASDSPITest.a(cyPm.o)
                              .\CortexM3\ARM_GCC_493\Debug\DMASDSPITest.a(CyLib.o) (CyPmReadStatus)
.\CortexM3\ARM_GCC_493\Debug\DMASDSPITest.a(SDSPI_api.o)
                              .\CortexM3\ARM_GCC_493\Debug\main.o (SDSPI_Start)
.\CortexM3\ARM_GCC_493\Debug\DMASDSPITest.a(SDSPI_TX_dma.o)
                              .\CortexM3\ARM_GCC_493\Debug\DMASDSPITest.a(SDSPI_api.o) (SDSPI_TX_DmaInitialize)
.\CortexM3\ARM_GCC_493\Debug\DMASDSPITest.a(SDSPI_RX_dma.o)
                              .\CortexM3\ARM_GCC_493\Debug\DMASDSPITest.a(SDSPI_api.o) (SDSPI_RX_DmaInitialize)
.\CortexM3\ARM_GCC_493\Debug\DMASDSPITest.a(SDSPI_RX_DMA_IRQ.o)
                              .\CortexM3\ARM_GCC_493\Debug\DMASDSPITest.a(SDSPI_api.o) (SDSPI_RX_DMA_IRQ_StartEx)
.\CortexM3\ARM_GCC_493\Debug\DMASDSPITest.a(SDSPI_SPIMaster.o)
                              .\CortexM3\ARM_GCC_493\Debug\DMASDSPITest.a(SDSPI_api.o) (SDSPI_SPIMaster_Start)
.\CortexM3\ARM_GCC_493\Debug\DMASDSPITest.a(SD_CLK.o)
                              .\CortexM3\ARM_GCC_493\Debug\main.o (SD_CLK_SetDividerRegister)
.\CortexM3\ARM_GCC_493\Debug\DMASDSPITest.a(LEDControl.o)
                              .\CortexM3\ARM_GCC_493\Debug\main.o (LEDControl_Write)
.\CortexM3\ARM_GCC_493\Debug\DMASDSPITest.a(MillisecISR.o)
                              .\CortexM3\ARM_GCC_493\Debug\main.o (MillisecISR_StartEx)
.\CortexM3\ARM_GCC_493\Debug\DMASDSPITest.a(SDSPI_CSControl.o)
                              .\CortexM3\ARM_GCC_493\Debug\DMASDSPITest.a(SDSPI_api.o) (SDSPI_CSControl_Write)
.\CortexM3\ARM_GCC_493\Debug\DMASDSPITest.a(USBUART_1.o)
                              .\CortexM3\ARM_GCC_493\Debug\main.o (USBUART_1_Start)
.\CortexM3\ARM_GCC_493\Debug\DMASDSPITest.a(USBUART_1_cdc.o)
                              .\CortexM3\ARM_GCC_493\Debug\main.o (USBUART_1_CDC_Init)
.\CortexM3\ARM_GCC_493\Debug\DMASDSPITest.a(USBUART_1_drv.o)
                              .\CortexM3\ARM_GCC_493\Debug\DMASDSPITest.a(USBUART_1.o) (USBUART_1_EP)
.\CortexM3\ARM_GCC_493\Debug\DMASDSPITest.a(USBUART_1_episr.o)
                              .\CortexM3\ARM_GCC_493\Debug\DMASDSPITest.a(USBUART_1.o) (USBUART_1_EP_1_ISR)
.\CortexM3\ARM_GCC_493\Debug\DMASDSPITest.a(USBUART_1_pm.o)
                              .\CortexM3\ARM_GCC_493\Debug\DMASDSPITest.a(USBUART_1.o) (USBUART_1_DP_ISR)
.\CortexM3\ARM_GCC_493\Debug\DMASDSPITest.a(USBUART_1_std.o)
                              .\CortexM3\ARM_GCC_493\Debug\DMASDSPITest.a(USBUART_1_drv.o) (USBUART_1_HandleStandardRqst)
.\CortexM3\ARM_GCC_493\Debug\DMASDSPITest.a(USBUART_1_vnd.o)
                              .\CortexM3\ARM_GCC_493\Debug\DMASDSPITest.a(USBUART_1_drv.o) (USBUART_1_HandleVendorRqst)
.\CortexM3\ARM_GCC_493\Debug\DMASDSPITest.a(USBUART_1_Dp.o)
                              .\CortexM3\ARM_GCC_493\Debug\DMASDSPITest.a(USBUART_1_pm.o) (USBUART_1_Dp_ClearInterrupt)
.\CortexM3\ARM_GCC_493\Debug\DMASDSPITest.a(CyFlash.o)
                              .\CortexM3\ARM_GCC_493\Debug\DMASDSPITest.a(cyPm.o) (CyFlash_SetWaitCycles)
.\CortexM3\ARM_GCC_493\Debug\DMASDSPITest.a(CySpc.o)
                              .\CortexM3\ARM_GCC_493\Debug\DMASDSPITest.a(CyFlash.o) (CySpcStart)
.\CortexM3\ARM_GCC_493\Debug\DMASDSPITest.a(USBUART_1_cls.o)
                              .\CortexM3\ARM_GCC_493\Debug\DMASDSPITest.a(USBUART_1_drv.o) (USBUART_1_DispatchClassRqst)
.\CortexM3\ARM_GCC_493\Debug\DMASDSPITest.a(USBUART_1_descr.o)
                              .\CortexM3\ARM_GCC_493\Debug\DMASDSPITest.a(USBUART_1_std.o) (USBUART_1_DEVICE0_DESCR)
.\DMASDSPI\Library\libfatfsd.a(ff.o)
                              .\CortexM3\ARM_GCC_493\Debug\main.o (f_mount)
.\DMASDSPI\Library\libfatfsd.a(diskio.o)
                              .\CortexM3\ARM_GCC_493\Debug\DMASDSPITest.a(SDSPI_api.o) (disk_attach_spifuncs)
c:/program files (x86)/cypress/psoc creator/3.3/psoc creator/import/gnu/arm/4.9.3/bin/../lib/gcc/arm-none-eabi/4.9.3/armv7-m\libgcc.a(_arm_addsubdf3.o)
                              .\CortexM3\ARM_GCC_493\Debug\main.o (__aeabi_i2d)
c:/program files (x86)/cypress/psoc creator/3.3/psoc creator/import/gnu/arm/4.9.3/bin/../lib/gcc/arm-none-eabi/4.9.3/armv7-m\libgcc.a(_arm_muldivdf3.o)
[...]
Memory Configuration

Name             Origin             Length             Attributes
rom              0x00000000         0x00040000         xr
ram              0x1fff8000         0x00010000         xrw
*default*        0x00000000         0xffffffff

Linker script and memory map

LOAD c:/program files (x86)/cypress/psoc creator/3.3/psoc creator/import/gnu/arm/4.9.3/bin/../lib/gcc/arm-none-eabi/4.9.3/armv7-m/crti.o
LOAD c:/program files (x86)/cypress/psoc creator/3.3/psoc creator/import/gnu/arm/4.9.3/bin/../lib/gcc/arm-none-eabi/4.9.3/armv7-m/crtbegin.o
LOAD c:/program files (x86)/cypress/psoc creator/3.3/psoc creator/import/gnu/arm/4.9.3/bin/../lib/gcc/arm-none-eabi/4.9.3/../../../../arm-none-eabi/lib/armv7-m/crt0.o
START GROUP
LOAD .\CortexM3\ARM_GCC_493\Debug\main.o
LOAD .\CortexM3\ARM_GCC_493\Debug\cymetadata.o
LOAD .\CortexM3\ARM_GCC_493\Debug\Cm3Start.o
LOAD .\CortexM3\ARM_GCC_493\Debug\DMASDSPITest.a
LOAD .\DMASDSPI\Library\libfatfsd.a
LOAD C:\Program Files (x86)\Cypress\PSoC Creator\3.3\PSoC Creator\psoc\content\cycomponentlibrary\CyComponentLibrary.cylib\CortexM3\ARM_GCC_493\Debug\CyComponentLibrary.a
END GROUP
START GROUP
LOAD c:/program files (x86)/cypress/psoc creator/3.3/psoc creator/import/gnu/arm/4.9.3/bin/../lib/gcc/arm-none-eabi/4.9.3/armv7-m\libgcc.a
LOAD c:/program files (x86)/cypress/psoc creator/3.3/psoc creator/import/gnu/arm/4.9.3/bin/../lib/gcc/arm-none-eabi/4.9.3/../../../../arm-none-eabi/lib/armv7-m\libg_nano.a
LOAD c:/program files (x86)/cypress/psoc creator/3.3/psoc creator/import/gnu/arm/4.9.3/bin/../lib/gcc/arm-none-eabi/4.9.3/../../../../arm-none-eabi/lib/armv7-m\libc_nano.a
END GROUP
START GROUP
LOAD c:/program files (x86)/cypress/psoc creator/3.3/psoc creator/import/gnu/arm/4.9.3/bin/../lib/gcc/arm-none-eabi/4.9.3/armv7-m\libgcc.a
LOAD c:/program files (x86)/cypress/psoc creator/3.3/psoc creator/import/gnu/arm/4.9.3/bin/../lib/gcc/arm-none-eabi/4.9.3/../../../../arm-none-eabi/lib/armv7-m\libc_nano.a
END GROUP
LOAD c:/program files (x86)/cypress/psoc creator/3.3/psoc creator/import/gnu/arm/4.9.3/bin/../lib/gcc/arm-none-eabi/4.9.3/armv7-m/crtend.o
LOAD c:/program files (x86)/cypress/psoc creator/3.3/psoc creator/import/gnu/arm/4.9.3/bin/../lib/gcc/arm-none-eabi/4.9.3/armv7-m/crtn.o
START GROUP
LOAD c:/program files (x86)/cypress/psoc creator/3.3/psoc creator/import/gnu/arm/4.9.3/bin/../lib/gcc/arm-none-eabi/4.9.3/armv7-m\libgcc.a
LOAD c:/program files (x86)/cypress/psoc creator/3.3/psoc creator/import/gnu/arm/4.9.3/bin/../lib/gcc/arm-none-eabi/4.9.3/../../../../arm-none-eabi/lib/armv7-m\libc.a
LOAD c:/program files (x86)/cypress/psoc creator/3.3/psoc creator/import/gnu/arm/4.9.3/bin/../lib/gcc/arm-none-eabi/4.9.3/../../../../arm-none-eabi/lib/armv7-m\libnosys.a
END GROUP
                0x00000000                CY_APPL_ORIGIN = 0x0
                0x00000100                CY_FLASH_ROW_SIZE = 0x100
                0x00000020                CY_ECC_ROW_SIZE = 0x20
                0x00000000                CY_EE_IN_BTLDR = 0x0
                0x00000000                CY_APPL_LOADABLE = 0x0
                0x00000800                CY_EE_SIZE = 0x800
                0x00000001                CY_APPL_NUM = 0x1
                0x00000001                CY_APPL_MAX = 0x1
                0x00000040                CY_METADATA_SIZE = 0x40
                0x00000000                CY_APPL_LOADABLE = 0x0
                0x00000000                CY_CHECKSUM_EXCLUDE_SIZE = ALIGN (0x0, CY_FLASH_ROW_SIZE)
                0x1fff8530                PROVIDE (__cy_heap_start, _end)
                0x00000001                PROVIDE (__cy_region_num, ((__cy_regions_end - __cy_regions) / 0x10))
                0x20008000                PROVIDE (__cy_stack, (ORIGIN (ram) + 0x10000))
                0x20007800                PROVIDE (__cy_heap_end, (__cy_stack - 0x800))

.cybootloader   0x00000000        0x0
 *(.cybootloader)
                0x00000000                appl1_start = CY_APPL_ORIGIN?CY_APPL_ORIGIN:ALIGN (CY_FLASH_ROW_SIZE)
                0x0001ff00                appl2_start = (appl1_start + ALIGN ((((0x40000 - appl1_start) - (0x2 * CY_FLASH_ROW_SIZE)) / 0x2), CY_FLASH_ROW_SIZE))
                0x00000000                appl_start = (CY_APPL_NUM == 0x1)?appl1_start:appl2_start
                0x00000000                ecc_offset = ((appl_start / CY_FLASH_ROW_SIZE) * CY_ECC_ROW_SIZE)
                0x00000000                ee_offset = (CY_APPL_LOADABLE && ! (CY_EE_IN_BTLDR))?((CY_EE_SIZE / CY_APPL_MAX) * (CY_APPL_NUM - 0x1)):0x0
                0x00000800                ee_size = (CY_APPL_LOADABLE && ! (CY_EE_IN_BTLDR))?(CY_EE_SIZE / CY_APPL_MAX):CY_EE_SIZE
                0x00000000                PROVIDE (CY_ECC_OFFSET, ecc_offset)

.text           0x00000000     0x7694
 CREATE_OBJECT_SYMBOLS
                0x00000000                PROVIDE (__cy_interrupt_vector, RomVectors)
 *(.romvectors)
 .romvectors    0x00000000       0x10 .\CortexM3\ARM_GCC_493\Debug\Cm3Start.o
                0x00000000                RomVectors
                0x00000001                ASSERT ((. != __cy_interrupt_vector), No interrupt vector)
                0x00000001                ASSERT (CY_APPL_ORIGIN?(SIZEOF (.cybootloader) <= CY_APPL_ORIGIN):0x1, Wrong image location)
                0x00000010                PROVIDE (__cy_reset, Reset)
 *(.text.Reset)
 .text.Reset    0x00000010       0x18 .\CortexM3\ARM_GCC_493\Debug\Cm3Start.o
                0x00000010                Reset
                0x00000001                ASSERT ((. != __cy_reset), No reset code)
 *(.dma_init)
                0x00000001                ASSERT ((((appl_start + .) <= 0x10000) || 0x1), DMA Init must be within the first 64k of flash)
 *(.text .text.* .gnu.linkonce.t.*)
 .text          0x00000028       0x5c c:/program files (x86)/cypress/psoc creator/3.3/psoc creator/import/gnu/arm/4.9.3/bin/../lib/gcc/arm-none-eabi/4.9.3/armv7-m/crtbegin.o
 .text.MillisISR
                0x00000084       0x18 .\CortexM3\ARM_GCC_493\Debug\main.o
                0x00000084                MillisISR
 .text.SDCARD_FAST
                0x0000009c       0x10 .\CortexM3\ARM_GCC_493\Debug\main.o
                0x0000009c                SDCARD_FAST
 .text.SDCARD_SLOW
                0x000000ac       0x10 .\CortexM3\ARM_GCC_493\Debug\main.o
                0x000000ac                SDCARD_SLOW
 .text.PrintFxn
                0x000000bc       0x14 .\CortexM3\ARM_GCC_493\Debug\main.o
                0x000000bc                PrintFxn
 .text.chkres   0x000000d0      0x48c .\CortexM3\ARM_GCC_493\Debug\main.o
                0x000000d0                chkres
 .text.sdbench  0x0000055c      0xd0c .\CortexM3\ARM_GCC_493\Debug\main.o
                0x0000055c                sdbench
 .text.main     0x00001268       0xc8 .\CortexM3\ARM_GCC_493\Debug\main.o
                0x00001268                main
 .text.IntDefaultHandler
                0x00001330        0x8 .\CortexM3\ARM_GCC_493\Debug\Cm3Start.o
                0x00001330                IntDefaultHandler
 .text._sbrk    0x00001338       0x50 .\CortexM3\ARM_GCC_493\Debug\Cm3Start.o
                0x00001338                _sbrk
 .text.Start_c  0x00001388       0x98 .\CortexM3\ARM_GCC_493\Debug\Cm3Start.o
                0x00001388                Start_c
 .text.initialize_psoc
                0x00001420       0x90 .\CortexM3\ARM_GCC_493\Debug\Cm3Start.o
                0x00001420                initialize_psoc
 .text.CYMEMZERO
                0x000014b0       0x1c .\CortexM3\ARM_GCC_493\Debug\DMASDSPITest.a(cyfitter_cfg.o)
 .text.CYCONFIGCPY
                0x000014cc       0x1c .\CortexM3\ARM_GCC_493\Debug\DMASDSPITest.a(cyfitter_cfg.o)
 .text.CyClockStartupError
                0x000014e8        0xc .\CortexM3\ARM_GCC_493\Debug\DMASDSPITest.a(cyfitter_cfg.o)
 .text.cfg_write_bytes32
                0x000014f4       0x74 .\CortexM3\ARM_GCC_493\Debug\DMASDSPITest.a(cyfitter_cfg.o)
 .text.ClockSetup
                0x00001568      0x118 .\CortexM3\ARM_GCC_493\Debug\DMASDSPITest.a(cyfitter_cfg.o)
 .text.AnalogSetDefault
                0x00001680       0x44 .\CortexM3\ARM_GCC_493\Debug\DMASDSPITest.a(cyfitter_cfg.o)
 .text.cyfitter_cfg
                0x000016c4      0x180 .\CortexM3\ARM_GCC_493\Debug\DMASDSPITest.a(cyfitter_cfg.o)
                0x000016c4                cyfitter_cfg
 *fill*         0x00001844        0x4 
 .text          0x00001848       0x20 .\CortexM3\ARM_GCC_493\Debug\DMASDSPITest.a(CyBootAsmGnu.o)
                0x00001848                CyDelayCycles
                0x00001858                CyEnterCriticalSection
                0x00001860                CyExitCriticalSection
 .text.CyDmacConfigure
                0x00001868       0x5c .\CortexM3\ARM_GCC_493\Debug\DMASDSPITest.a(CyDmac.o)
                0x00001868                CyDmacConfigure
 .text.CyDmaChEnable
                0x000018c4       0x8c .\CortexM3\ARM_GCC_493\Debug\DMASDSPITest.a(CyDmac.o)
                0x000018c4                CyDmaChEnable
 .text.CyDmaChDisable
                0x00001950       0x64 .\CortexM3\ARM_GCC_493\Debug\DMASDSPITest.a(CyDmac.o)
                0x00001950                CyDmaChDisable
 .text.CyDmaClearPendingDrq
                0x000019b4       0x64 .\CortexM3\ARM_GCC_493\Debug\DMASDSPITest.a(CyDmac.o)
                0x000019b4                CyDmaClearPendingDrq
 .text.CyDmaChPriority
                0x00001a18       0x60 .\CortexM3\ARM_GCC_493\Debug\DMASDSPITest.a(CyDmac.o)
                0x00001a18                CyDmaChPriority
 .text.CyDmaChSetExtendedAddress
                0x00001a78       0x7c .\CortexM3\ARM_GCC_493\Debug\DMASDSPITest.a(CyDmac.o)
                0x00001a78                CyDmaChSetExtendedAddress
 .text.CyDmaChSetInitialTd
                0x00001af4       0x3c .\CortexM3\ARM_GCC_493\Debug\DMASDSPITest.a(CyDmac.o)
                0x00001af4                CyDmaChSetInitialTd
 .text.CyDmaChSetRequest
                0x00001b30       0x58 .\CortexM3\ARM_GCC_493\Debug\DMASDSPITest.a(CyDmac.o)
                0x00001b30                CyDmaChSetRequest
 .text.CyDmaChSetConfiguration
                0x00001b88       0xa0 .\CortexM3\ARM_GCC_493\Debug\DMASDSPITest.a(CyDmac.o)
                0x00001b88                CyDmaChSetConfiguration
 .text.CyDmaTdAllocate
                0x00001c28       0x5c .\CortexM3\ARM_GCC_493\Debug\DMASDSPITest.a(CyDmac.o)
                0x00001c28                CyDmaTdAllocate
 .text.CyDmaTdFree
                0x00001c84       0x54 .\CortexM3\ARM_GCC_493\Debug\DMASDSPITest.a(CyDmac.o)
                0x00001c84                CyDmaTdFree
 .text.CyDmaTdSetConfiguration
                0x00001cd8       0x80 .\CortexM3\ARM_GCC_493\Debug\DMASDSPITest.a(CyDmac.o)
                0x00001cd8                CyDmaTdSetConfiguration
 .text.CyDmaTdSetAddress
                0x00001d58       0x5c .\CortexM3\ARM_GCC_493\Debug\DMASDSPITest.a(CyDmac.o)
                0x00001d58                CyDmaTdSetAddress
 .text.CyHalt   0x00001db4       0x18 .\CortexM3\ARM_GCC_493\Debug\DMASDSPITest.a(CyLib.o)
                0x00001db4                CyHalt
 .text.CyDelay  0x00001dcc       0x44 .\CortexM3\ARM_GCC_493\Debug\DMASDSPITest.a(CyLib.o)
                0x00001dcc                CyDelay
 .text.CyDelayUs
                0x00001e10       0x24 .\CortexM3\ARM_GCC_493\Debug\DMASDSPITest.a(CyLib.o)
                0x00001e10                CyDelayUs
 .text.CyIntSetVector
                0x00001e34       0x50 .\CortexM3\ARM_GCC_493\Debug\DMASDSPITest.a(CyLib.o)
                0x00001e34                CyIntSetVector
 .text.CyIntSetPriority
                0x00001e84       0x44 .\CortexM3\ARM_GCC_493\Debug\DMASDSPITest.a(CyLib.o)
                0x00001e84                CyIntSetPriority
 .text.CyGetUniqueId
                0x00001ec8       0xc4 .\CortexM3\ARM_GCC_493\Debug\DMASDSPITest.a(CyLib.o)
                0x00001ec8                CyGetUniqueId
 .text.SDSPI_RX_DMA_ISR
                0x00001f8c       0x20 .\CortexM3\ARM_GCC_493\Debug\DMASDSPITest.a(SDSPI_api.o)
                0x00001f8c                SDSPI_RX_DMA_ISR
 .text.dma_setup
                0x00001fac       0x7c .\CortexM3\ARM_GCC_493\Debug\DMASDSPITest.a(SDSPI_api.o)
                0x00001fac                dma_setup
 .text.dma_shutdown
                0x00002028       0x30 .\CortexM3\ARM_GCC_493\Debug\DMASDSPITest.a(SDSPI_api.o)
                0x00002028                dma_shutdown
 .text.SDSPI_Start
                0x00002058       0x60 .\CortexM3\ARM_GCC_493\Debug\DMASDSPITest.a(SDSPI_api.o)
                0x00002058                SDSPI_Start
 .text.SDSPI_StartInterface
                0x000020b8       0x1c .\CortexM3\ARM_GCC_493\Debug\DMASDSPITest.a(SDSPI_api.o)
                0x000020b8                SDSPI_StartInterface
 .text.SDSPI_Stop
                0x000020d4       0x24 .\CortexM3\ARM_GCC_493\Debug\DMASDSPITest.a(SDSPI_api.o)
                0x000020d4                SDSPI_Stop
 .text.SDSPI_SelectCard
                0x000020f8        0xc .\CortexM3\ARM_GCC_493\Debug\DMASDSPITest.a(SDSPI_api.o)
                0x000020f8                SDSPI_SelectCard
 .text.SDSPI_DeselectCard
                0x00002104        0xc .\CortexM3\ARM_GCC_493\Debug\DMASDSPITest.a(SDSPI_api.o)
                0x00002104                SDSPI_DeselectCard
 .text.SDSPI_SendData
                0x00002110      0x148 .\CortexM3\ARM_GCC_493\Debug\DMASDSPITest.a(SDSPI_api.o)
                0x00002110                SDSPI_SendData
 .text.SDSPI_ReceiveData
                0x00002258      0x150 .\CortexM3\ARM_GCC_493\Debug\DMASDSPITest.a(SDSPI_api.o)
                0x00002258                SDSPI_ReceiveData
 .text.SDSPI_SwapByte
                0x000023a8       0x30 .\CortexM3\ARM_GCC_493\Debug\DMASDSPITest.a(SDSPI_api.o)
                0x000023a8                SDSPI_SwapByte
 .text.SDSPI_SetDMAMode
                0x000023d8       0x50 .\CortexM3\ARM_GCC_493\Debug\DMASDSPITest.a(SDSPI_api.o)
                0x000023d8                SDSPI_SetDMAMode
 .text.SDSPI_TX_DmaInitialize
                0x00002428       0x68 .\CortexM3\ARM_GCC_493\Debug\DMASDSPITest.a(SDSPI_TX_dma.o)
                0x00002428                SDSPI_TX_DmaInitialize
 .text.SDSPI_TX_DmaRelease
                0x00002490       0x14 .\CortexM3\ARM_GCC_493\Debug\DMASDSPITest.a(SDSPI_TX_dma.o)
                0x00002490                SDSPI_TX_DmaRelease
 .text.SDSPI_RX_DmaInitialize
                0x000024a4       0x68 .\CortexM3\ARM_GCC_493\Debug\DMASDSPITest.a(SDSPI_RX_dma.o)
                0x000024a4                SDSPI_RX_DmaInitialize
 .text.SDSPI_RX_DmaRelease
                0x0000250c       0x14 .\CortexM3\ARM_GCC_493\Debug\DMASDSPITest.a(SDSPI_RX_dma.o)
                0x0000250c                SDSPI_RX_DmaRelease
 .text.SDSPI_RX_DMA_IRQ_StartEx
                0x00002520       0x24 .\CortexM3\ARM_GCC_493\Debug\DMASDSPITest.a(SDSPI_RX_DMA_IRQ.o)
                0x00002520                SDSPI_RX_DMA_IRQ_StartEx
 .text.SDSPI_RX_DMA_IRQ_Stop
                0x00002544       0x14 .\CortexM3\ARM_GCC_493\Debug\DMASDSPITest.a(SDSPI_RX_DMA_IRQ.o)
                0x00002544                SDSPI_RX_DMA_IRQ_Stop
 .text.SDSPI_RX_DMA_IRQ_SetVector
                0x00002558       0x24 .\CortexM3\ARM_GCC_493\Debug\DMASDSPITest.a(SDSPI_RX_DMA_IRQ.o)
                0x00002558                SDSPI_RX_DMA_IRQ_SetVector
 .text.SDSPI_RX_DMA_IRQ_SetPriority
                0x0000257c       0x24 .\CortexM3\ARM_GCC_493\Debug\DMASDSPITest.a(SDSPI_RX_DMA_IRQ.o)
                0x0000257c                SDSPI_RX_DMA_IRQ_SetPriority
 .text.SDSPI_RX_DMA_IRQ_Enable
                0x000025a0       0x18 .\CortexM3\ARM_GCC_493\Debug\DMASDSPITest.a(SDSPI_RX_DMA_IRQ.o)
                0x000025a0                SDSPI_RX_DMA_IRQ_Enable
 .text.SDSPI_RX_DMA_IRQ_Disable
                0x000025b8       0x18 .\CortexM3\ARM_GCC_493\Debug\DMASDSPITest.a(SDSPI_RX_DMA_IRQ.o)
                0x000025b8                SDSPI_RX_DMA_IRQ_Disable
 .text.SDSPI_SPIMaster_Init
                0x000025d0       0x30 .\CortexM3\ARM_GCC_493\Debug\DMASDSPITest.a(SDSPI_SPIMaster.o)
                0x000025d0                SDSPI_SPIMaster_Init
 .text.SDSPI_SPIMaster_Enable
                0x00002600       0x60 .\CortexM3\ARM_GCC_493\Debug\DMASDSPITest.a(SDSPI_SPIMaster.o)
                0x00002600                SDSPI_SPIMaster_Enable
 .text.SDSPI_SPIMaster_Start
                0x00002660       0x20 .\CortexM3\ARM_GCC_493\Debug\DMASDSPITest.a(SDSPI_SPIMaster.o)
                0x00002660                SDSPI_SPIMaster_Start
 .text.SDSPI_SPIMaster_Stop
                0x00002680       0x4c .\CortexM3\ARM_GCC_493\Debug\DMASDSPITest.a(SDSPI_SPIMaster.o)
                0x00002680                SDSPI_SPIMaster_Stop
 .text.SDSPI_SPIMaster_EnableTxInt
                0x000026cc        0xc .\CortexM3\ARM_GCC_493\Debug\DMASDSPITest.a(SDSPI_SPIMaster.o)
                0x000026cc                SDSPI_SPIMaster_EnableTxInt
 .text.SDSPI_SPIMaster_EnableRxInt
                0x000026d8        0xc .\CortexM3\ARM_GCC_493\Debug\DMASDSPITest.a(SDSPI_SPIMaster.o)
                0x000026d8                SDSPI_SPIMaster_EnableRxInt
 .text.SDSPI_SPIMaster_DisableTxInt
                0x000026e4        0xc .\CortexM3\ARM_GCC_493\Debug\DMASDSPITest.a(SDSPI_SPIMaster.o)
                0x000026e4                SDSPI_SPIMaster_DisableTxInt
 .text.SDSPI_SPIMaster_DisableRxInt
                0x000026f0        0xc .\CortexM3\ARM_GCC_493\Debug\DMASDSPITest.a(SDSPI_SPIMaster.o)
                0x000026f0                SDSPI_SPIMaster_DisableRxInt
 .text.SDSPI_SPIMaster_ReadTxStatus
                0x000026fc       0x20 .\CortexM3\ARM_GCC_493\Debug\DMASDSPITest.a(SDSPI_SPIMaster.o)
                0x000026fc                SDSPI_SPIMaster_ReadTxStatus
 .text.SDSPI_SPIMaster_ReadRxStatus
                0x0000271c       0x20 .\CortexM3\ARM_GCC_493\Debug\DMASDSPITest.a(SDSPI_SPIMaster.o)
                0x0000271c                SDSPI_SPIMaster_ReadRxStatus
 .text.SDSPI_SPIMaster_WriteTxData
                0x0000273c       0x34 .\CortexM3\ARM_GCC_493\Debug\DMASDSPITest.a(SDSPI_SPIMaster.o)
                0x0000273c                SDSPI_SPIMaster_WriteTxData
 .text.SDSPI_SPIMaster_ReadRxData
                0x00002770       0x20 .\CortexM3\ARM_GCC_493\Debug\DMASDSPITest.a(SDSPI_SPIMaster.o)
                0x00002770                SDSPI_SPIMaster_ReadRxData
 .text.SDSPI_SPIMaster_ClearFIFO
                0x00002790       0x5c .\CortexM3\ARM_GCC_493\Debug\DMASDSPITest.a(SDSPI_SPIMaster.o)
                0x00002790                SDSPI_SPIMaster_ClearFIFO
 .text.SDSPI_SPIMaster_ReadStatus
                0x000027ec       0x38 .\CortexM3\ARM_GCC_493\Debug\DMASDSPITest.a(SDSPI_SPIMaster.o)
                0x000027ec                SDSPI_SPIMaster_ReadStatus
 .text.SD_CLK_SetDividerRegister
                0x00002824      0x160 .\CortexM3\ARM_GCC_493\Debug\DMASDSPITest.a(SD_CLK.o)
                0x00002824                SD_CLK_SetDividerRegister
 .text.SD_CLK_GetDividerRegister
                0x00002984       0x18 .\CortexM3\ARM_GCC_493\Debug\DMASDSPITest.a(SD_CLK.o)
                0x00002984                SD_CLK_GetDividerRegister
 .text.SD_CLK_GetSourceRegister
                0x0000299c       0x20 .\CortexM3\ARM_GCC_493\Debug\DMASDSPITest.a(SD_CLK.o)
                0x0000299c                SD_CLK_GetSourceRegister
 .text.LEDControl_Write
                0x000029bc       0x20 .\CortexM3\ARM_GCC_493\Debug\DMASDSPITest.a(LEDControl.o)
                0x000029bc                LEDControl_Write
 .text.MillisecISR_StartEx
                0x000029dc       0x24 .\CortexM3\ARM_GCC_493\Debug\DMASDSPITest.a(MillisecISR.o)
                0x000029dc                MillisecISR_StartEx
 .text.MillisecISR_SetVector
                0x00002a00       0x24 .\CortexM3\ARM_GCC_493\Debug\DMASDSPITest.a(MillisecISR.o)
                0x00002a00                MillisecISR_SetVector
 .text.MillisecISR_SetPriority
                0x00002a24       0x24 .\CortexM3\ARM_GCC_493\Debug\DMASDSPITest.a(MillisecISR.o)
                0x00002a24                MillisecISR_SetPriority
 .text.MillisecISR_Enable
                0x00002a48       0x18 .\CortexM3\ARM_GCC_493\Debug\DMASDSPITest.a(MillisecISR.o)
                0x00002a48                MillisecISR_Enable
 .text.MillisecISR_Disable
                0x00002a60       0x18 .\CortexM3\ARM_GCC_493\Debug\DMASDSPITest.a(MillisecISR.o)
                0x00002a60                MillisecISR_Disable
 .text.SDSPI_CSControl_Write
                0x00002a78       0x20 .\CortexM3\ARM_GCC_493\Debug\DMASDSPITest.a(SDSPI_CSControl.o)
                0x00002a78                SDSPI_CSControl_Write
 .text.USBUART_1_Start
                0x00002a98       0x38 .\CortexM3\ARM_GCC_493\Debug\DMASDSPITest.a(USBUART_1.o)
                0x00002a98                USBUART_1_Start
 .text.USBUART_1_Init
                0x00002ad0      0x1a0 .\CortexM3\ARM_GCC_493\Debug\DMASDSPITest.a(USBUART_1.o)
                0x00002ad0                USBUART_1_Init
 .text.USBUART_1_InitComponent
                0x00002c70      0x100 .\CortexM3\ARM_GCC_493\Debug\DMASDSPITest.a(USBUART_1.o)
                0x00002c70                USBUART_1_InitComponent
 .text.USBUART_1_ReInitComponent
                0x00002d70       0x68 .\CortexM3\ARM_GCC_493\Debug\DMASDSPITest.a(USBUART_1.o)
                0x00002d70                USBUART_1_ReInitComponent
 .text.USBUART_1_GetConfiguration
                0x00002dd8       0x18 .\CortexM3\ARM_GCC_493\Debug\DMASDSPITest.a(USBUART_1.o)
                0x00002dd8                USBUART_1_GetConfiguration
 .text.USBUART_1_GetEPState
                0x00002df0       0x2c .\CortexM3\ARM_GCC_493\Debug\DMASDSPITest.a(USBUART_1.o)
                0x00002df0                USBUART_1_GetEPState
 .text.USBUART_1_LoadInEP
                0x00002e1c       0xf8 .\CortexM3\ARM_GCC_493\Debug\DMASDSPITest.a(USBUART_1.o)
                0x00002e1c                USBUART_1_LoadInEP
 .text.USBUART_1_EnableOutEP
                0x00002f14       0x54 .\CortexM3\ARM_GCC_493\Debug\DMASDSPITest.a(USBUART_1.o)
                0x00002f14                USBUART_1_EnableOutEP
 .text.USBUART_1_DispatchCDCClassRqst
                0x00002f68       0xe8 .\CortexM3\ARM_GCC_493\Debug\DMASDSPITest.a(USBUART_1_cdc.o)
                0x00002f68                USBUART_1_DispatchCDCClassRqst
 .text.USBUART_1_GetInterfaceComPort
                0x00003050       0x60 .\CortexM3\ARM_GCC_493\Debug\DMASDSPITest.a(USBUART_1_cdc.o)
                0x00003050                USBUART_1_GetInterfaceComPort
 .text.USBUART_1_CDC_Init
                0x000030b0       0xa8 .\CortexM3\ARM_GCC_493\Debug\DMASDSPITest.a(USBUART_1_cdc.o)
                0x000030b0                USBUART_1_CDC_Init
 .text.USBUART_1_StrLen
                0x00003158       0x30 .\CortexM3\ARM_GCC_493\Debug\DMASDSPITest.a(USBUART_1_cdc.o)
 .text.USBUART_1_PutString
                0x00003188       0xdc .\CortexM3\ARM_GCC_493\Debug\DMASDSPITest.a(USBUART_1_cdc.o)
                0x00003188                USBUART_1_PutString
 .text.USBUART_1_CDCIsReady
                0x00003264       0x24 .\CortexM3\ARM_GCC_493\Debug\DMASDSPITest.a(USBUART_1_cdc.o)
                0x00003264                USBUART_1_CDCIsReady
 .text.USBUART_1_Cdc_EpInit
                0x00003288       0x94 .\CortexM3\ARM_GCC_493\Debug\DMASDSPITest.a(USBUART_1_cdc.o)
                0x00003288                USBUART_1_Cdc_EpInit
 .text.USBUART_1_EP_0_ISR
                0x0000331c       0xf8 .\CortexM3\ARM_GCC_493\Debug\DMASDSPITest.a(USBUART_1_drv.o)
                0x0000331c                USBUART_1_EP_0_ISR
 .text.USBUART_1_HandleSetup
                0x00003414       0x88 .\CortexM3\ARM_GCC_493\Debug\DMASDSPITest.a(USBUART_1_drv.o)
                0x00003414                USBUART_1_HandleSetup
 .text.USBUART_1_HandleIN
                0x0000349c       0x4c .\CortexM3\ARM_GCC_493\Debug\DMASDSPITest.a(USBUART_1_drv.o)
                0x0000349c                USBUART_1_HandleIN
 .text.USBUART_1_HandleOUT
                0x000034e8       0x58 .\CortexM3\ARM_GCC_493\Debug\DMASDSPITest.a(USBUART_1_drv.o)
                0x000034e8                USBUART_1_HandleOUT
 .text.USBUART_1_LoadEP0
                0x00003540       0xd0 .\CortexM3\ARM_GCC_493\Debug\DMASDSPITest.a(USBUART_1_drv.o)
                0x00003540                USBUART_1_LoadEP0
 .text.USBUART_1_InitControlRead
                0x00003610       0x70 .\CortexM3\ARM_GCC_493\Debug\DMASDSPITest.a(USBUART_1_drv.o)
                0x00003610                USBUART_1_InitControlRead
 .text.USBUART_1_InitZeroLengthControlTransfer
                0x00003680       0x44 .\CortexM3\ARM_GCC_493\Debug\DMASDSPITest.a(USBUART_1_drv.o)
                0x00003680                USBUART_1_InitZeroLengthControlTransfer
 .text.USBUART_1_ControlReadDataStage
                0x000036c4        0xc .\CortexM3\ARM_GCC_493\Debug\DMASDSPITest.a(USBUART_1_drv.o)
                0x000036c4                USBUART_1_ControlReadDataStage
 .text.USBUART_1_ControlReadStatusStage
                0x000036d0       0x40 .\CortexM3\ARM_GCC_493\Debug\DMASDSPITest.a(USBUART_1_drv.o)
                0x000036d0                USBUART_1_ControlReadStatusStage
 .text.USBUART_1_InitControlWrite
                0x00003710       0x64 .\CortexM3\ARM_GCC_493\Debug\DMASDSPITest.a(USBUART_1_drv.o)
                0x00003710                USBUART_1_InitControlWrite
 .text.USBUART_1_ControlWriteDataStage
                0x00003774       0xb4 .\CortexM3\ARM_GCC_493\Debug\DMASDSPITest.a(USBUART_1_drv.o)
                0x00003774                USBUART_1_ControlWriteDataStage
 .text.USBUART_1_ControlWriteStatusStage
                0x00003828       0x20 .\CortexM3\ARM_GCC_493\Debug\DMASDSPITest.a(USBUART_1_drv.o)
                0x00003828                USBUART_1_ControlWriteStatusStage
 .text.USBUART_1_InitNoDataControlTransfer
                0x00003848       0x38 .\CortexM3\ARM_GCC_493\Debug\DMASDSPITest.a(USBUART_1_drv.o)
                0x00003848                USBUART_1_InitNoDataControlTransfer
 .text.USBUART_1_NoDataControlStatusStage
                0x00003880       0x48 .\CortexM3\ARM_GCC_493\Debug\DMASDSPITest.a(USBUART_1_drv.o)
                0x00003880                USBUART_1_NoDataControlStatusStage
 .text.USBUART_1_UpdateStatusBlock
                0x000038c8       0x40 .\CortexM3\ARM_GCC_493\Debug\DMASDSPITest.a(USBUART_1_drv.o)
                0x000038c8                USBUART_1_UpdateStatusBlock
 .text.USBUART_1_InitializeStatusBlock
                0x00003908       0x34 .\CortexM3\ARM_GCC_493\Debug\DMASDSPITest.a(USBUART_1_drv.o)
                0x00003908                USBUART_1_InitializeStatusBlock
 .text.USBUART_1_EP_1_ISR
                0x0000393c       0x54 .\CortexM3\ARM_GCC_493\Debug\DMASDSPITest.a(USBUART_1_episr.o)
                0x0000393c                USBUART_1_EP_1_ISR
 .text.USBUART_1_EP_2_ISR
                0x00003990       0x54 .\CortexM3\ARM_GCC_493\Debug\DMASDSPITest.a(USBUART_1_episr.o)
                0x00003990                USBUART_1_EP_2_ISR
 .text.USBUART_1_EP_3_ISR
                0x000039e4       0x5c .\CortexM3\ARM_GCC_493\Debug\DMASDSPITest.a(USBUART_1_episr.o)
                0x000039e4                USBUART_1_EP_3_ISR
 .text.USBUART_1_SOF_ISR
                0x00003a40        0xc .\CortexM3\ARM_GCC_493\Debug\DMASDSPITest.a(USBUART_1_episr.o)
                0x00003a40                USBUART_1_SOF_ISR
 .text.USBUART_1_BUS_RESET_ISR
                0x00003a4c        0xc .\CortexM3\ARM_GCC_493\Debug\DMASDSPITest.a(USBUART_1_episr.o)
                0x00003a4c                USBUART_1_BUS_RESET_ISR
 .text.USBUART_1_DP_ISR
                0x00003a58        0xc .\CortexM3\ARM_GCC_493\Debug\DMASDSPITest.a(USBUART_1_pm.o)
                0x00003a58                USBUART_1_DP_ISR
 .text.USBUART_1_HandleStandardRqst
                0x00003a64      0x47c .\CortexM3\ARM_GCC_493\Debug\DMASDSPITest.a(USBUART_1_std.o)
                0x00003a64                USBUART_1_HandleStandardRqst
 .text.USBUART_1_ReadDieID
                0x00003ee0       0xd4 .\CortexM3\ARM_GCC_493\Debug\DMASDSPITest.a(USBUART_1_std.o)
                0x00003ee0                USBUART_1_ReadDieID
 .text.USBUART_1_ConfigReg
                0x00003fb4      0x11c .\CortexM3\ARM_GCC_493\Debug\DMASDSPITest.a(USBUART_1_std.o)
                0x00003fb4                USBUART_1_ConfigReg
 .text.USBUART_1_Config
                0x000040d0      0x3a4 .\CortexM3\ARM_GCC_493\Debug\DMASDSPITest.a(USBUART_1_std.o)
                0x000040d0                USBUART_1_Config
 .text.USBUART_1_ConfigAltChanged
                0x00004474      0x23c .\CortexM3\ARM_GCC_493\Debug\DMASDSPITest.a(USBUART_1_std.o)
                0x00004474                USBUART_1_ConfigAltChanged
 .text.USBUART_1_GetConfigTablePtr
                0x000046b0       0x54 .\CortexM3\ARM_GCC_493\Debug\DMASDSPITest.a(USBUART_1_std.o)
                0x000046b0                USBUART_1_GetConfigTablePtr
 .text.USBUART_1_GetDeviceTablePtr
                0x00004704       0x24 .\CortexM3\ARM_GCC_493\Debug\DMASDSPITest.a(USBUART_1_std.o)
                0x00004704                USBUART_1_GetDeviceTablePtr
 .text.USBUART_1_GetInterfaceClassTablePtr
                0x00004728       0x4c .\CortexM3\ARM_GCC_493\Debug\DMASDSPITest.a(USBUART_1_std.o)
                0x00004728                USBUART_1_GetInterfaceClassTablePtr
 .text.USBUART_1_SetEndpointHalt
                0x00004774       0xdc .\CortexM3\ARM_GCC_493\Debug\DMASDSPITest.a(USBUART_1_std.o)
                0x00004774                USBUART_1_SetEndpointHalt
 .text.USBUART_1_ClearEndpointHalt
                0x00004850      0x130 .\CortexM3\ARM_GCC_493\Debug\DMASDSPITest.a(USBUART_1_std.o)
                0x00004850                USBUART_1_ClearEndpointHalt
 .text.USBUART_1_ValidateAlternateSetting
                0x00004980       0x70 .\CortexM3\ARM_GCC_493\Debug\DMASDSPITest.a(USBUART_1_std.o)
                0x00004980                USBUART_1_ValidateAlternateSetting
 .text.USBUART_1_HandleVendorRqst
                0x000049f0       0x38 .\CortexM3\ARM_GCC_493\Debug\DMASDSPITest.a(USBUART_1_vnd.o)
                0x000049f0                USBUART_1_HandleVendorRqst
 .text.USBUART_1_Dp_ClearInterrupt
                0x00004a28       0x20 .\CortexM3\ARM_GCC_493\Debug\DMASDSPITest.a(USBUART_1_Dp.o)
                0x00004a28                USBUART_1_Dp_ClearInterrupt
 .text.USBUART_1_DispatchClassRqst
                0x00004a48       0x7c .\CortexM3\ARM_GCC_493\Debug\DMASDSPITest.a(USBUART_1_cls.o)
                0x00004a48                USBUART_1_DispatchClassRqst
 .text.ld_word  0x00004ac4        0xc .\DMASDSPI\Library\libfatfsd.a(ff.o)
 .text.ld_dword
                0x00004ad0       0x18 .\DMASDSPI\Library\libfatfsd.a(ff.o)
 .text.st_word  0x00004ae8        0x8 .\DMASDSPI\Library\libfatfsd.a(ff.o)
 .text.st_dword
                0x00004af0       0x14 .\DMASDSPI\Library\libfatfsd.a(ff.o)
 .text.mem_cpy  0x00004b04       0x14 .\DMASDSPI\Library\libfatfsd.a(ff.o)
 .text.mem_set  0x00004b18        0xc .\DMASDSPI\Library\libfatfsd.a(ff.o)
 .text.mem_cmp  0x00004b24       0x20 .\DMASDSPI\Library\libfatfsd.a(ff.o)
 .text.chk_chr  0x00004b44       0x10 .\DMASDSPI\Library\libfatfsd.a(ff.o)
 .text.clust2sect
                0x00004b54       0x18 .\DMASDSPI\Library\libfatfsd.a(ff.o)
 .text.ld_clust
                0x00004b6c       0x24 .\DMASDSPI\Library\libfatfsd.a(ff.o)
 .text.st_clust
                0x00004b90       0x24 .\DMASDSPI\Library\libfatfsd.a(ff.o)
 .text.create_name
                0x00004bb4      0x110 .\DMASDSPI\Library\libfatfsd.a(ff.o)
 .text.get_ldnumber
                0x00004cc4       0x58 .\DMASDSPI\Library\libfatfsd.a(ff.o)
 .text.validate
                0x00004d1c       0x34 .\DMASDSPI\Library\libfatfsd.a(ff.o)
 .text.sync_window
                0x00004d50       0x54 .\DMASDSPI\Library\libfatfsd.a(ff.o)
 .text.move_window
                0x00004da4       0x34 .\DMASDSPI\Library\libfatfsd.a(ff.o)
 .text.check_fs
                0x00004dd8       0x7c .\DMASDSPI\Library\libfatfsd.a(ff.o)
 .text.find_volume
                0x00004e54      0x2d0 .\DMASDSPI\Library\libfatfsd.a(ff.o)
 .text.put_fat  0x00005124      0x10c .\DMASDSPI\Library\libfatfsd.a(ff.o)
 .text.get_fat  0x00005230       0xd0 .\DMASDSPI\Library\libfatfsd.a(ff.o)
 .text.dir_sdi  0x00005300       0xb0 .\DMASDSPI\Library\libfatfsd.a(ff.o)
 .text.create_chain
                0x000053b0       0xcc .\DMASDSPI\Library\libfatfsd.a(ff.o)
 .text.remove_chain
                0x0000547c       0x7c .\DMASDSPI\Library\libfatfsd.a(ff.o)
 .text.dir_next
                0x000054f8      0x128 .\DMASDSPI\Library\libfatfsd.a(ff.o)
 .text.dir_find
                0x00005620       0x54 .\DMASDSPI\Library\libfatfsd.a(ff.o)
 .text.follow_path
                0x00005674       0x8c .\DMASDSPI\Library\libfatfsd.a(ff.o)
 .text.dir_alloc
                0x00005700       0x4c .\DMASDSPI\Library\libfatfsd.a(ff.o)
 .text.dir_register
                0x0000574c       0x3c .\DMASDSPI\Library\libfatfsd.a(ff.o)
 .text.sync_fs  0x00005788       0x8c .\DMASDSPI\Library\libfatfsd.a(ff.o)
 .text.f_mount  0x00005814       0x58 .\DMASDSPI\Library\libfatfsd.a(ff.o)
                0x00005814                f_mount
 .text.f_open   0x0000586c      0x1dc .\DMASDSPI\Library\libfatfsd.a(ff.o)
                0x0000586c                f_open
 .text.f_read   0x00005a48      0x178 .\DMASDSPI\Library\libfatfsd.a(ff.o)
                0x00005a48                f_read
 .text.f_write  0x00005bc0      0x1b0 .\DMASDSPI\Library\libfatfsd.a(ff.o)
                0x00005bc0                f_write
 .text.f_sync   0x00005d70       0x9c .\DMASDSPI\Library\libfatfsd.a(ff.o)
                0x00005d70                f_sync
 .text.f_close  0x00005e0c       0x24 .\DMASDSPI\Library\libfatfsd.a(ff.o)
                0x00005e0c                f_close
 .text.xchg_spi
                0x00005e30       0x10 .\DMASDSPI\Library\libfatfsd.a(diskio.o)
 .text.rcvr_spi_multi
                0x00005e40       0x10 .\DMASDSPI\Library\libfatfsd.a(diskio.o)
 .text.xmit_spi_multi
                0x00005e50       0x10 .\DMASDSPI\Library\libfatfsd.a(diskio.o)
 .text.wait_ready
                0x00005e60       0x28 .\DMASDSPI\Library\libfatfsd.a(diskio.o)
 .text.deselect
                0x00005e88       0x14 .\DMASDSPI\Library\libfatfsd.a(diskio.o)
 .text.select   0x00005e9c       0x2c .\DMASDSPI\Library\libfatfsd.a(diskio.o)
 .text.rcvr_datablock
                0x00005ec8       0x44 .\DMASDSPI\Library\libfatfsd.a(diskio.o)
 .text.xmit_datablock
                0x00005f0c       0x50 .\DMASDSPI\Library\libfatfsd.a(diskio.o)
 .text.send_cmd
                0x00005f5c       0x88 .\DMASDSPI\Library\libfatfsd.a(diskio.o)
 .text.disk_attach_spifuncs
                0x00005fe4       0x2c .\DMASDSPI\Library\libfatfsd.a(diskio.o)
                0x00005fe4                disk_attach_spifuncs
 .text.FCLK_SLOW
                0x00006010       0x10 .\DMASDSPI\Library\libfatfsd.a(diskio.o)
                0x00006010                FCLK_SLOW
 .text.init_spi
                0x00006020       0x28 .\DMASDSPI\Library\libfatfsd.a(diskio.o)
 .text.FCLK_FAST
                0x00006048       0x10 .\DMASDSPI\Library\libfatfsd.a(diskio.o)
                0x00006048                FCLK_FAST
 .text.disk_initialize
                0x00006058      0x160 .\DMASDSPI\Library\libfatfsd.a(diskio.o)
                0x00006058                disk_initialize
 .text.disk_status
                0x000061b8       0x14 .\DMASDSPI\Library\libfatfsd.a(diskio.o)
                0x000061b8                disk_status
 .text.disk_read
                0x000061cc       0x88 .\DMASDSPI\Library\libfatfsd.a(diskio.o)
                0x000061cc                disk_read
 .text.disk_write
                0x00006254       0xac .\DMASDSPI\Library\libfatfsd.a(diskio.o)
                0x00006254                disk_write
 .text.disk_ioctl
                0x00006300      0x234 .\DMASDSPI\Library\libfatfsd.a(diskio.o)
                0x00006300                disk_ioctl
 .text.disk_timerproc
                0x00006534       0x28 .\DMASDSPI\Library\libfatfsd.a(diskio.o)
                0x00006534                disk_timerproc
 .text          0x0000655c      0x370 c:/program files (x86)/cypress/psoc creator/3.3/psoc creator/import/gnu/arm/4.9.3/bin/../lib/gcc/arm-none-eabi/4.9.3/armv7-m\libgcc.a(_arm_addsubdf3.o)
                0x0000655c                __aeabi_drsub
                0x00006564                __aeabi_dsub
                0x00006564                __subdf3
                0x00006568                __aeabi_dadd
                0x00006568                __adddf3
                0x000067e0                __floatunsidf
                0x000067e0                __aeabi_ui2d
                0x00006800                __floatsidf
                0x00006800                __aeabi_i2d
                0x00006824                __aeabi_f2d
                0x00006824                __extendsfdf2
                0x00006860                __floatundidf
                0x00006860                __aeabi_ul2d
                0x00006870                __floatdidf
                0x00006870                __aeabi_l2d
 .text          0x000068cc      0x424 c:/program files (x86)/cypress/psoc creator/3.3/psoc creator/import/gnu/arm/4.9.3/bin/../lib/gcc/arm-none-eabi/4.9.3/armv7-m\libgcc.a(_arm_muldivdf3.o)
                0x000068cc                __aeabi_dmul
                0x000068cc                __muldf3
                0x00006b20                __divdf3
                0x00006b20                __aeabi_ddiv
 .text          0x00006cf0      0x110 c:/program files (x86)/cypress/psoc creator/3.3/psoc creator/import/gnu/arm/4.9.3/bin/../lib/gcc/arm-none-eabi/4.9.3/armv7-m\libgcc.a(_arm_cmpdf2.o)
                0x00006cf0                __gtdf2
                0x00006cf0                __gedf2
                0x00006cf8                __ltdf2
                0x00006cf8                __ledf2
                0x00006d00                __nedf2
                0x00006d00                __eqdf2
                0x00006d00                __cmpdf2
                0x00006d7c                __aeabi_cdrcmple
                0x00006d8c                __aeabi_cdcmpeq
                0x00006d8c                __aeabi_cdcmple
                0x00006d9c                __aeabi_dcmpeq
                0x00006db0                __aeabi_dcmplt
                0x00006dc4                __aeabi_dcmple
                0x00006dd8                __aeabi_dcmpge
                0x00006dec                __aeabi_dcmpgt
 .text.__errno  0x00006e00        0xc c:/program files (x86)/cypress/psoc creator/3.3/psoc creator/import/gnu/arm/4.9.3/bin/../lib/gcc/arm-none-eabi/4.9.3/../../../../arm-none-eabi/lib/armv7-m\libg_nano.a(lib_a-errno.o)
                0x00006e00                __errno
 .text.__libc_init_array
                0x00006e0c       0x4c c:/program files (x86)/cypress/psoc creator/3.3/psoc creator/import/gnu/arm/4.9.3/bin/../lib/gcc/arm-none-eabi/4.9.3/../../../../arm-none-eabi/lib/armv7-m\libg_nano.a(lib_a-init.o)
                0x00006e0c                __libc_init_array
 .text.memcpy   0x00006e58       0x16 c:/program files (x86)/cypress/psoc creator/3.3/psoc creator/import/gnu/arm/4.9.3/bin/../lib/gcc/arm-none-eabi/4.9.3/../../../../arm-none-eabi/lib/armv7-m\libg_nano.a(lib_a-memcpy.o)
                0x00006e58                memcpy
 .text.memset   0x00006e6e       0x10 c:/program files (x86)/cypress/psoc creator/3.3/psoc creator/import/gnu/arm/4.9.3/bin/../lib/gcc/arm-none-eabi/4.9.3/../../../../arm-none-eabi/lib/armv7-m\libg_nano.a(lib_a-memset.o)
                0x00006e6e                memset
 *fill*         0x00006e7e        0x2 
 .text.sprintf  0x00006e80       0x48 c:/program files (x86)/cypress/psoc creator/3.3/psoc creator/import/gnu/arm/4.9.3/bin/../lib/gcc/arm-none-eabi/4.9.3/../../../../arm-none-eabi/lib/armv7-m\libg_nano.a(lib_a-sprintf.o)
                0x00006e80                siprintf
                0x00006e80                sprintf
 .text.__ssputs_r
                0x00006ec8       0xb2 c:/program files (x86)/cypress/psoc creator/3.3/psoc creator/import/gnu/arm/4.9.3/bin/../lib/gcc/arm-none-eabi/4.9.3/../../../../arm-none-eabi/lib/armv7-m\libg_nano.a(lib_a-nano-svfprintf.o)
                0x00006ec8                __ssputs_r
 *fill*         0x00006f7a        0x2 
 .text._svfprintf_r
                0x00006f7c      0x1e4 c:/program files (x86)/cypress/psoc creator/3.3/psoc creator/import/gnu/arm/4.9.3/bin/../lib/gcc/arm-none-eabi/4.9.3/../../../../arm-none-eabi/lib/armv7-m\libg_nano.a(lib_a-nano-svfprintf.o)
                0x00006f7c                _svfiprintf_r
                0x00006f7c                _svfprintf_r
 .text._printf_common
                0x00007160       0xea c:/program files (x86)/cypress/psoc creator/3.3/psoc creator/import/gnu/arm/4.9.3/bin/../lib/gcc/arm-none-eabi/4.9.3/../../../../arm-none-eabi/lib/armv7-m\libg_nano.a(lib_a-nano-vfprintf_i.o)
                0x00007160                _printf_common
 *fill*         0x0000724a        0x2 
 .text._printf_i
                0x0000724c      0x240 c:/program files (x86)/cypress/psoc creator/3.3/psoc creator/import/gnu/arm/4.9.3/bin/../lib/gcc/arm-none-eabi/4.9.3/../../../../arm-none-eabi/lib/armv7-m\libg_nano.a(lib_a-nano-vfprintf_i.o)
                0x0000724c                _printf_i
 .text.memchr   0x0000748c       0x1c c:/program files (x86)/cypress/psoc creator/3.3/psoc creator/import/gnu/arm/4.9.3/bin/../lib/gcc/arm-none-eabi/4.9.3/../../../../arm-none-eabi/lib/armv7-m\libg_nano.a(lib_a-memchr.o)
                0x0000748c                memchr
 .text.memmove  0x000074a8       0x36 c:/program files (x86)/cypress/psoc creator/3.3/psoc creator/import/gnu/arm/4.9.3/bin/../lib/gcc/arm-none-eabi/4.9.3/../../../../arm-none-eabi/lib/armv7-m\libg_nano.a(lib_a-memmove.o)
                0x000074a8                memmove
 *fill*         0x000074de        0x2 
 .text._free_r  0x000074e0       0x88 c:/program files (x86)/cypress/psoc creator/3.3/psoc creator/import/gnu/arm/4.9.3/bin/../lib/gcc/arm-none-eabi/4.9.3/../../../../arm-none-eabi/lib/armv7-m\libg_nano.a(lib_a-nano-freer.o)
                0x000074e0                _free_r
 .text._malloc_r
                0x00007568       0xac c:/program files (x86)/cypress/psoc creator/3.3/psoc creator/import/gnu/arm/4.9.3/bin/../lib/gcc/arm-none-eabi/4.9.3/../../../../arm-none-eabi/lib/armv7-m\libg_nano.a(lib_a-nano-mallocr.o)
                0x00007568                _malloc_r
 .text._realloc_r
                0x00007614       0x4c c:/program files (x86)/cypress/psoc creator/3.3/psoc creator/import/gnu/arm/4.9.3/bin/../lib/gcc/arm-none-eabi/4.9.3/../../../../arm-none-eabi/lib/armv7-m\libg_nano.a(lib_a-nano-reallocr.o)
                0x00007614                _realloc_r
 .text._sbrk_r  0x00007660       0x20 c:/program files (x86)/cypress/psoc creator/3.3/psoc creator/import/gnu/arm/4.9.3/bin/../lib/gcc/arm-none-eabi/4.9.3/../../../../arm-none-eabi/lib/armv7-m\libg_nano.a(lib_a-sbrkr.o)
                0x00007660                _sbrk_r
 .text._malloc_usable_size_r
                0x00007680       0x14 c:/program files (x86)/cypress/psoc creator/3.3/psoc creator/import/gnu/arm/4.9.3/bin/../lib/gcc/arm-none-eabi/4.9.3/../../../../arm-none-eabi/lib/armv7-m\libg_nano.a(lib_a-nano-msizer.o)
                0x00007680                _malloc_usable_size_r
 *(.plt)
 *(.gnu.warning)
 *(.glue_7t)
 .glue_7t       0x00000000        0x0 linker stubs
 *(.glue_7)
 .glue_7        0x00000000        0x0 linker stubs
 *(.vfp11_veneer)
 .vfp11_veneer  0x00000000        0x0 linker stubs
 *(.bootloader)
 *(.ARM.extab* .gnu.linkonce.armextab.*)
 *(.gcc_except_table)

.v4_bx          0x00007694        0x0
 .v4_bx         0x00000000        0x0 linker stubs

.iplt           0x00007694        0x0
 .iplt          0x00000000        0x0 c:/program files (x86)/cypress/psoc creator/3.3/psoc creator/import/gnu/arm/4.9.3/bin/../lib/gcc/arm-none-eabi/4.9.3/armv7-m/crtbegin.o

.eh_frame_hdr
 *(.eh_frame_hdr)

.eh_frame       0x00007694        0x4
 *(.eh_frame)
 .eh_frame      0x00007694        0x0 c:/program files (x86)/cypress/psoc creator/3.3/psoc creator/import/gnu/arm/4.9.3/bin/../lib/gcc/arm-none-eabi/4.9.3/armv7-m/crtbegin.o
 .eh_frame      0x00007694        0x4 c:/program files (x86)/cypress/psoc creator/3.3/psoc creator/import/gnu/arm/4.9.3/bin/../lib/gcc/arm-none-eabi/4.9.3/armv7-m/crtend.o
                0x00007698                PROVIDE (__exidx_start, .)

.ARM.exidx
 *(.ARM.exidx* .gnu.linkonce.armexidx.*)
                0x00007698                __exidx_end = .

.rodata         0x00007698      0x5f8
 *(.rodata .rodata.* .gnu.linkonce.r.*)
 .rodata        0x00007698      0x3c4 .\CortexM3\ARM_GCC_493\Debug\main.o
 .rodata        0x00007a5c       0x44 .\CortexM3\ARM_GCC_493\Debug\DMASDSPITest.a(cyfitter_cfg.o)
 .rodata        0x00007aa0       0x14 .\CortexM3\ARM_GCC_493\Debug\DMASDSPITest.a(USBUART_1_std.o)
 .rodata        0x00007ab4      0x160 .\CortexM3\ARM_GCC_493\Debug\DMASDSPITest.a(USBUART_1_descr.o)
                0x00007ab4                USBUART_1_DEVICE0_DESCR
                0x00007ac8                USBUART_1_DEVICE0_CONFIGURATION0_DESCR
                0x00007b0c                USBUART_1_STRING_DESCRIPTORS
                0x00007bac                USBUART_1_SN_STRING_DESCRIPTOR
                0x00007bb0                USBUART_1_DEVICE0_CONFIGURATION0_EP_SETTINGS_TABLE
                0x00007bc8                USBUART_1_DEVICE0_CONFIGURATION0_INTERFACE_CLASS
                0x00007bcc                USBUART_1_DEVICE0_CONFIGURATION0_TABLE
                0x00007bf4                USBUART_1_DEVICE0_TABLE
                0x00007c0c                USBUART_1_TABLE
 .rodata.str1.4
                0x00007c14       0x10 .\DMASDSPI\Library\libfatfsd.a(ff.o)
 .rodata.str1.1
                0x00007c24        0x2 c:/program files (x86)/cypress/psoc creator/3.3/psoc creator/import/gnu/arm/4.9.3/bin/../lib/gcc/arm-none-eabi/4.9.3/../../../../arm-none-eabi/lib/armv7-m\libg_nano.a(lib_a-impure.o)
 .rodata.str1.1
                0x00007c26       0x11 c:/program files (x86)/cypress/psoc creator/3.3/psoc creator/import/gnu/arm/4.9.3/bin/../lib/gcc/arm-none-eabi/4.9.3/../../../../arm-none-eabi/lib/armv7-m\libg_nano.a(lib_a-nano-svfprintf.o)
 .rodata.str1.1
                0x00007c37       0x22 c:/program files (x86)/cypress/psoc creator/3.3/psoc creator/import/gnu/arm/4.9.3/bin/../lib/gcc/arm-none-eabi/4.9.3/../../../../arm-none-eabi/lib/armv7-m\libg_nano.a(lib_a-nano-vfprintf_i.o)
                0x00007c5c                . = ALIGN (0x4)
 *fill*         0x00007c59        0x3 
 *(.init)
 .init          0x00007c5c        0x4 c:/program files (x86)/cypress/psoc creator/3.3/psoc creator/import/gnu/arm/4.9.3/bin/../lib/gcc/arm-none-eabi/4.9.3/armv7-m/crti.o
                0x00007c5c                _init
 .init          0x00007c60        0x8 c:/program files (x86)/cypress/psoc creator/3.3/psoc creator/import/gnu/arm/4.9.3/bin/../lib/gcc/arm-none-eabi/4.9.3/armv7-m/crtn.o
                0x00007c68                . = ALIGN (0x4)
                0x00007c68                __preinit_array_start = .
 *(.preinit_array)
                0x00007c68                __preinit_array_end = .
                0x00007c68                . = ALIGN (0x4)
                0x00007c68                __init_array_start = .
 *(SORT(.init_array.*))
 *(.init_array)
 .init_array    0x00007c68        0x4 c:/program files (x86)/cypress/psoc creator/3.3/psoc creator/import/gnu/arm/4.9.3/bin/../lib/gcc/arm-none-eabi/4.9.3/armv7-m/crtbegin.o
 .init_array    0x00007c6c        0x4 .\CortexM3\ARM_GCC_493\Debug\Cm3Start.o
                0x00007c70                __init_array_end = .
                0x00007c70                . = ALIGN (0x4)
 *(.fini)
 .fini          0x00007c70        0x4 c:/program files (x86)/cypress/psoc creator/3.3/psoc creator/import/gnu/arm/4.9.3/bin/../lib/gcc/arm-none-eabi/4.9.3/armv7-m/crti.o
                0x00007c70                _fini
 .fini          0x00007c74        0x8 c:/program files (x86)/cypress/psoc creator/3.3/psoc creator/import/gnu/arm/4.9.3/bin/../lib/gcc/arm-none-eabi/4.9.3/armv7-m/crtn.o
                0x00007c7c                . = ALIGN (0x4)
                0x00007c7c                __fini_array_start = .
 *(.fini_array)
 .fini_array    0x00007c7c        0x4 c:/program files (x86)/cypress/psoc creator/3.3/psoc creator/import/gnu/arm/4.9.3/bin/../lib/gcc/arm-none-eabi/4.9.3/armv7-m/crtbegin.o
 *(SORT(.fini_array.*))
                0x00007c80                __fini_array_end = .
                0x00007c80                . = ALIGN (0x4)
 *crtbegin.o(.ctors)
 *(EXCLUDE_FILE(*crtend.o) .ctors)
 *(SORT(.ctors.*))
 *crtend.o(.ctors)
                0x00007c80                . = ALIGN (0x4)
 *crtbegin.o(.dtors)
 *(EXCLUDE_FILE(*crtend.o) .dtors)
 *(SORT(.dtors.*))
 *crtend.o(.dtors)
                0x00007c80                . = ALIGN (0x4)
                0x00007c80                __cy_regions = .
                0x00007c80        0x4 LONG 0x7c90 __cy_region_init_ram
                0x00007c84        0x4 LONG 0x1fff8108 __cy_region_start_data
                0x00007c88        0x4 LONG 0xb0 __cy_region_init_size_ram
                0x00007c8c        0x4 LONG 0x378 __cy_region_zero_size_ram
                0x00007c90                __cy_regions_end = .
                0x00007c90                . = ALIGN (0x8)
                0x00007c90                _etext = .

.cy_checksum_exclude
                0x00007c90        0x0
 *(.cy_checksum_exclude)

.ramvectors     0x1fff8000      0x100
                0x1fff8000                __cy_region_start_ram = .
 *(.ramvectors)
 .ramvectors    0x1fff8000      0x100 .\CortexM3\ARM_GCC_493\Debug\Cm3Start.o
                0x1fff8000                CyRamVectors

.noinit         0x1fff8100        0x5
 *(.noinit)
 .noinit        0x1fff8100        0x4 .\CortexM3\ARM_GCC_493\Debug\Cm3Start.o
 .noinit        0x1fff8104        0x1 .\CortexM3\ARM_GCC_493\Debug\DMASDSPITest.a(CyLib.o)
                0x1fff8104                CyResetStatus

.data           0x1fff8108       0xb0 load address 0x00007c90
                0x1fff8108                __cy_region_start_data = .
 *(.jcr)
 .jcr           0x1fff8108        0x0 c:/program files (x86)/cypress/psoc creator/3.3/psoc creator/import/gnu/arm/4.9.3/bin/../lib/gcc/arm-none-eabi/4.9.3/armv7-m/crtbegin.o
 .jcr           0x1fff8108        0x4 c:/program files (x86)/cypress/psoc creator/3.3/psoc creator/import/gnu/arm/4.9.3/bin/../lib/gcc/arm-none-eabi/4.9.3/armv7-m/crtend.o
 *(.got.plt)
 *(.got)
 *(.shdata)
 *(.data .data.* .gnu.linkonce.d.*)
 .data          0x1fff810c        0x4 .\CortexM3\ARM_GCC_493\Debug\Cm3Start.o
 .data          0x1fff8110        0x8 .\CortexM3\ARM_GCC_493\Debug\DMASDSPITest.a(CyDmac.o)
 .data          0x1fff8118       0x10 .\CortexM3\ARM_GCC_493\Debug\DMASDSPITest.a(CyLib.o)
                0x1fff8118                cydelay_freq_hz
                0x1fff811c                cydelay_freq_khz
                0x1fff8120                cydelay_freq_mhz
                0x1fff8124                cydelay_32k_ms
 .data          0x1fff8128        0x4 .\CortexM3\ARM_GCC_493\Debug\DMASDSPITest.a(SDSPI_api.o)
 .data          0x1fff812c        0x1 .\CortexM3\ARM_GCC_493\Debug\DMASDSPITest.a(SDSPI_TX_dma.o)
                0x1fff812c                SDSPI_TX_DmaHandle
 .data          0x1fff812d        0x1 .\CortexM3\ARM_GCC_493\Debug\DMASDSPITest.a(SDSPI_RX_dma.o)
                0x1fff812d                SDSPI_RX_DmaHandle
 *fill*         0x1fff812e        0x2 
 .data          0x1fff8130       0x1c .\CortexM3\ARM_GCC_493\Debug\DMASDSPITest.a(USBUART_1_cdc.o)
                0x1fff8130                USBUART_1_linesCoding
 .data          0x1fff814c        0x1 .\DMASDSPI\Library\libfatfsd.a(diskio.o)
 *fill*         0x1fff814d        0x3 
 .data.impure_data
                0x1fff8150       0x60 c:/program files (x86)/cypress/psoc creator/3.3/psoc creator/import/gnu/arm/4.9.3/bin/../lib/gcc/arm-none-eabi/4.9.3/../../../../arm-none-eabi/lib/armv7-m\libg_nano.a(lib_a-impure.o)
 .data._impure_ptr
                0x1fff81b0        0x4 c:/program files (x86)/cypress/psoc creator/3.3/psoc creator/import/gnu/arm/4.9.3/bin/../lib/gcc/arm-none-eabi/4.9.3/../../../../arm-none-eabi/lib/armv7-m\libg_nano.a(lib_a-impure.o)
                0x1fff81b0                _impure_ptr
                0x1fff81b8                . = ALIGN (0x8)
 *fill*         0x1fff81b4        0x4 
 *(.ram)
                0x1fff81b8                _edata = .

.igot.plt       0x1fff81b8        0x0 load address 0x00007d40
 .igot.plt      0x00000000        0x0 c:/program files (x86)/cypress/psoc creator/3.3/psoc creator/import/gnu/arm/4.9.3/bin/../lib/gcc/arm-none-eabi/4.9.3/armv7-m/crtbegin.o

.bss            0x1fff81b8      0x378 load address 0x00007d40
                0x1fff81b8                PROVIDE (__bss_start__, .)
 *(.shbss)
 *(.bss .bss.* .gnu.linkonce.b.*)
 .bss           0x1fff81b8       0x1c c:/program files (x86)/cypress/psoc creator/3.3/psoc creator/import/gnu/arm/4.9.3/bin/../lib/gcc/arm-none-eabi/4.9.3/armv7-m/crtbegin.o
 .bss           0x1fff81d4        0x4 .\CortexM3\ARM_GCC_493\Debug\main.o
                0x1fff81d4                nmillis
 .bss           0x1fff81d8        0xc .\CortexM3\ARM_GCC_493\Debug\DMASDSPITest.a(SDSPI_api.o)
 .bss           0x1fff81e4        0x1 .\CortexM3\ARM_GCC_493\Debug\DMASDSPITest.a(SDSPI_SPIMaster.o)
                0x1fff81e4                SDSPI_SPIMaster_initVar
 .bss           0x1fff81e5        0x1 .\CortexM3\ARM_GCC_493\Debug\DMASDSPITest.a(USBUART_1.o)
                0x1fff81e5                USBUART_1_initVar
 .bss           0x1fff81e6        0x1 .\CortexM3\ARM_GCC_493\Debug\DMASDSPITest.a(USBUART_1_cdc.o)
 *fill*         0x1fff81e7        0x1 
 .bss           0x1fff81e8        0x4 .\CortexM3\ARM_GCC_493\Debug\DMASDSPITest.a(USBUART_1_std.o)
 .bss           0x1fff81ec        0x8 .\DMASDSPI\Library\libfatfsd.a(ff.o)
 .bss           0x1fff81f4        0xc .\DMASDSPI\Library\libfatfsd.a(diskio.o)
 .bss.__malloc_sbrk_start
                0x1fff8200        0x4 c:/program files (x86)/cypress/psoc creator/3.3/psoc creator/import/gnu/arm/4.9.3/bin/../lib/gcc/arm-none-eabi/4.9.3/../../../../arm-none-eabi/lib/armv7-m\libg_nano.a(lib_a-nano-mallocr.o)
                0x1fff8200                __malloc_sbrk_start
 .bss.__malloc_free_list
                0x1fff8204        0x4 c:/program files (x86)/cypress/psoc creator/3.3/psoc creator/import/gnu/arm/4.9.3/bin/../lib/gcc/arm-none-eabi/4.9.3/../../../../arm-none-eabi/lib/armv7-m\libg_nano.a(lib_a-nano-mallocr.o)
                0x1fff8204                __malloc_free_list
 *(COMMON)
 COMMON         0x1fff8208      0x228 .\CortexM3\ARM_GCC_493\Debug\main.o
                0x1fff8208                File
 COMMON         0x1fff8430       0x18 .\CortexM3\ARM_GCC_493\Debug\DMASDSPITest.a(USBUART_1_cdc.o)
                0x1fff8430                USBUART_1_cdcDataInEp
                0x1fff8434                USBUART_1_cdcDataOutEp
                0x1fff8438                USBUART_1_cdcCommInInterruptEp
                0x1fff843c                USBUART_1_serialStateBitmap
                0x1fff8440                USBUART_1_linesChanged
                0x1fff8444                USBUART_1_linesControlBitmap
 COMMON         0x1fff8448       0x97 .\CortexM3\ARM_GCC_493\Debug\DMASDSPITest.a(USBUART_1_drv.o)
                0x1fff8448                USBUART_1_interfaceSettingLast
                0x1fff844a                USBUART_1_ep0Mode
                0x1fff844b                USBUART_1_lastPacketSize
                0x1fff844c                USBUART_1_configurationChanged
                0x1fff844d                USBUART_1_configuration
                0x1fff844e                USBUART_1_interfaceNumber
                0x1fff844f                USBUART_1_deviceStatus
                0x1fff8450                USBUART_1_ep0Toggle
                0x1fff8454                USBUART_1_interfaceClass
                0x1fff8458                USBUART_1_interfaceSetting
                0x1fff845c                USBUART_1_currentTD
                0x1fff8468                USBUART_1_ep0Count
                0x1fff846c                USBUART_1_EP
                0x1fff84d8                USBUART_1_transferByteCount
                0x1fff84da                USBUART_1_transferState
                0x1fff84db                USBUART_1_device
                0x1fff84dc                USBUART_1_interfaceStatus
                0x1fff84de                USBUART_1_deviceAddress
 *fill*         0x1fff84df        0x1 
 COMMON         0x1fff84e0       0x22 .\CortexM3\ARM_GCC_493\Debug\DMASDSPITest.a(USBUART_1_descr.o)
                0x1fff84e0                USBUART_1_idSerialNumberStringDescriptor
 *fill*         0x1fff8502        0x2 
 COMMON         0x1fff8504       0x28 .\DMASDSPI\Library\libfatfsd.a(diskio.o)
                0x1fff8504                SpiFuncs
 COMMON         0x1fff852c        0x4 c:/program files (x86)/cypress/psoc creator/3.3/psoc creator/import/gnu/arm/4.9.3/bin/../lib/gcc/arm-none-eabi/4.9.3/../../../../arm-none-eabi/lib/armv7-m\libg_nano.a(lib_a-reent.o)
                0x1fff852c                errno
                0x1fff8530                . = ALIGN (0x8)
 *(.ram.b)
                0x1fff8530                _end = .
                0x1fff8530                __end = .
                0x1fff8530                PROVIDE (end, .)
                0x1fff8530                PROVIDE (__bss_end__, .)
                0x00007c90                __cy_region_init_ram = LOADADDR (.data)
                0x000000b0                __cy_region_init_size_ram = (_edata - ADDR (.data))
                0x00000378                __cy_region_zero_size_ram = (_end - _edata)

.heap           0x1fff8530       0x80 load address 0x00007d40
                0x1fff8530                . = _end
                0x1fff85b0                . = (. + 0x80)
 *fill*         0x1fff8530       0x80 
                0x1fff85b0                __cy_heap_limit = .

.stack          0x20007800      0x800
                0x20007800                __cy_stack_limit = .
                0x20008000                . = (. + 0x800)
 *fill*         0x20007800      0x800 
                0x00000001                ASSERT ((__cy_stack_limit >= __cy_heap_limit), region RAM overflowed with stack)
                0x00000000                cy_checksum_exclude_size = (CY_APPL_LOADABLE == 0x1)?SIZEOF (.cy_checksum_exclude):0x0
                0x00000001                ASSERT ((cy_checksum_exclude_size <= CY_CHECKSUM_EXCLUDE_SIZE), CY_BOOT: Section .cy_checksum_exclude size exceedes specified limit.)

.cyloadermeta
 *(.cyloadermeta)

.cyloadablemeta
 *(.cyloadablemeta)

.cyconfigecc    0x80000000      0x364
 *(.cyconfigecc)
 .cyconfigecc   0x80000000      0x364 .\CortexM3\ARM_GCC_493\Debug\cymetadata.o
                0x80000000                cy_meta_configecc

.cycustnvl      0x90000000        0x4
 *(.cycustnvl)
 .cycustnvl     0x90000000        0x4 .\CortexM3\ARM_GCC_493\Debug\cymetadata.o
                0x90000000                cy_meta_custnvl

.cywolatch      0x90100000        0x4
 *(.cywolatch)
 .cywolatch     0x90100000        0x4 .\CortexM3\ARM_GCC_493\Debug\cymetadata.o
                0x90100000                cy_meta_wonvl

.cyeeprom       0x90200000        0x0
 *(.cyeeprom)
                0x00000001                ASSERT ((. <= ((0x90200000 + ee_offset) + ee_size)), .cyeeprom data will not fit in EEPROM)

.cyflashprotect
                0x90400000      0x100
 *(.cyflashprotect)
 .cyflashprotect
                0x90400000      0x100 .\CortexM3\ARM_GCC_493\Debug\cymetadata.o
                0x90400000                cy_meta_flashprotect

.cymeta         0x90500000        0xc
 *(.cymeta)
 .cymeta        0x90500000        0xc .\CortexM3\ARM_GCC_493\Debug\cymetadata.o
                0x90500000                cy_metadata

.rel.dyn        0x00007d40        0x0 load address 0x9050000c
 .rel.iplt      0x00000000        0x0 c:/program files (x86)/cypress/psoc creator/3.3/psoc creator/import/gnu/arm/4.9.3/bin/../lib/gcc/arm-none-eabi/4.9.3/armv7-m/crtbegin.o

.stab
 *(.stab)

.stabstr
 *(.stabstr)

.debug
 *(.debug)

.line
 *(.line)

.debug_srcinfo
 *(.debug_srcinfo)

.debug_sfnames
 *(.debug_sfnames)

.debug_aranges  0x00000000     0x1000
 *(.debug_aranges)
 .debug_aranges
                0x00000000       0x50 .\CortexM3\ARM_GCC_493\Debug\main.o
 .debug_aranges
                0x00000050       0x18 .\CortexM3\ARM_GCC_493\Debug\cymetadata.o
 .debug_aranges
                0x00000068       0x48 .\CortexM3\ARM_GCC_493\Debug\Cm3Start.o
 .debug_aranges
                0x000000b0       0x60 .\CortexM3\ARM_GCC_493\Debug\DMASDSPITest.a(cyfitter_cfg.o)
 .debug_aranges
                0x00000110       0x20 .\CortexM3\ARM_GCC_493\Debug\DMASDSPITest.a(CyBootAsmGnu.o)
 .debug_aranges
                0x00000130       0xd8 .\CortexM3\ARM_GCC_493\Debug\DMASDSPITest.a(CyDmac.o)
 .debug_aranges
                0x00000208      0x298 .\CortexM3\ARM_GCC_493\Debug\DMASDSPITest.a(CyLib.o)
 .debug_aranges
                0x000004a0       0x98 .\CortexM3\ARM_GCC_493\Debug\DMASDSPITest.a(cyPm.o)
 .debug_aranges
                0x00000538       0x78 .\CortexM3\ARM_GCC_493\Debug\DMASDSPITest.a(SDSPI_api.o)
 .debug_aranges
                0x000005b0       0x28 .\CortexM3\ARM_GCC_493\Debug\DMASDSPITest.a(SDSPI_TX_dma.o)
 .debug_aranges
                0x000005d8       0x28 .\CortexM3\ARM_GCC_493\Debug\DMASDSPITest.a(SDSPI_RX_dma.o)
 .debug_aranges
                0x00000600       0x80 .\CortexM3\ARM_GCC_493\Debug\DMASDSPITest.a(SDSPI_RX_DMA_IRQ.o)
 .debug_aranges
                0x00000680       0xd8 .\CortexM3\ARM_GCC_493\Debug\DMASDSPITest.a(SDSPI_SPIMaster.o)
 .debug_aranges
                0x00000758       0x70 .\CortexM3\ARM_GCC_493\Debug\DMASDSPITest.a(SD_CLK.o)
 .debug_aranges
                0x000007c8       0x28 .\CortexM3\ARM_GCC_493\Debug\DMASDSPITest.a(LEDControl.o)
 .debug_aranges
                0x000007f0       0x80 .\CortexM3\ARM_GCC_493\Debug\DMASDSPITest.a(MillisecISR.o)
 .debug_aranges
                0x00000870       0x28 .\CortexM3\ARM_GCC_493\Debug\DMASDSPITest.a(SDSPI_CSControl.o)
 .debug_aranges
                0x00000898       0xc8 .\CortexM3\ARM_GCC_493\Debug\DMASDSPITest.a(USBUART_1.o)
 .debug_aranges
                0x00000960       0xe8 .\CortexM3\ARM_GCC_493\Debug\DMASDSPITest.a(USBUART_1_cdc.o)
 .debug_aranges
                0x00000a48       0x98 .\CortexM3\ARM_GCC_493\Debug\DMASDSPITest.a(USBUART_1_drv.o)
 .debug_aranges
                0x00000ae0       0x40 .\CortexM3\ARM_GCC_493\Debug\DMASDSPITest.a(USBUART_1_episr.o)
 .debug_aranges
                0x00000b20       0x40 .\CortexM3\ARM_GCC_493\Debug\DMASDSPITest.a(USBUART_1_pm.o)
 .debug_aranges
                0x00000b60       0x80 .\CortexM3\ARM_GCC_493\Debug\DMASDSPITest.a(USBUART_1_std.o)
 .debug_aranges
                0x00000be0       0x20 .\CortexM3\ARM_GCC_493\Debug\DMASDSPITest.a(USBUART_1_vnd.o)
 .debug_aranges
                0x00000c00       0x48 .\CortexM3\ARM_GCC_493\Debug\DMASDSPITest.a(USBUART_1_Dp.o)
 .debug_aranges
                0x00000c48       0x80 .\CortexM3\ARM_GCC_493\Debug\DMASDSPITest.a(CyFlash.o)
 .debug_aranges
                0x00000cc8       0x78 .\CortexM3\ARM_GCC_493\Debug\DMASDSPITest.a(CySpc.o)
 .debug_aranges
                0x00000d40       0x20 .\CortexM3\ARM_GCC_493\Debug\DMASDSPITest.a(USBUART_1_cls.o)
 .debug_aranges
                0x00000d60       0x18 .\CortexM3\ARM_GCC_493\Debug\DMASDSPITest.a(USBUART_1_descr.o)
 .debug_aranges
                0x00000d78      0x1d0 .\DMASDSPI\Library\libfatfsd.a(ff.o)
 .debug_aranges
                0x00000f48       0xb8 .\DMASDSPI\Library\libfatfsd.a(diskio.o)

.debug_pubnames
 *(.debug_pubnames)

.debug_info     0x00000000     0xb892
 *(.debug_info .gnu.linkonce.wi.*)
 .debug_info    0x00000000     0x1033 .\CortexM3\ARM_GCC_493\Debug\main.o
 .debug_info    0x00001033      0x13b .\CortexM3\ARM_GCC_493\Debug\cymetadata.o
 .debug_info    0x0000116e      0x313 .\CortexM3\ARM_GCC_493\Debug\Cm3Start.o
 .debug_info    0x00001481      0x44b .\CortexM3\ARM_GCC_493\Debug\DMASDSPITest.a(cyfitter_cfg.o)
 .debug_info    0x000018cc       0x9d .\CortexM3\ARM_GCC_493\Debug\DMASDSPITest.a(CyBootAsmGnu.o)
 .debug_info    0x00001969      0x8b4 .\CortexM3\ARM_GCC_493\Debug\DMASDSPITest.a(CyDmac.o)
 .debug_info    0x0000221d      0xe34 .\CortexM3\ARM_GCC_493\Debug\DMASDSPITest.a(CyLib.o)
 .debug_info    0x00003051      0x561 .\CortexM3\ARM_GCC_493\Debug\DMASDSPITest.a(cyPm.o)
 .debug_info    0x000035b2      0x472 .\CortexM3\ARM_GCC_493\Debug\DMASDSPITest.a(SDSPI_api.o)
 .debug_info    0x00003a24      0x114 .\CortexM3\ARM_GCC_493\Debug\DMASDSPITest.a(SDSPI_TX_dma.o)
 .debug_info    0x00003b38      0x114 .\CortexM3\ARM_GCC_493\Debug\DMASDSPITest.a(SDSPI_RX_dma.o)
 .debug_info    0x00003c4c      0x23a .\CortexM3\ARM_GCC_493\Debug\DMASDSPITest.a(SDSPI_RX_DMA_IRQ.o)
 .debug_info    0x00003e86      0x3ed .\CortexM3\ARM_GCC_493\Debug\DMASDSPITest.a(SDSPI_SPIMaster.o)
 .debug_info    0x00004273      0x25d .\CortexM3\ARM_GCC_493\Debug\DMASDSPITest.a(SD_CLK.o)
 .debug_info    0x000044d0       0xd7 .\CortexM3\ARM_GCC_493\Debug\DMASDSPITest.a(LEDControl.o)
 .debug_info    0x000045a7      0x23a .\CortexM3\ARM_GCC_493\Debug\DMASDSPITest.a(MillisecISR.o)
 .debug_info    0x000047e1       0xd7 .\CortexM3\ARM_GCC_493\Debug\DMASDSPITest.a(SDSPI_CSControl.o)
 .debug_info    0x000048b8      0x70b .\CortexM3\ARM_GCC_493\Debug\DMASDSPITest.a(USBUART_1.o)
 .debug_info    0x00004fc3      0x903 .\CortexM3\ARM_GCC_493\Debug\DMASDSPITest.a(USBUART_1_cdc.o)
 .debug_info    0x000058c6      0x521 .\CortexM3\ARM_GCC_493\Debug\DMASDSPITest.a(USBUART_1_drv.o)
 .debug_info    0x00005de7      0x22f .\CortexM3\ARM_GCC_493\Debug\DMASDSPITest.a(USBUART_1_episr.o)
 .debug_info    0x00006016      0x186 .\CortexM3\ARM_GCC_493\Debug\DMASDSPITest.a(USBUART_1_pm.o)
 .debug_info    0x0000619c      0x940 .\CortexM3\ARM_GCC_493\Debug\DMASDSPITest.a(USBUART_1_std.o)
 .debug_info    0x00006adc       0xe8 .\CortexM3\ARM_GCC_493\Debug\DMASDSPITest.a(USBUART_1_vnd.o)
 .debug_info    0x00006bc4      0x171 .\CortexM3\ARM_GCC_493\Debug\DMASDSPITest.a(USBUART_1_Dp.o)
 .debug_info    0x00006d35      0x36a .\CortexM3\ARM_GCC_493\Debug\DMASDSPITest.a(CyFlash.o)
 .debug_info    0x0000709f      0x453 .\CortexM3\ARM_GCC_493\Debug\DMASDSPITest.a(CySpc.o)
 .debug_info    0x000074f2      0x1bc .\CortexM3\ARM_GCC_493\Debug\DMASDSPITest.a(USBUART_1_cls.o)
 .debug_info    0x000076ae      0x28d .\CortexM3\ARM_GCC_493\Debug\DMASDSPITest.a(USBUART_1_descr.o)
 .debug_info    0x0000793b     0x32a2 .\DMASDSPI\Library\libfatfsd.a(ff.o)
 .debug_info    0x0000abdd      0xcb5 .\DMASDSPI\Library\libfatfsd.a(diskio.o)

.debug_abbrev   0x00000000     0x26f7
 *(.debug_abbrev)
 .debug_abbrev  0x00000000      0x1ec .\CortexM3\ARM_GCC_493\Debug\main.o
 .debug_abbrev  0x000001ec       0x66 .\CortexM3\ARM_GCC_493\Debug\cymetadata.o
 .debug_abbrev  0x00000252      0x1a7 .\CortexM3\ARM_GCC_493\Debug\Cm3Start.o
 .debug_abbrev  0x000003f9      0x1b7 .\CortexM3\ARM_GCC_493\Debug\DMASDSPITest.a(cyfitter_cfg.o)
 .debug_abbrev  0x000005b0       0x14 .\CortexM3\ARM_GCC_493\Debug\DMASDSPITest.a(CyBootAsmGnu.o)
 .debug_abbrev  0x000005c4      0x194 .\CortexM3\ARM_GCC_493\Debug\DMASDSPITest.a(CyDmac.o)
 .debug_abbrev  0x00000758      0x217 .\CortexM3\ARM_GCC_493\Debug\DMASDSPITest.a(CyLib.o)
 .debug_abbrev  0x0000096f      0x161 .\CortexM3\ARM_GCC_493\Debug\DMASDSPITest.a(cyPm.o)
 .debug_abbrev  0x00000ad0      0x186 .\CortexM3\ARM_GCC_493\Debug\DMASDSPITest.a(SDSPI_api.o)
 .debug_abbrev  0x00000c56       0x8b .\CortexM3\ARM_GCC_493\Debug\DMASDSPITest.a(SDSPI_TX_dma.o)
 .debug_abbrev  0x00000ce1       0x8b .\CortexM3\ARM_GCC_493\Debug\DMASDSPITest.a(SDSPI_RX_dma.o)
 .debug_abbrev  0x00000d6c      0x172 .\CortexM3\ARM_GCC_493\Debug\DMASDSPITest.a(SDSPI_RX_DMA_IRQ.o)
 .debug_abbrev  0x00000ede      0x156 .\CortexM3\ARM_GCC_493\Debug\DMASDSPITest.a(SDSPI_SPIMaster.o)
 .debug_abbrev  0x00001034      0x11d .\CortexM3\ARM_GCC_493\Debug\DMASDSPITest.a(SD_CLK.o)
 .debug_abbrev  0x00001151       0x81 .\CortexM3\ARM_GCC_493\Debug\DMASDSPITest.a(LEDControl.o)
 .debug_abbrev  0x000011d2      0x172 .\CortexM3\ARM_GCC_493\Debug\DMASDSPITest.a(MillisecISR.o)
 .debug_abbrev  0x00001344       0x81 .\CortexM3\ARM_GCC_493\Debug\DMASDSPITest.a(SDSPI_CSControl.o)
 .debug_abbrev  0x000013c5      0x1f3 .\CortexM3\ARM_GCC_493\Debug\DMASDSPITest.a(USBUART_1.o)
 .debug_abbrev  0x000015b8      0x233 .\CortexM3\ARM_GCC_493\Debug\DMASDSPITest.a(USBUART_1_cdc.o)
 .debug_abbrev  0x000017eb      0x161 .\CortexM3\ARM_GCC_493\Debug\DMASDSPITest.a(USBUART_1_drv.o)
 .debug_abbrev  0x0000194c       0xfd .\CortexM3\ARM_GCC_493\Debug\DMASDSPITest.a(USBUART_1_episr.o)
 .debug_abbrev  0x00001a49       0xd1 .\CortexM3\ARM_GCC_493\Debug\DMASDSPITest.a(USBUART_1_pm.o)
 .debug_abbrev  0x00001b1a      0x1c2 .\CortexM3\ARM_GCC_493\Debug\DMASDSPITest.a(USBUART_1_std.o)
 .debug_abbrev  0x00001cdc       0x9b .\CortexM3\ARM_GCC_493\Debug\DMASDSPITest.a(USBUART_1_vnd.o)
 .debug_abbrev  0x00001d77       0x90 .\CortexM3\ARM_GCC_493\Debug\DMASDSPITest.a(USBUART_1_Dp.o)
 .debug_abbrev  0x00001e07      0x13c .\CortexM3\ARM_GCC_493\Debug\DMASDSPITest.a(CyFlash.o)
 .debug_abbrev  0x00001f43      0x16c .\CortexM3\ARM_GCC_493\Debug\DMASDSPITest.a(CySpc.o)
 .debug_abbrev  0x000020af       0xc5 .\CortexM3\ARM_GCC_493\Debug\DMASDSPITest.a(USBUART_1_cls.o)
 .debug_abbrev  0x00002174       0xb4 .\CortexM3\ARM_GCC_493\Debug\DMASDSPITest.a(USBUART_1_descr.o)
 .debug_abbrev  0x00002228      0x237 .\DMASDSPI\Library\libfatfsd.a(ff.o)
 .debug_abbrev  0x0000245f      0x298 .\DMASDSPI\Library\libfatfsd.a(diskio.o)

.debug_line     0x00000000     0x4e67
 *(.debug_line)
 .debug_line    0x00000000      0x6d2 .\CortexM3\ARM_GCC_493\Debug\main.o
 .debug_line    0x000006d2       0x53 .\CortexM3\ARM_GCC_493\Debug\cymetadata.o
 .debug_line    0x00000725      0x1d5 .\CortexM3\ARM_GCC_493\Debug\Cm3Start.o
 .debug_line    0x000008fa      0x21b .\CortexM3\ARM_GCC_493\Debug\DMASDSPITest.a(cyfitter_cfg.o)
 .debug_line    0x00000b15       0x68 .\CortexM3\ARM_GCC_493\Debug\DMASDSPITest.a(CyBootAsmGnu.o)
 .debug_line    0x00000b7d      0x2b7 .\CortexM3\ARM_GCC_493\Debug\DMASDSPITest.a(CyDmac.o)
 .debug_line    0x00000e34      0x872 .\CortexM3\ARM_GCC_493\Debug\DMASDSPITest.a(CyLib.o)
 .debug_line    0x000016a6      0x381 .\CortexM3\ARM_GCC_493\Debug\DMASDSPITest.a(cyPm.o)
 .debug_line    0x00001a27      0x2d2 .\CortexM3\ARM_GCC_493\Debug\DMASDSPITest.a(SDSPI_api.o)
 .debug_line    0x00001cf9       0x94 .\CortexM3\ARM_GCC_493\Debug\DMASDSPITest.a(SDSPI_TX_dma.o)
 .debug_line    0x00001d8d       0x94 .\CortexM3\ARM_GCC_493\Debug\DMASDSPITest.a(SDSPI_RX_dma.o)
 .debug_line    0x00001e21      0x164 .\CortexM3\ARM_GCC_493\Debug\DMASDSPITest.a(SDSPI_RX_DMA_IRQ.o)
 .debug_line    0x00001f85      0x26d .\CortexM3\ARM_GCC_493\Debug\DMASDSPITest.a(SDSPI_SPIMaster.o)
 .debug_line    0x000021f2      0x1ba .\CortexM3\ARM_GCC_493\Debug\DMASDSPITest.a(SD_CLK.o)
 .debug_line    0x000023ac       0x75 .\CortexM3\ARM_GCC_493\Debug\DMASDSPITest.a(LEDControl.o)
 .debug_line    0x00002421      0x16f .\CortexM3\ARM_GCC_493\Debug\DMASDSPITest.a(MillisecISR.o)
 .debug_line    0x00002590       0x7a .\CortexM3\ARM_GCC_493\Debug\DMASDSPITest.a(SDSPI_CSControl.o)
 .debug_line    0x0000260a      0x30a .\CortexM3\ARM_GCC_493\Debug\DMASDSPITest.a(USBUART_1.o)
 .debug_line    0x00002914      0x314 .\CortexM3\ARM_GCC_493\Debug\DMASDSPITest.a(USBUART_1_cdc.o)
 .debug_line    0x00002c28      0x220 .\CortexM3\ARM_GCC_493\Debug\DMASDSPITest.a(USBUART_1_drv.o)
 .debug_line    0x00002e48       0xfa .\CortexM3\ARM_GCC_493\Debug\DMASDSPITest.a(USBUART_1_episr.o)
 .debug_line    0x00002f42       0xec .\CortexM3\ARM_GCC_493\Debug\DMASDSPITest.a(USBUART_1_pm.o)
 .debug_line    0x0000302e      0x463 .\CortexM3\ARM_GCC_493\Debug\DMASDSPITest.a(USBUART_1_std.o)
 .debug_line    0x00003491       0x7f .\CortexM3\ARM_GCC_493\Debug\DMASDSPITest.a(USBUART_1_vnd.o)
 .debug_line    0x00003510       0xc2 .\CortexM3\ARM_GCC_493\Debug\DMASDSPITest.a(USBUART_1_Dp.o)
 .debug_line    0x000035d2      0x207 .\CortexM3\ARM_GCC_493\Debug\DMASDSPITest.a(CyFlash.o)
 .debug_line    0x000037d9      0x217 .\CortexM3\ARM_GCC_493\Debug\DMASDSPITest.a(CySpc.o)
 .debug_line    0x000039f0       0x9d .\CortexM3\ARM_GCC_493\Debug\DMASDSPITest.a(USBUART_1_cls.o)
 .debug_line    0x00003a8d       0x67 .\CortexM3\ARM_GCC_493\Debug\DMASDSPITest.a(USBUART_1_descr.o)
 .debug_line    0x00003af4      0xef6 .\DMASDSPI\Library\libfatfsd.a(ff.o)
 .debug_line    0x000049ea      0x47d .\DMASDSPI\Library\libfatfsd.a(diskio.o)

.debug_frame    0x00000000     0x4240
 *(.debug_frame)
 .debug_frame   0x00000000      0x110 .\CortexM3\ARM_GCC_493\Debug\main.o
 .debug_frame   0x00000110       0xd8 .\CortexM3\ARM_GCC_493\Debug\Cm3Start.o
 .debug_frame   0x000001e8      0x16c .\CortexM3\ARM_GCC_493\Debug\DMASDSPITest.a(cyfitter_cfg.o)
 .debug_frame   0x00000354      0x3d0 .\CortexM3\ARM_GCC_493\Debug\DMASDSPITest.a(CyDmac.o)
 .debug_frame   0x00000724      0xbe8 .\CortexM3\ARM_GCC_493\Debug\DMASDSPITest.a(CyLib.o)
 .debug_frame   0x0000130c      0x234 .\CortexM3\ARM_GCC_493\Debug\DMASDSPITest.a(cyPm.o)
 .debug_frame   0x00001540      0x1a8 .\CortexM3\ARM_GCC_493\Debug\DMASDSPITest.a(SDSPI_api.o)
 .debug_frame   0x000016e8       0x58 .\CortexM3\ARM_GCC_493\Debug\DMASDSPITest.a(SDSPI_TX_dma.o)
 .debug_frame   0x00001740       0x58 .\CortexM3\ARM_GCC_493\Debug\DMASDSPITest.a(SDSPI_RX_dma.o)
 .debug_frame   0x00001798      0x1e8 .\CortexM3\ARM_GCC_493\Debug\DMASDSPITest.a(SDSPI_RX_DMA_IRQ.o)
 .debug_frame   0x00001980      0x38c .\CortexM3\ARM_GCC_493\Debug\DMASDSPITest.a(SDSPI_SPIMaster.o)
 .debug_frame   0x00001d0c      0x1b4 .\CortexM3\ARM_GCC_493\Debug\DMASDSPITest.a(SD_CLK.o)
 .debug_frame   0x00001ec0       0x5c .\CortexM3\ARM_GCC_493\Debug\DMASDSPITest.a(LEDControl.o)
 .debug_frame   0x00001f1c      0x1e8 .\CortexM3\ARM_GCC_493\Debug\DMASDSPITest.a(MillisecISR.o)
 .debug_frame   0x00002104       0x5c .\CortexM3\ARM_GCC_493\Debug\DMASDSPITest.a(SDSPI_CSControl.o)
 .debug_frame   0x00002160      0x37c .\CortexM3\ARM_GCC_493\Debug\DMASDSPITest.a(USBUART_1.o)
 .debug_frame   0x000024dc      0x3ec .\CortexM3\ARM_GCC_493\Debug\DMASDSPITest.a(USBUART_1_cdc.o)
 .debug_frame   0x000028c8      0x23c .\CortexM3\ARM_GCC_493\Debug\DMASDSPITest.a(USBUART_1_drv.o)
 .debug_frame   0x00002b04       0xbc .\CortexM3\ARM_GCC_493\Debug\DMASDSPITest.a(USBUART_1_episr.o)
 .debug_frame   0x00002bc0       0xbc .\CortexM3\ARM_GCC_493\Debug\DMASDSPITest.a(USBUART_1_pm.o)
 .debug_frame   0x00002c7c      0x224 .\CortexM3\ARM_GCC_493\Debug\DMASDSPITest.a(USBUART_1_std.o)
 .debug_frame   0x00002ea0       0x38 .\CortexM3\ARM_GCC_493\Debug\DMASDSPITest.a(USBUART_1_vnd.o)
 .debug_frame   0x00002ed8       0xf4 .\CortexM3\ARM_GCC_493\Debug\DMASDSPITest.a(USBUART_1_Dp.o)
 .debug_frame   0x00002fcc      0x210 .\CortexM3\ARM_GCC_493\Debug\DMASDSPITest.a(CyFlash.o)
 .debug_frame   0x000031dc      0x1f8 .\CortexM3\ARM_GCC_493\Debug\DMASDSPITest.a(CySpc.o)
 .debug_frame   0x000033d4       0x38 .\CortexM3\ARM_GCC_493\Debug\DMASDSPITest.a(USBUART_1_cls.o)
 .debug_frame   0x0000340c      0x7e4 .\DMASDSPI\Library\libfatfsd.a(ff.o)
 .debug_frame   0x00003bf0      0x2b4 .\DMASDSPI\Library\libfatfsd.a(diskio.o)
 .debug_frame   0x00003ea4       0x20 c:/program files (x86)/cypress/psoc creator/3.3/psoc creator/import/gnu/arm/4.9.3/bin/../lib/gcc/arm-none-eabi/4.9.3/../../../../arm-none-eabi/lib/armv7-m\libg_nano.a(lib_a-errno.o)
 .debug_frame   0x00003ec4       0x28 c:/program files (x86)/cypress/psoc creator/3.3/psoc creator/import/gnu/arm/4.9.3/bin/../lib/gcc/arm-none-eabi/4.9.3/../../../../arm-none-eabi/lib/armv7-m\libg_nano.a(lib_a-exit.o)
 .debug_frame   0x00003eec       0x2c c:/program files (x86)/cypress/psoc creator/3.3/psoc creator/import/gnu/arm/4.9.3/bin/../lib/gcc/arm-none-eabi/4.9.3/../../../../arm-none-eabi/lib/armv7-m\libg_nano.a(lib_a-init.o)
 .debug_frame   0x00003f18       0x28 c:/program files (x86)/cypress/psoc creator/3.3/psoc creator/import/gnu/arm/4.9.3/bin/../lib/gcc/arm-none-eabi/4.9.3/../../../../arm-none-eabi/lib/armv7-m\libg_nano.a(lib_a-memcpy.o)
 .debug_frame   0x00003f40       0x20 c:/program files (x86)/cypress/psoc creator/3.3/psoc creator/import/gnu/arm/4.9.3/bin/../lib/gcc/arm-none-eabi/4.9.3/../../../../arm-none-eabi/lib/armv7-m\libg_nano.a(lib_a-memset.o)
 .debug_frame   0x00003f60       0x70 c:/program files (x86)/cypress/psoc creator/3.3/psoc creator/import/gnu/arm/4.9.3/bin/../lib/gcc/arm-none-eabi/4.9.3/../../../../arm-none-eabi/lib/armv7-m\libg_nano.a(lib_a-sprintf.o)
 .debug_frame   0x00003fd0       0x8c c:/program files (x86)/cypress/psoc creator/3.3/psoc creator/import/gnu/arm/4.9.3/bin/../lib/gcc/arm-none-eabi/4.9.3/../../../../arm-none-eabi/lib/armv7-m\libg_nano.a(lib_a-nano-svfprintf.o)
 .debug_frame   0x0000405c       0x58 c:/program files (x86)/cypress/psoc creator/3.3/psoc creator/import/gnu/arm/4.9.3/bin/../lib/gcc/arm-none-eabi/4.9.3/../../../../arm-none-eabi/lib/armv7-m\libg_nano.a(lib_a-nano-vfprintf_i.o)
 .debug_frame   0x000040b4       0x28 c:/program files (x86)/cypress/psoc creator/3.3/psoc creator/import/gnu/arm/4.9.3/bin/../lib/gcc/arm-none-eabi/4.9.3/../../../../arm-none-eabi/lib/armv7-m\libg_nano.a(lib_a-memchr.o)
 .debug_frame   0x000040dc       0x28 c:/program files (x86)/cypress/psoc creator/3.3/psoc creator/import/gnu/arm/4.9.3/bin/../lib/gcc/arm-none-eabi/4.9.3/../../../../arm-none-eabi/lib/armv7-m\libg_nano.a(lib_a-memmove.o)
 .debug_frame   0x00004104       0x2c c:/program files (x86)/cypress/psoc creator/3.3/psoc creator/import/gnu/arm/4.9.3/bin/../lib/gcc/arm-none-eabi/4.9.3/../../../../arm-none-eabi/lib/armv7-m\libg_nano.a(lib_a-nano-freer.o)
 .debug_frame   0x00004130       0x2c c:/program files (x86)/cypress/psoc creator/3.3/psoc creator/import/gnu/arm/4.9.3/bin/../lib/gcc/arm-none-eabi/4.9.3/../../../../arm-none-eabi/lib/armv7-m\libg_nano.a(lib_a-nano-mallocr.o)
 .debug_frame   0x0000415c       0x3c c:/program files (x86)/cypress/psoc creator/3.3/psoc creator/import/gnu/arm/4.9.3/bin/../lib/gcc/arm-none-eabi/4.9.3/../../../../arm-none-eabi/lib/armv7-m\libg_nano.a(lib_a-nano-reallocr.o)
 .debug_frame   0x00004198       0x2c c:/program files (x86)/cypress/psoc creator/3.3/psoc creator/import/gnu/arm/4.9.3/bin/../lib/gcc/arm-none-eabi/4.9.3/../../../../arm-none-eabi/lib/armv7-m\libg_nano.a(lib_a-sbrkr.o)
 .debug_frame   0x000041c4       0x20 c:/program files (x86)/cypress/psoc creator/3.3/psoc creator/import/gnu/arm/4.9.3/bin/../lib/gcc/arm-none-eabi/4.9.3/../../../../arm-none-eabi/lib/armv7-m\libg_nano.a(lib_a-nano-msizer.o)
 .debug_frame   0x000041e4       0x5c c:/program files (x86)/cypress/psoc creator/3.3/psoc creator/import/gnu/arm/4.9.3/bin/../lib/gcc/arm-none-eabi/4.9.3/../../../../arm-none-eabi/lib/armv7-m\libg_nano.a(lib_a-reent.o)

.debug_str      0x00000000     0x3b84
 *(.debug_str)
 .debug_str     0x00000000      0x43f .\CortexM3\ARM_GCC_493\Debug\main.o
                                0x4c8 (size before relaxing)
 .debug_str     0x0000043f       0x7d .\CortexM3\ARM_GCC_493\Debug\cymetadata.o
                                0x202 (size before relaxing)
 .debug_str     0x000004bc      0x12c .\CortexM3\ARM_GCC_493\Debug\Cm3Start.o
                                0x2e3 (size before relaxing)
 .debug_str     0x000005e8      0x193 .\CortexM3\ARM_GCC_493\Debug\DMASDSPITest.a(cyfitter_cfg.o)
                                0x344 (size before relaxing)
 .debug_str     0x0000077b      0x369 .\CortexM3\ARM_GCC_493\Debug\DMASDSPITest.a(CyDmac.o)
                                0x529 (size before relaxing)
 .debug_str     0x00000ae4      0x7c1 .\CortexM3\ARM_GCC_493\Debug\DMASDSPITest.a(CyLib.o)
                                0x9de (size before relaxing)
 .debug_str     0x000012a5      0x367 .\CortexM3\ARM_GCC_493\Debug\DMASDSPITest.a(cyPm.o)
                                0x543 (size before relaxing)
 .debug_str     0x0000160c      0x20e .\CortexM3\ARM_GCC_493\Debug\DMASDSPITest.a(SDSPI_api.o)
                                0x3e1 (size before relaxing)
 .debug_str     0x0000181a       0xa1 .\CortexM3\ARM_GCC_493\Debug\DMASDSPITest.a(SDSPI_TX_dma.o)
                                0x233 (size before relaxing)
 .debug_str     0x000018bb       0x66 .\CortexM3\ARM_GCC_493\Debug\DMASDSPITest.a(SDSPI_RX_dma.o)
                                0x233 (size before relaxing)
 .debug_str     0x00001921      0x182 .\CortexM3\ARM_GCC_493\Debug\DMASDSPITest.a(SDSPI_RX_DMA_IRQ.o)
                                0x34c (size before relaxing)
 .debug_str     0x00001aa3      0x359 .\CortexM3\ARM_GCC_493\Debug\DMASDSPITest.a(SDSPI_SPIMaster.o)
                                0x4f8 (size before relaxing)
 .debug_str     0x00001dfc      0x158 .\CortexM3\ARM_GCC_493\Debug\DMASDSPITest.a(SD_CLK.o)
                                0x2fa (size before relaxing)
 .debug_str     0x00001f54       0x4f .\CortexM3\ARM_GCC_493\Debug\DMASDSPITest.a(LEDControl.o)
                                0x1d6 (size before relaxing)
 .debug_str     0x00001fa3      0x13c .\CortexM3\ARM_GCC_493\Debug\DMASDSPITest.a(MillisecISR.o)
                                0x306 (size before relaxing)
 .debug_str     0x000020df       0x56 .\CortexM3\ARM_GCC_493\Debug\DMASDSPITest.a(SDSPI_CSControl.o)
                                0x1e5 (size before relaxing)
 .debug_str     0x00002135      0x45e .\CortexM3\ARM_GCC_493\Debug\DMASDSPITest.a(USBUART_1.o)
                                0x645 (size before relaxing)
 .debug_str     0x00002593      0x518 .\CortexM3\ARM_GCC_493\Debug\DMASDSPITest.a(USBUART_1_cdc.o)
                                0x780 (size before relaxing)
 .debug_str     0x00002aab      0x2c8 .\CortexM3\ARM_GCC_493\Debug\DMASDSPITest.a(USBUART_1_drv.o)
                                0x654 (size before relaxing)
 .debug_str     0x00002d73       0x8e .\CortexM3\ARM_GCC_493\Debug\DMASDSPITest.a(USBUART_1_episr.o)
                                0x2e7 (size before relaxing)
 .debug_str     0x00002e01       0xbe .\CortexM3\ARM_GCC_493\Debug\DMASDSPITest.a(USBUART_1_pm.o)
                                0x289 (size before relaxing)
 .debug_str     0x00002ebf      0x2c4 .\CortexM3\ARM_GCC_493\Debug\DMASDSPITest.a(USBUART_1_std.o)
                                0x7a0 (size before relaxing)
 .debug_str     0x00003183       0x44 .\CortexM3\ARM_GCC_493\Debug\DMASDSPITest.a(USBUART_1_vnd.o)
                                0x1ff (size before relaxing)
 .debug_str     0x000031c7       0xce .\CortexM3\ARM_GCC_493\Debug\DMASDSPITest.a(USBUART_1_Dp.o)
                                0x267 (size before relaxing)
 .debug_str     0x00003295      0x140 .\CortexM3\ARM_GCC_493\Debug\DMASDSPITest.a(CyFlash.o)
                                0x302 (size before relaxing)
 .debug_str     0x000033d5      0x121 .\CortexM3\ARM_GCC_493\Debug\DMASDSPITest.a(CySpc.o)
                                0x2ff (size before relaxing)
 .debug_str     0x000034f6       0x45 .\CortexM3\ARM_GCC_493\Debug\DMASDSPITest.a(USBUART_1_cls.o)
                                0x2a7 (size before relaxing)
 .debug_str     0x0000353b      0x114 .\CortexM3\ARM_GCC_493\Debug\DMASDSPITest.a(USBUART_1_descr.o)
                                0x37f (size before relaxing)
 .debug_str     0x0000364f      0x44a .\DMASDSPI\Library\libfatfsd.a(ff.o)
                                0x74c (size before relaxing)
 .debug_str     0x00003a99       0xeb .\DMASDSPI\Library\libfatfsd.a(diskio.o)
                                0x3b6 (size before relaxing)

.debug_loc      0x00000000     0x3f6c
 *(.debug_loc)
 .debug_loc     0x00000000     0x33d1 .\DMASDSPI\Library\libfatfsd.a(ff.o)
 .debug_loc     0x000033d1      0xb9b .\DMASDSPI\Library\libfatfsd.a(diskio.o)

.debug_macinfo
 *(.debug_macinfo)

.debug_ranges   0x00000000      0xdf0
 *(.debug_ranges)
 .debug_ranges  0x00000000       0x40 .\CortexM3\ARM_GCC_493\Debug\main.o
 .debug_ranges  0x00000040       0x38 .\CortexM3\ARM_GCC_493\Debug\Cm3Start.o
 .debug_ranges  0x00000078       0x50 .\CortexM3\ARM_GCC_493\Debug\DMASDSPITest.a(cyfitter_cfg.o)
 .debug_ranges  0x000000c8       0xc8 .\CortexM3\ARM_GCC_493\Debug\DMASDSPITest.a(CyDmac.o)
 .debug_ranges  0x00000190      0x288 .\CortexM3\ARM_GCC_493\Debug\DMASDSPITest.a(CyLib.o)
 .debug_ranges  0x00000418       0x88 .\CortexM3\ARM_GCC_493\Debug\DMASDSPITest.a(cyPm.o)
 .debug_ranges  0x000004a0       0x68 .\CortexM3\ARM_GCC_493\Debug\DMASDSPITest.a(SDSPI_api.o)
 .debug_ranges  0x00000508       0x18 .\CortexM3\ARM_GCC_493\Debug\DMASDSPITest.a(SDSPI_TX_dma.o)
 .debug_ranges  0x00000520       0x18 .\CortexM3\ARM_GCC_493\Debug\DMASDSPITest.a(SDSPI_RX_dma.o)
 .debug_ranges  0x00000538       0x70 .\CortexM3\ARM_GCC_493\Debug\DMASDSPITest.a(SDSPI_RX_DMA_IRQ.o)
 .debug_ranges  0x000005a8       0xc8 .\CortexM3\ARM_GCC_493\Debug\DMASDSPITest.a(SDSPI_SPIMaster.o)
 .debug_ranges  0x00000670       0x60 .\CortexM3\ARM_GCC_493\Debug\DMASDSPITest.a(SD_CLK.o)
 .debug_ranges  0x000006d0       0x18 .\CortexM3\ARM_GCC_493\Debug\DMASDSPITest.a(LEDControl.o)
 .debug_ranges  0x000006e8       0x70 .\CortexM3\ARM_GCC_493\Debug\DMASDSPITest.a(MillisecISR.o)
 .debug_ranges  0x00000758       0x18 .\CortexM3\ARM_GCC_493\Debug\DMASDSPITest.a(SDSPI_CSControl.o)
 .debug_ranges  0x00000770       0xb8 .\CortexM3\ARM_GCC_493\Debug\DMASDSPITest.a(USBUART_1.o)
 .debug_ranges  0x00000828       0xd8 .\CortexM3\ARM_GCC_493\Debug\DMASDSPITest.a(USBUART_1_cdc.o)
 .debug_ranges  0x00000900       0x88 .\CortexM3\ARM_GCC_493\Debug\DMASDSPITest.a(USBUART_1_drv.o)
 .debug_ranges  0x00000988       0x30 .\CortexM3\ARM_GCC_493\Debug\DMASDSPITest.a(USBUART_1_episr.o)
 .debug_ranges  0x000009b8       0x30 .\CortexM3\ARM_GCC_493\Debug\DMASDSPITest.a(USBUART_1_pm.o)
 .debug_ranges  0x000009e8       0x70 .\CortexM3\ARM_GCC_493\Debug\DMASDSPITest.a(USBUART_1_std.o)
 .debug_ranges  0x00000a58       0x10 .\CortexM3\ARM_GCC_493\Debug\DMASDSPITest.a(USBUART_1_vnd.o)
 .debug_ranges  0x00000a68       0x38 .\CortexM3\ARM_GCC_493\Debug\DMASDSPITest.a(USBUART_1_Dp.o)
 .debug_ranges  0x00000aa0       0x70 .\CortexM3\ARM_GCC_493\Debug\DMASDSPITest.a(CyFlash.o)
 .debug_ranges  0x00000b10       0x68 .\CortexM3\ARM_GCC_493\Debug\DMASDSPITest.a(CySpc.o)
 .debug_ranges  0x00000b78       0x10 .\CortexM3\ARM_GCC_493\Debug\DMASDSPITest.a(USBUART_1_cls.o)
 .debug_ranges  0x00000b88      0x1c0 .\DMASDSPI\Library\libfatfsd.a(ff.o)
 .debug_ranges  0x00000d48       0xa8 .\DMASDSPI\Library\libfatfsd.a(diskio.o)

.comment        0x00000000       0x70
 .comment       0x00000000       0x70 .\CortexM3\ARM_GCC_493\Debug\main.o
                                 0x71 (size before relaxing)
 .comment       0x00000000       0x71 .\CortexM3\ARM_GCC_493\Debug\cymetadata.o
 .comment       0x00000000       0x71 .\CortexM3\ARM_GCC_493\Debug\Cm3Start.o
 .comment       0x00000000       0x71 .\CortexM3\ARM_GCC_493\Debug\DMASDSPITest.a(cyfitter_cfg.o)
 .comment       0x00000000       0x71 .\CortexM3\ARM_GCC_493\Debug\DMASDSPITest.a(CyDmac.o)
 .comment       0x00000000       0x71 .\CortexM3\ARM_GCC_493\Debug\DMASDSPITest.a(CyLib.o)
 .comment       0x00000000       0x71 .\CortexM3\ARM_GCC_493\Debug\DMASDSPITest.a(cyPm.o)
 .comment       0x00000000       0x71 .\CortexM3\ARM_GCC_493\Debug\DMASDSPITest.a(SDSPI_api.o)
 .comment       0x00000000       0x71 .\CortexM3\ARM_GCC_493\Debug\DMASDSPITest.a(SDSPI_TX_dma.o)
 .comment       0x00000000       0x71 .\CortexM3\ARM_GCC_493\Debug\DMASDSPITest.a(SDSPI_RX_dma.o)
 .comment       0x00000000       0x71 .\CortexM3\ARM_GCC_493\Debug\DMASDSPITest.a(SDSPI_RX_DMA_IRQ.o)
 .comment       0x00000000       0x71 .\CortexM3\ARM_GCC_493\Debug\DMASDSPITest.a(SDSPI_SPIMaster.o)
 .comment       0x00000000       0x71 .\CortexM3\ARM_GCC_493\Debug\DMASDSPITest.a(SD_CLK.o)
 .comment       0x00000000       0x71 .\CortexM3\ARM_GCC_493\Debug\DMASDSPITest.a(LEDControl.o)
 .comment       0x00000000       0x71 .\CortexM3\ARM_GCC_493\Debug\DMASDSPITest.a(MillisecISR.o)
 .comment       0x00000000       0x71 .\CortexM3\ARM_GCC_493\Debug\DMASDSPITest.a(SDSPI_CSControl.o)
 .comment       0x00000000       0x71 .\CortexM3\ARM_GCC_493\Debug\DMASDSPITest.a(USBUART_1.o)
 .comment       0x00000000       0x71 .\CortexM3\ARM_GCC_493\Debug\DMASDSPITest.a(USBUART_1_cdc.o)
 .comment       0x00000000       0x71 .\CortexM3\ARM_GCC_493\Debug\DMASDSPITest.a(USBUART_1_drv.o)
 .comment       0x00000000       0x71 .\CortexM3\ARM_GCC_493\Debug\DMASDSPITest.a(USBUART_1_episr.o)
 .comment       0x00000000       0x71 .\CortexM3\ARM_GCC_493\Debug\DMASDSPITest.a(USBUART_1_pm.o)
 .comment       0x00000000       0x71 .\CortexM3\ARM_GCC_493\Debug\DMASDSPITest.a(USBUART_1_std.o)
 .comment       0x00000000       0x71 .\CortexM3\ARM_GCC_493\Debug\DMASDSPITest.a(USBUART_1_vnd.o)
 .comment       0x00000000       0x71 .\CortexM3\ARM_GCC_493\Debug\DMASDSPITest.a(USBUART_1_Dp.o)
 .comment       0x00000000       0x71 .\CortexM3\ARM_GCC_493\Debug\DMASDSPITest.a(CyFlash.o)
 .comment       0x00000000       0x71 .\CortexM3\ARM_GCC_493\Debug\DMASDSPITest.a(CySpc.o)
 .comment       0x00000000       0x71 .\CortexM3\ARM_GCC_493\Debug\DMASDSPITest.a(USBUART_1_cls.o)
 .comment       0x00000000       0x71 .\CortexM3\ARM_GCC_493\Debug\DMASDSPITest.a(USBUART_1_descr.o)
 .comment       0x00000000       0x71 .\DMASDSPI\Library\libfatfsd.a(ff.o)
 .comment       0x00000000       0x71 .\DMASDSPI\Library\libfatfsd.a(diskio.o)

.debug_weaknames
 *(.debug_weaknames)

.debug_funcnames
 *(.debug_funcnames)

.debug_typenames
 *(.debug_typenames)

.debug_varnames
 *(.debug_varnames)

.note.gnu.arm.ident
 *(.note.gnu.arm.ident)

.ARM.attributes
                0x00000000       0x29
 *(.ARM.attributes)
 .ARM.attributes
                0x00000000       0x1d c:/program files (x86)/cypress/psoc creator/3.3/psoc creator/import/gnu/arm/4.9.3/bin/../lib/gcc/arm-none-eabi/4.9.3/armv7-m/crti.o
 .ARM.attributes
                0x0000001d       0x2d c:/program files (x86)/cypress/psoc creator/3.3/psoc creator/import/gnu/arm/4.9.3/bin/../lib/gcc/arm-none-eabi/4.9.3/armv7-m/crtbegin.o
 .ARM.attributes
                0x0000004a       0x1b c:/program files (x86)/cypress/psoc creator/3.3/psoc creator/import/gnu/arm/4.9.3/bin/../lib/gcc/arm-none-eabi/4.9.3/../../../../arm-none-eabi/lib/armv7-m/crt0.o
 .ARM.attributes
                0x00000065       0x33 .\CortexM3\ARM_GCC_493\Debug\main.o
 .ARM.attributes
                0x00000098       0x33 .\CortexM3\ARM_GCC_493\Debug\cymetadata.o
 .ARM.attributes
                0x000000cb       0x33 .\CortexM3\ARM_GCC_493\Debug\Cm3Start.o
 .ARM.attributes
                0x000000fe       0x33 .\CortexM3\ARM_GCC_493\Debug\DMASDSPITest.a(cyfitter_cfg.o)
 .ARM.attributes
                0x00000131       0x21 .\CortexM3\ARM_GCC_493\Debug\DMASDSPITest.a(CyBootAsmGnu.o)
 .ARM.attributes
                0x00000152       0x33 .\CortexM3\ARM_GCC_493\Debug\DMASDSPITest.a(CyDmac.o)
 .ARM.attributes
                0x00000185       0x33 .\CortexM3\ARM_GCC_493\Debug\DMASDSPITest.a(CyLib.o)
 .ARM.attributes
                0x000001b8       0x33 .\CortexM3\ARM_GCC_493\Debug\DMASDSPITest.a(cyPm.o)
 .ARM.attributes
                0x000001eb       0x33 .\CortexM3\ARM_GCC_493\Debug\DMASDSPITest.a(SDSPI_api.o)
 .ARM.attributes
                0x0000021e       0x33 .\CortexM3\ARM_GCC_493\Debug\DMASDSPITest.a(SDSPI_TX_dma.o)
 .ARM.attributes
                0x00000251       0x33 .\CortexM3\ARM_GCC_493\Debug\DMASDSPITest.a(SDSPI_RX_dma.o)
 .ARM.attributes
                0x00000284       0x33 .\CortexM3\ARM_GCC_493\Debug\DMASDSPITest.a(SDSPI_RX_DMA_IRQ.o)
 .ARM.attributes
                0x000002b7       0x33 .\CortexM3\ARM_GCC_493\Debug\DMASDSPITest.a(SDSPI_SPIMaster.o)
 .ARM.attributes
                0x000002ea       0x33 .\CortexM3\ARM_GCC_493\Debug\DMASDSPITest.a(SD_CLK.o)
 .ARM.attributes
                0x0000031d       0x33 .\CortexM3\ARM_GCC_493\Debug\DMASDSPITest.a(LEDControl.o)
 .ARM.attributes
                0x00000350       0x33 .\CortexM3\ARM_GCC_493\Debug\DMASDSPITest.a(MillisecISR.o)
 .ARM.attributes
                0x00000383       0x33 .\CortexM3\ARM_GCC_493\Debug\DMASDSPITest.a(SDSPI_CSControl.o)
 .ARM.attributes
                0x000003b6       0x33 .\CortexM3\ARM_GCC_493\Debug\DMASDSPITest.a(USBUART_1.o)
 .ARM.attributes
                0x000003e9       0x33 .\CortexM3\ARM_GCC_493\Debug\DMASDSPITest.a(USBUART_1_cdc.o)
 .ARM.attributes
                0x0000041c       0x33 .\CortexM3\ARM_GCC_493\Debug\DMASDSPITest.a(USBUART_1_drv.o)
 .ARM.attributes
                0x0000044f       0x33 .\CortexM3\ARM_GCC_493\Debug\DMASDSPITest.a(USBUART_1_episr.o)
 .ARM.attributes
                0x00000482       0x33 .\CortexM3\ARM_GCC_493\Debug\DMASDSPITest.a(USBUART_1_pm.o)
 .ARM.attributes
                0x000004b5       0x33 .\CortexM3\ARM_GCC_493\Debug\DMASDSPITest.a(USBUART_1_std.o)
 .ARM.attributes
                0x000004e8       0x33 .\CortexM3\ARM_GCC_493\Debug\DMASDSPITest.a(USBUART_1_vnd.o)
 .ARM.attributes
                0x0000051b       0x33 .\CortexM3\ARM_GCC_493\Debug\DMASDSPITest.a(USBUART_1_Dp.o)
 .ARM.attributes
                0x0000054e       0x33 .\CortexM3\ARM_GCC_493\Debug\DMASDSPITest.a(CyFlash.o)
 .ARM.attributes