Archive member included because of file (symbol)

.\CortexM3\ARM_GCC_493\Release\DMASDSPITest.a(cyfitter_cfg.o)
                              .\CortexM3\ARM_GCC_493\Release\Cm3Start.o (cyfitter_cfg)
.\CortexM3\ARM_GCC_493\Release\DMASDSPITest.a(CyBootAsmGnu.o)
                              .\CortexM3\ARM_GCC_493\Release\DMASDSPITest.a(cyfitter_cfg.o) (CyDelayCycles)
.\CortexM3\ARM_GCC_493\Release\DMASDSPITest.a(CyDmac.o)
                              .\CortexM3\ARM_GCC_493\Release\Cm3Start.o (CyDmacConfigure)
.\CortexM3\ARM_GCC_493\Release\DMASDSPITest.a(CyLib.o)
                              .\CortexM3\ARM_GCC_493\Release\Cm3Start.o (CyHalt)
.\CortexM3\ARM_GCC_493\Release\DMASDSPITest.a(cyPm.o)
                              .\CortexM3\ARM_GCC_493\Release\DMASDSPITest.a(CyLib.o) (CyPmReadStatus)
.\CortexM3\ARM_GCC_493\Release\DMASDSPITest.a(SDSPI_api.o)
                              .\CortexM3\ARM_GCC_493\Release\main.o (SDSPI_Start)
.\CortexM3\ARM_GCC_493\Release\DMASDSPITest.a(SDSPI_TX_dma.o)
                              .\CortexM3\ARM_GCC_493\Release\DMASDSPITest.a(SDSPI_api.o) (SDSPI_TX_DmaInitialize)
.\CortexM3\ARM_GCC_493\Release\DMASDSPITest.a(SDSPI_RX_dma.o)
                              .\CortexM3\ARM_GCC_493\Release\DMASDSPITest.a(SDSPI_api.o) (SDSPI_RX_DmaInitialize)
.\CortexM3\ARM_GCC_493\Release\DMASDSPITest.a(SDSPI_RX_DMA_IRQ.o)
                              .\CortexM3\ARM_GCC_493\Release\DMASDSPITest.a(SDSPI_api.o) (SDSPI_RX_DMA_IRQ_StartEx)
.\CortexM3\ARM_GCC_493\Release\DMASDSPITest.a(SDSPI_SPIMaster.o)
                              .\CortexM3\ARM_GCC_493\Release\DMASDSPITest.a(SDSPI_api.o) (SDSPI_SPIMaster_Start)
.\CortexM3\ARM_GCC_493\Release\DMASDSPITest.a(SD_CLK.o)
                              .\CortexM3\ARM_GCC_493\Release\main.o (SD_CLK_SetDividerRegister)
.\CortexM3\ARM_GCC_493\Release\DMASDSPITest.a(LEDControl.o)
                              .\CortexM3\ARM_GCC_493\Release\main.o (LEDControl_Write)
.\CortexM3\ARM_GCC_493\Release\DMASDSPITest.a(MillisecISR.o)
                              .\CortexM3\ARM_GCC_493\Release\main.o (MillisecISR_StartEx)
.\CortexM3\ARM_GCC_493\Release\DMASDSPITest.a(SDSPI_CSControl.o)
                              .\CortexM3\ARM_GCC_493\Release\DMASDSPITest.a(SDSPI_api.o) (SDSPI_CSControl_Write)
.\CortexM3\ARM_GCC_493\Release\DMASDSPITest.a(USBUART_1.o)
                              .\CortexM3\ARM_GCC_493\Release\main.o (USBUART_1_Start)
.\CortexM3\ARM_GCC_493\Release\DMASDSPITest.a(USBUART_1_cdc.o)
                              .\CortexM3\ARM_GCC_493\Release\main.o (USBUART_1_CDC_Init)
.\CortexM3\ARM_GCC_493\Release\DMASDSPITest.a(USBUART_1_drv.o)
                              .\CortexM3\ARM_GCC_493\Release\DMASDSPITest.a(USBUART_1.o) (USBUART_1_EP_0_ISR)
.\CortexM3\ARM_GCC_493\Release\DMASDSPITest.a(USBUART_1_episr.o)
                              .\CortexM3\ARM_GCC_493\Release\DMASDSPITest.a(USBUART_1.o) (USBUART_1_EP_1_ISR)
.\CortexM3\ARM_GCC_493\Release\DMASDSPITest.a(USBUART_1_pm.o)
                              .\CortexM3\ARM_GCC_493\Release\DMASDSPITest.a(USBUART_1.o) (USBUART_1_DP_ISR)
.\CortexM3\ARM_GCC_493\Release\DMASDSPITest.a(USBUART_1_std.o)
                              .\CortexM3\ARM_GCC_493\Release\DMASDSPITest.a(USBUART_1_pm.o) (USBUART_1_ConfigReg)
.\CortexM3\ARM_GCC_493\Release\DMASDSPITest.a(USBUART_1_vnd.o)
                              .\CortexM3\ARM_GCC_493\Release\DMASDSPITest.a(USBUART_1_drv.o) (USBUART_1_HandleVendorRqst)
.\CortexM3\ARM_GCC_493\Release\DMASDSPITest.a(USBUART_1_Dp.o)
                              .\CortexM3\ARM_GCC_493\Release\DMASDSPITest.a(USBUART_1_pm.o) (USBUART_1_Dp_ClearInterrupt)
.\CortexM3\ARM_GCC_493\Release\DMASDSPITest.a(SDSPI_CardStatus.o)
                              .\CortexM3\ARM_GCC_493\Release\DMASDSPITest.a(SDSPI_api.o) (SDSPI_CardStatus_Read)
.\CortexM3\ARM_GCC_493\Release\DMASDSPITest.a(CyFlash.o)
                              .\CortexM3\ARM_GCC_493\Release\DMASDSPITest.a(cyPm.o) (CyFlash_SetWaitCycles)
.\CortexM3\ARM_GCC_493\Release\DMASDSPITest.a(CySpc.o)
                              .\CortexM3\ARM_GCC_493\Release\DMASDSPITest.a(CyFlash.o) (CySpcStart)
.\CortexM3\ARM_GCC_493\Release\DMASDSPITest.a(USBUART_1_cls.o)
                              .\CortexM3\ARM_GCC_493\Release\DMASDSPITest.a(USBUART_1_drv.o) (USBUART_1_DispatchClassRqst)
.\CortexM3\ARM_GCC_493\Release\DMASDSPITest.a(USBUART_1_descr.o)
                              .\CortexM3\ARM_GCC_493\Release\DMASDSPITest.a(USBUART_1_std.o) (USBUART_1_idSerialNumberStringDescriptor)
.\DMASDSPI\Library\libfatfs.a(ff.o)
                              .\CortexM3\ARM_GCC_493\Release\main.o (f_mount)
.\DMASDSPI\Library\libfatfs.a(diskio.o)
                              .\CortexM3\ARM_GCC_493\Release\DMASDSPITest.a(SDSPI_api.o) (disk_attach_spifuncs)
[...]
Memory Configuration

Name             Origin             Length             Attributes
rom              0x00000000         0x00040000         xr
ram              0x1fff8000         0x00010000         xrw
*default*        0x00000000         0xffffffff

Linker script and memory map

LOAD c:/program files (x86)/cypress/psoc creator/3.3/psoc creator/import/gnu/arm/4.9.3/bin/../lib/gcc/arm-none-eabi/4.9.3/armv7-m/crti.o
LOAD c:/program files (x86)/cypress/psoc creator/3.3/psoc creator/import/gnu/arm/4.9.3/bin/../lib/gcc/arm-none-eabi/4.9.3/armv7-m/crtbegin.o
LOAD c:/program files (x86)/cypress/psoc creator/3.3/psoc creator/import/gnu/arm/4.9.3/bin/../lib/gcc/arm-none-eabi/4.9.3/../../../../arm-none-eabi/lib/armv7-m/crt0.o
START GROUP
LOAD .\CortexM3\ARM_GCC_493\Release\main.o
LOAD .\CortexM3\ARM_GCC_493\Release\cymetadata.o
LOAD .\CortexM3\ARM_GCC_493\Release\Cm3Start.o
LOAD .\CortexM3\ARM_GCC_493\Release\DMASDSPITest.a
LOAD .\DMASDSPI\Library\libfatfs.a
LOAD C:\Program Files (x86)\Cypress\PSoC Creator\3.3\PSoC Creator\psoc\content\cycomponentlibrary\CyComponentLibrary.cylib\CortexM3\ARM_GCC_493\Release\CyComponentLibrary.a
END GROUP
START GROUP
LOAD c:/program files (x86)/cypress/psoc creator/3.3/psoc creator/import/gnu/arm/4.9.3/bin/../lib/gcc/arm-none-eabi/4.9.3/armv7-m\libgcc.a
LOAD c:/program files (x86)/cypress/psoc creator/3.3/psoc creator/import/gnu/arm/4.9.3/bin/../lib/gcc/arm-none-eabi/4.9.3/../../../../arm-none-eabi/lib/armv7-m\libg_nano.a
LOAD c:/program files (x86)/cypress/psoc creator/3.3/psoc creator/import/gnu/arm/4.9.3/bin/../lib/gcc/arm-none-eabi/4.9.3/../../../../arm-none-eabi/lib/armv7-m\libc_nano.a
END GROUP
START GROUP
LOAD c:/program files (x86)/cypress/psoc creator/3.3/psoc creator/import/gnu/arm/4.9.3/bin/../lib/gcc/arm-none-eabi/4.9.3/armv7-m\libgcc.a
LOAD c:/program files (x86)/cypress/psoc creator/3.3/psoc creator/import/gnu/arm/4.9.3/bin/../lib/gcc/arm-none-eabi/4.9.3/../../../../arm-none-eabi/lib/armv7-m\libc_nano.a
END GROUP
LOAD c:/program files (x86)/cypress/psoc creator/3.3/psoc creator/import/gnu/arm/4.9.3/bin/../lib/gcc/arm-none-eabi/4.9.3/armv7-m/crtend.o
LOAD c:/program files (x86)/cypress/psoc creator/3.3/psoc creator/import/gnu/arm/4.9.3/bin/../lib/gcc/arm-none-eabi/4.9.3/armv7-m/crtn.o
START GROUP
LOAD c:/program files (x86)/cypress/psoc creator/3.3/psoc creator/import/gnu/arm/4.9.3/bin/../lib/gcc/arm-none-eabi/4.9.3/armv7-m\libgcc.a
LOAD c:/program files (x86)/cypress/psoc creator/3.3/psoc creator/import/gnu/arm/4.9.3/bin/../lib/gcc/arm-none-eabi/4.9.3/../../../../arm-none-eabi/lib/armv7-m\libc.a
LOAD c:/program files (x86)/cypress/psoc creator/3.3/psoc creator/import/gnu/arm/4.9.3/bin/../lib/gcc/arm-none-eabi/4.9.3/../../../../arm-none-eabi/lib/armv7-m\libnosys.a
END GROUP
                0x00000000                CY_APPL_ORIGIN = 0x0
                0x00000100                CY_FLASH_ROW_SIZE = 0x100
                0x00000020                CY_ECC_ROW_SIZE = 0x20
                0x00000000                CY_EE_IN_BTLDR = 0x0
                0x00000000                CY_APPL_LOADABLE = 0x0
                0x00000800                CY_EE_SIZE = 0x800
                0x00000001                CY_APPL_NUM = 0x1
                0x00000001                CY_APPL_MAX = 0x1
                0x00000040                CY_METADATA_SIZE = 0x40
                0x00000000                CY_APPL_LOADABLE = 0x0
                0x00000000                CY_CHECKSUM_EXCLUDE_SIZE = ALIGN (0x0, CY_FLASH_ROW_SIZE)
                0x20000530                PROVIDE (__cy_heap_start, _end)
                0x00000001                PROVIDE (__cy_region_num, ((__cy_regions_end - __cy_regions) / 0x10))
                0x20008000                PROVIDE (__cy_stack, (ORIGIN (ram) + 0x10000))
                0x20007800                PROVIDE (__cy_heap_end, (__cy_stack - 0x800))

.cybootloader   0x00000000        0x0
 *(.cybootloader)
                0x00000000                appl1_start = CY_APPL_ORIGIN?CY_APPL_ORIGIN:ALIGN (CY_FLASH_ROW_SIZE)
                0x0001ff00                appl2_start = (appl1_start + ALIGN ((((0x40000 - appl1_start) - (0x2 * CY_FLASH_ROW_SIZE)) / 0x2), CY_FLASH_ROW_SIZE))
                0x00000000                appl_start = (CY_APPL_NUM == 0x1)?appl1_start:appl2_start
                0x00000000                ecc_offset = ((appl_start / CY_FLASH_ROW_SIZE) * CY_ECC_ROW_SIZE)
                0x00000000                ee_offset = (CY_APPL_LOADABLE && ! (CY_EE_IN_BTLDR))?((CY_EE_SIZE / CY_APPL_MAX) * (CY_APPL_NUM - 0x1)):0x0
                0x00000800                ee_size = (CY_APPL_LOADABLE && ! (CY_EE_IN_BTLDR))?(CY_EE_SIZE / CY_APPL_MAX):CY_EE_SIZE
                0x00000000                PROVIDE (CY_ECC_OFFSET, ecc_offset)

.text           0x00000000     0x6610
 CREATE_OBJECT_SYMBOLS
                0x00000000                PROVIDE (__cy_interrupt_vector, RomVectors)
 *(.romvectors)
 .romvectors    0x00000000       0x10 .\CortexM3\ARM_GCC_493\Release\Cm3Start.o
                0x00000000                RomVectors
                0x00000001                ASSERT ((. != __cy_interrupt_vector), No interrupt vector)
                0x00000001                ASSERT (CY_APPL_ORIGIN?(SIZEOF (.cybootloader) <= CY_APPL_ORIGIN):0x1, Wrong image location)
                0x00000010                PROVIDE (__cy_reset, Reset)
 *(.text.Reset)
 .text.Reset    0x00000010       0x18 .\CortexM3\ARM_GCC_493\Release\Cm3Start.o
                0x00000010                Reset
                0x00000001                ASSERT ((. != __cy_reset), No reset code)
 *(.dma_init)
                0x00000001                ASSERT ((((appl_start + .) <= 0x10000) || 0x1), DMA Init must be within the first 64k of flash)
 *(.text .text.* .gnu.linkonce.t.*)
 .text          0x00000028       0x5c c:/program files (x86)/cypress/psoc creator/3.3/psoc creator/import/gnu/arm/4.9.3/bin/../lib/gcc/arm-none-eabi/4.9.3/armv7-m/crtbegin.o
 .text.PrintFxn
                0x00000084        0x4 .\CortexM3\ARM_GCC_493\Release\main.o
                0x00000084                PrintFxn
 .text.MillisISR
                0x00000088       0x10 .\CortexM3\ARM_GCC_493\Release\main.o
                0x00000088                MillisISR
 .text.SDCARD_FAST
                0x00000098        0x8 .\CortexM3\ARM_GCC_493\Release\main.o
                0x00000098                SDCARD_FAST
 .text.SDCARD_SLOW
                0x000000a0        0x8 .\CortexM3\ARM_GCC_493\Release\main.o
                0x000000a0                SDCARD_SLOW
 .text.sdbench  0x000000a8      0x3b0 .\CortexM3\ARM_GCC_493\Release\main.o
                0x000000a8                sdbench
 .text.startup.main
                0x00000458       0x9c .\CortexM3\ARM_GCC_493\Release\main.o
                0x00000458                main
 .text.IntDefaultHandler
                0x000004f4        0x4 .\CortexM3\ARM_GCC_493\Release\Cm3Start.o
                0x000004f4                IntDefaultHandler
 .text._sbrk    0x000004f8       0x30 .\CortexM3\ARM_GCC_493\Release\Cm3Start.o
                0x000004f8                _sbrk
 .text.Start_c  0x00000528       0x58 .\CortexM3\ARM_GCC_493\Release\Cm3Start.o
                0x00000528                Start_c
 .text.startup.initialize_psoc
                0x00000580       0x78 .\CortexM3\ARM_GCC_493\Release\Cm3Start.o
                0x00000580                initialize_psoc
 .text.cyfitter_cfg
                0x000005f8      0x260 .\CortexM3\ARM_GCC_493\Release\DMASDSPITest.a(cyfitter_cfg.o)
                0x000005f8                cyfitter_cfg
 .text          0x00000858       0x20 .\CortexM3\ARM_GCC_493\Release\DMASDSPITest.a(CyBootAsmGnu.o)
                0x00000858                CyDelayCycles
                0x00000868                CyEnterCriticalSection
                0x00000870                CyExitCriticalSection
 .text.CyDmacConfigure
                0x00000878       0x34 .\CortexM3\ARM_GCC_493\Release\DMASDSPITest.a(CyDmac.o)
                0x00000878                CyDmacConfigure
 .text.CyDmaChEnable
                0x000008ac       0x3c .\CortexM3\ARM_GCC_493\Release\DMASDSPITest.a(CyDmac.o)
                0x000008ac                CyDmaChEnable
 .text.CyDmaChDisable
                0x000008e8       0x24 .\CortexM3\ARM_GCC_493\Release\DMASDSPITest.a(CyDmac.o)
                0x000008e8                CyDmaChDisable
 .text.CyDmaClearPendingDrq
                0x0000090c       0x30 .\CortexM3\ARM_GCC_493\Release\DMASDSPITest.a(CyDmac.o)
                0x0000090c                CyDmaClearPendingDrq
 .text.CyDmaChPriority
                0x0000093c       0x24 .\CortexM3\ARM_GCC_493\Release\DMASDSPITest.a(CyDmac.o)
                0x0000093c                CyDmaChPriority
 .text.CyDmaChSetExtendedAddress
                0x00000960       0x30 .\CortexM3\ARM_GCC_493\Release\DMASDSPITest.a(CyDmac.o)
                0x00000960                CyDmaChSetExtendedAddress
 .text.CyDmaChSetInitialTd
                0x00000990       0x18 .\CortexM3\ARM_GCC_493\Release\DMASDSPITest.a(CyDmac.o)
                0x00000990                CyDmaChSetInitialTd
 .text.CyDmaChSetRequest
                0x000009a8       0x20 .\CortexM3\ARM_GCC_493\Release\DMASDSPITest.a(CyDmac.o)
                0x000009a8                CyDmaChSetRequest
 .text.CyDmaChSetConfiguration
                0x000009c8       0x48 .\CortexM3\ARM_GCC_493\Release\DMASDSPITest.a(CyDmac.o)
                0x000009c8                CyDmaChSetConfiguration
 .text.CyDmaTdAllocate
                0x00000a10       0x38 .\CortexM3\ARM_GCC_493\Release\DMASDSPITest.a(CyDmac.o)
                0x00000a10                CyDmaTdAllocate
 .text.CyDmaTdFree
                0x00000a48       0x34 .\CortexM3\ARM_GCC_493\Release\DMASDSPITest.a(CyDmac.o)
                0x00000a48                CyDmaTdFree
 .text.CyDmaTdSetConfiguration
                0x00000a7c       0x30 .\CortexM3\ARM_GCC_493\Release\DMASDSPITest.a(CyDmac.o)
                0x00000a7c                CyDmaTdSetConfiguration
 .text.CyDmaTdSetAddress
                0x00000aac       0x1c .\CortexM3\ARM_GCC_493\Release\DMASDSPITest.a(CyDmac.o)
                0x00000aac                CyDmaTdSetAddress
 .text.CyDelay  0x00000ac8       0x48 .\CortexM3\ARM_GCC_493\Release\DMASDSPITest.a(CyLib.o)
                0x00000ac8                CyDelay
 .text.CyDelayUs
                0x00000b10       0x10 .\CortexM3\ARM_GCC_493\Release\DMASDSPITest.a(CyLib.o)
                0x00000b10                CyDelayUs
 .text.CyIntSetVector
                0x00000b20       0x1c .\CortexM3\ARM_GCC_493\Release\DMASDSPITest.a(CyLib.o)
                0x00000b20                CyIntSetVector
 .text.CyIntSetPriority
                0x00000b3c       0x14 .\CortexM3\ARM_GCC_493\Release\DMASDSPITest.a(CyLib.o)
                0x00000b3c                CyIntSetPriority
 .text.CyGetUniqueId
                0x00000b50       0x68 .\CortexM3\ARM_GCC_493\Release\DMASDSPITest.a(CyLib.o)
                0x00000b50                CyGetUniqueId
 .text.SDSPI_RX_DMA_ISR
                0x00000bb8       0x10 .\CortexM3\ARM_GCC_493\Release\DMASDSPITest.a(SDSPI_api.o)
                0x00000bb8                SDSPI_RX_DMA_ISR
 .text.SDSPI_SelectCard
                0x00000bc8        0x8 .\CortexM3\ARM_GCC_493\Release\DMASDSPITest.a(SDSPI_api.o)
                0x00000bc8                SDSPI_SelectCard
 .text.SDSPI_DeselectCard
                0x00000bd0        0x8 .\CortexM3\ARM_GCC_493\Release\DMASDSPITest.a(SDSPI_api.o)
                0x00000bd0                SDSPI_DeselectCard
 .text.SDSPI_CardStatus
                0x00000bd8       0x10 .\CortexM3\ARM_GCC_493\Release\DMASDSPITest.a(SDSPI_api.o)
                0x00000bd8                SDSPI_CardStatus
 .text.SDSPI_SwapByte
                0x00000be8       0x18 .\CortexM3\ARM_GCC_493\Release\DMASDSPITest.a(SDSPI_api.o)
                0x00000be8                SDSPI_SwapByte
 .text.SDSPI_ReceiveData
                0x00000c00       0xcc .\CortexM3\ARM_GCC_493\Release\DMASDSPITest.a(SDSPI_api.o)
                0x00000c00                SDSPI_ReceiveData
 .text.SDSPI_SendData
                0x00000ccc       0xc8 .\CortexM3\ARM_GCC_493\Release\DMASDSPITest.a(SDSPI_api.o)
                0x00000ccc                SDSPI_SendData
 .text.SDSPI_Start
                0x00000d94       0x8c .\CortexM3\ARM_GCC_493\Release\DMASDSPITest.a(SDSPI_api.o)
                0x00000d94                SDSPI_Start
 .text.SDSPI_SetDMAMode
                0x00000e20       0x88 .\CortexM3\ARM_GCC_493\Release\DMASDSPITest.a(SDSPI_api.o)
                0x00000e20                SDSPI_SetDMAMode
 .text.SDSPI_TX_DmaInitialize
                0x00000ea8       0x3c .\CortexM3\ARM_GCC_493\Release\DMASDSPITest.a(SDSPI_TX_dma.o)
                0x00000ea8                SDSPI_TX_DmaInitialize
 .text.SDSPI_TX_DmaRelease
                0x00000ee4        0xc .\CortexM3\ARM_GCC_493\Release\DMASDSPITest.a(SDSPI_TX_dma.o)
                0x00000ee4                SDSPI_TX_DmaRelease
 .text.SDSPI_RX_DmaInitialize
                0x00000ef0       0x3c .\CortexM3\ARM_GCC_493\Release\DMASDSPITest.a(SDSPI_RX_dma.o)
                0x00000ef0                SDSPI_RX_DmaInitialize
 .text.SDSPI_RX_DmaRelease
                0x00000f2c        0xc .\CortexM3\ARM_GCC_493\Release\DMASDSPITest.a(SDSPI_RX_dma.o)
                0x00000f2c                SDSPI_RX_DmaRelease
 .text.SDSPI_RX_DMA_IRQ_StartEx
                0x00000f38       0x2c .\CortexM3\ARM_GCC_493\Release\DMASDSPITest.a(SDSPI_RX_DMA_IRQ.o)
                0x00000f38                SDSPI_RX_DMA_IRQ_StartEx
 .text.SDSPI_RX_DMA_IRQ_Stop
                0x00000f64       0x1c .\CortexM3\ARM_GCC_493\Release\DMASDSPITest.a(SDSPI_RX_DMA_IRQ.o)
                0x00000f64                SDSPI_RX_DMA_IRQ_Stop
 .text.SDSPI_SPIMaster_Start
                0x00000f80       0xa8 .\CortexM3\ARM_GCC_493\Release\DMASDSPITest.a(SDSPI_SPIMaster.o)
                0x00000f80                SDSPI_SPIMaster_Start
 .text.SDSPI_SPIMaster_WriteTxData
                0x00001028       0x18 .\CortexM3\ARM_GCC_493\Release\DMASDSPITest.a(SDSPI_SPIMaster.o)
                0x00001028                SDSPI_SPIMaster_WriteTxData
 .text.SDSPI_SPIMaster_ReadRxData
                0x00001040        0xc .\CortexM3\ARM_GCC_493\Release\DMASDSPITest.a(SDSPI_SPIMaster.o)
                0x00001040                SDSPI_SPIMaster_ReadRxData
 .text.SDSPI_SPIMaster_ReadStatus
                0x0000104c       0x18 .\CortexM3\ARM_GCC_493\Release\DMASDSPITest.a(SDSPI_SPIMaster.o)
                0x0000104c                SDSPI_SPIMaster_ReadStatus
 .text.SD_CLK_SetDividerRegister
                0x00001064       0xe4 .\CortexM3\ARM_GCC_493\Release\DMASDSPITest.a(SD_CLK.o)
                0x00001064                SD_CLK_SetDividerRegister
 .text.LEDControl_Write
                0x00001148        0xc .\CortexM3\ARM_GCC_493\Release\DMASDSPITest.a(LEDControl.o)
                0x00001148                LEDControl_Write
 .text.MillisecISR_StartEx
                0x00001154       0x2c .\CortexM3\ARM_GCC_493\Release\DMASDSPITest.a(MillisecISR.o)
                0x00001154                MillisecISR_StartEx
 .text.SDSPI_CSControl_Write
                0x00001180        0xc .\CortexM3\ARM_GCC_493\Release\DMASDSPITest.a(SDSPI_CSControl.o)
                0x00001180                SDSPI_CSControl_Write
 .text.USBUART_1_Init
                0x0000118c      0x14c .\CortexM3\ARM_GCC_493\Release\DMASDSPITest.a(USBUART_1.o)
                0x0000118c                USBUART_1_Init
 .text.USBUART_1_Start
                0x000012d8       0xe0 .\CortexM3\ARM_GCC_493\Release\DMASDSPITest.a(USBUART_1.o)
                0x000012d8                USBUART_1_Start
 .text.USBUART_1_ReInitComponent
                0x000013b8       0x68 .\CortexM3\ARM_GCC_493\Release\DMASDSPITest.a(USBUART_1.o)
                0x000013b8                USBUART_1_ReInitComponent
 .text.USBUART_1_GetConfiguration
                0x00001420        0xc .\CortexM3\ARM_GCC_493\Release\DMASDSPITest.a(USBUART_1.o)
                0x00001420                USBUART_1_GetConfiguration
 .text.USBUART_1_GetEPState
                0x0000142c       0x14 .\CortexM3\ARM_GCC_493\Release\DMASDSPITest.a(USBUART_1.o)
                0x0000142c                USBUART_1_GetEPState
 .text.USBUART_1_LoadInEP
                0x00001440       0x80 .\CortexM3\ARM_GCC_493\Release\DMASDSPITest.a(USBUART_1.o)
                0x00001440                USBUART_1_LoadInEP
 .text.USBUART_1_EnableOutEP
                0x000014c0       0x2c .\CortexM3\ARM_GCC_493\Release\DMASDSPITest.a(USBUART_1.o)
                0x000014c0                USBUART_1_EnableOutEP
 .text.USBUART_1_DispatchCDCClassRqst
                0x000014ec       0xc8 .\CortexM3\ARM_GCC_493\Release\DMASDSPITest.a(USBUART_1_cdc.o)
                0x000014ec                USBUART_1_DispatchCDCClassRqst
 .text.USBUART_1_CDC_Init
                0x000015b4       0x78 .\CortexM3\ARM_GCC_493\Release\DMASDSPITest.a(USBUART_1_cdc.o)
                0x000015b4                USBUART_1_CDC_Init
 .text.USBUART_1_PutString
                0x0000162c       0x98 .\CortexM3\ARM_GCC_493\Release\DMASDSPITest.a(USBUART_1_cdc.o)
                0x0000162c                USBUART_1_PutString
 .text.USBUART_1_CDCIsReady
                0x000016c4       0x14 .\CortexM3\ARM_GCC_493\Release\DMASDSPITest.a(USBUART_1_cdc.o)
                0x000016c4                USBUART_1_CDCIsReady
 .text.USBUART_1_Cdc_EpInit
                0x000016d8       0x50 .\CortexM3\ARM_GCC_493\Release\DMASDSPITest.a(USBUART_1_cdc.o)
                0x000016d8                USBUART_1_Cdc_EpInit
 .text.USBUART_1_EP_0_ISR
                0x00001728      0x3a0 .\CortexM3\ARM_GCC_493\Release\DMASDSPITest.a(USBUART_1_drv.o)
                0x00001728                USBUART_1_EP_0_ISR
 .text.USBUART_1_InitControlRead
                0x00001ac8      0x1e8 .\CortexM3\ARM_GCC_493\Release\DMASDSPITest.a(USBUART_1_drv.o)
                0x00001ac8                USBUART_1_InitControlRead
 .text.USBUART_1_InitControlWrite
                0x00001cb0       0x5c .\CortexM3\ARM_GCC_493\Release\DMASDSPITest.a(USBUART_1_drv.o)
                0x00001cb0                USBUART_1_InitControlWrite
 .text.USBUART_1_InitNoDataControlTransfer
                0x00001d0c       0x30 .\CortexM3\ARM_GCC_493\Release\DMASDSPITest.a(USBUART_1_drv.o)
                0x00001d0c                USBUART_1_InitNoDataControlTransfer
 .text.USBUART_1_EP_1_ISR
                0x00001d3c       0x34 .\CortexM3\ARM_GCC_493\Release\DMASDSPITest.a(USBUART_1_episr.o)
                0x00001d3c                USBUART_1_EP_1_ISR
 .text.USBUART_1_EP_2_ISR
                0x00001d70       0x38 .\CortexM3\ARM_GCC_493\Release\DMASDSPITest.a(USBUART_1_episr.o)
                0x00001d70                USBUART_1_EP_2_ISR
 .text.USBUART_1_EP_3_ISR
                0x00001da8       0x40 .\CortexM3\ARM_GCC_493\Release\DMASDSPITest.a(USBUART_1_episr.o)
                0x00001da8                USBUART_1_EP_3_ISR
 .text.USBUART_1_SOF_ISR
                0x00001de8        0x4 .\CortexM3\ARM_GCC_493\Release\DMASDSPITest.a(USBUART_1_episr.o)
                0x00001de8                USBUART_1_SOF_ISR
 .text.USBUART_1_BUS_RESET_ISR
                0x00001dec        0x4 .\CortexM3\ARM_GCC_493\Release\DMASDSPITest.a(USBUART_1_episr.o)
                0x00001dec                USBUART_1_BUS_RESET_ISR
 .text.USBUART_1_DP_ISR
                0x00001df0        0x4 .\CortexM3\ARM_GCC_493\Release\DMASDSPITest.a(USBUART_1_pm.o)
                0x00001df0                USBUART_1_DP_ISR
 .text.USBUART_1_ConfigAltChanged.part.0
                0x00001df4      0x160 .\CortexM3\ARM_GCC_493\Release\DMASDSPITest.a(USBUART_1_std.o)
 .text.USBUART_1_ReadDieID
                0x00001f54      0x13c .\CortexM3\ARM_GCC_493\Release\DMASDSPITest.a(USBUART_1_std.o)
                0x00001f54                USBUART_1_ReadDieID
 .text.USBUART_1_Config
                0x00002090      0x398 .\CortexM3\ARM_GCC_493\Release\DMASDSPITest.a(USBUART_1_std.o)
                0x00002090                USBUART_1_Config
 .text.USBUART_1_HandleStandardRqst
                0x00002428      0x41c .\CortexM3\ARM_GCC_493\Release\DMASDSPITest.a(USBUART_1_std.o)
                0x00002428                USBUART_1_HandleStandardRqst
 .text.USBUART_1_HandleVendorRqst
                0x00002844       0x14 .\CortexM3\ARM_GCC_493\Release\DMASDSPITest.a(USBUART_1_vnd.o)
                0x00002844                USBUART_1_HandleVendorRqst
 .text.USBUART_1_Dp_ClearInterrupt
                0x00002858       0x10 .\CortexM3\ARM_GCC_493\Release\DMASDSPITest.a(USBUART_1_Dp.o)
                0x00002858                USBUART_1_Dp_ClearInterrupt
 .text.SDSPI_CardStatus_Read
                0x00002868        0xc .\CortexM3\ARM_GCC_493\Release\DMASDSPITest.a(SDSPI_CardStatus.o)
                0x00002868                SDSPI_CardStatus_Read
 .text.USBUART_1_DispatchClassRqst
                0x00002874       0x58 .\CortexM3\ARM_GCC_493\Release\DMASDSPITest.a(USBUART_1_cls.o)
                0x00002874                USBUART_1_DispatchClassRqst
 .text.sync_window.part.5
                0x000028cc       0x4c .\DMASDSPI\Library\libfatfs.a(ff.o)
 .text.check_fs
                0x00002918       0xbc .\DMASDSPI\Library\libfatfs.a(ff.o)
 .text.move_window
                0x000029d4       0x7c .\DMASDSPI\Library\libfatfs.a(ff.o)
 .text.sync_fs  0x00002a50      0x108 .\DMASDSPI\Library\libfatfs.a(ff.o)
 .text.find_volume
                0x00002b58      0x4ac .\DMASDSPI\Library\libfatfs.a(ff.o)
 .text.put_fat.part.7
                0x00003004      0x2c8 .\DMASDSPI\Library\libfatfs.a(ff.o)
 .text.get_fat.isra.8
                0x000032cc      0x270 .\DMASDSPI\Library\libfatfs.a(ff.o)
 .text.create_chain
                0x0000353c      0x398 .\DMASDSPI\Library\libfatfs.a(ff.o)
 .text.dir_sdi.constprop.15
                0x000038d4      0x300 .\DMASDSPI\Library\libfatfs.a(ff.o)
 .text.follow_path
                0x00003bd4      0x35c .\DMASDSPI\Library\libfatfs.a(ff.o)
 .text.dir_register
                0x00003f30      0x2d0 .\DMASDSPI\Library\libfatfs.a(ff.o)
 .text.remove_chain
                0x00004200      0x2f4 .\DMASDSPI\Library\libfatfs.a(ff.o)
 .text.f_mount  0x000044f4       0x6c .\DMASDSPI\Library\libfatfs.a(ff.o)
                0x000044f4                f_mount
 .text.f_open   0x00004560      0x23c .\DMASDSPI\Library\libfatfs.a(ff.o)
                0x00004560                f_open
 .text.f_read   0x0000479c      0x270 .\DMASDSPI\Library\libfatfs.a(ff.o)
                0x0000479c                f_read
 .text.f_write  0x00004a0c      0x2b0 .\DMASDSPI\Library\libfatfs.a(ff.o)
                0x00004a0c                f_write
 .text.f_close  0x00004cbc      0x158 .\DMASDSPI\Library\libfatfs.a(ff.o)
                0x00004cbc                f_close
 .text.send_cmd
                0x00004e14       0xd8 .\DMASDSPI\Library\libfatfs.a(diskio.o)
 .text.xmit_datablock
                0x00004eec       0x74 .\DMASDSPI\Library\libfatfs.a(diskio.o)
 .text.disk_attach_spifuncs
                0x00004f60       0x2c .\DMASDSPI\Library\libfatfs.a(diskio.o)
                0x00004f60                disk_attach_spifuncs
 .text.disk_initialize
                0x00004f8c      0x158 .\DMASDSPI\Library\libfatfs.a(diskio.o)
                0x00004f8c                disk_initialize
 .text.disk_status
                0x000050e4       0x14 .\DMASDSPI\Library\libfatfs.a(diskio.o)
                0x000050e4                disk_status
 .text.disk_read
                0x000050f8       0xf4 .\DMASDSPI\Library\libfatfs.a(diskio.o)
                0x000050f8                disk_read
 .text.disk_write
                0x000051ec       0xe0 .\DMASDSPI\Library\libfatfs.a(diskio.o)
                0x000051ec                disk_write
 .text.disk_ioctl
                0x000052cc      0x2c8 .\DMASDSPI\Library\libfatfs.a(diskio.o)
                0x000052cc                disk_ioctl
 .text.disk_timerproc
                0x00005594       0x54 .\DMASDSPI\Library\libfatfs.a(diskio.o)
                0x00005594                disk_timerproc
 .text          0x000055e8      0x370 c:/program files (x86)/cypress/psoc creator/3.3/psoc creator/import/gnu/arm/4.9.3/bin/../lib/gcc/arm-none-eabi/4.9.3/armv7-m\libgcc.a(_arm_addsubdf3.o)
                0x000055e8                __aeabi_drsub
                0x000055f0                __aeabi_dsub
                0x000055f0                __subdf3
                0x000055f4                __aeabi_dadd
                0x000055f4                __adddf3
                0x0000586c                __floatunsidf
                0x0000586c                __aeabi_ui2d
                0x0000588c                __floatsidf
                0x0000588c                __aeabi_i2d
                0x000058b0                __aeabi_f2d
                0x000058b0                __extendsfdf2
                0x000058ec                __floatundidf
                0x000058ec                __aeabi_ul2d
                0x000058fc                __floatdidf
                0x000058fc                __aeabi_l2d
 .text          0x00005958      0x424 c:/program files (x86)/cypress/psoc creator/3.3/psoc creator/import/gnu/arm/4.9.3/bin/../lib/gcc/arm-none-eabi/4.9.3/armv7-m\libgcc.a(_arm_muldivdf3.o)
                0x00005958                __aeabi_dmul
                0x00005958                __muldf3
                0x00005bac                __divdf3
                0x00005bac                __aeabi_ddiv
 .text.__errno  0x00005d7c        0xc c:/program files (x86)/cypress/psoc creator/3.3/psoc creator/import/gnu/arm/4.9.3/bin/../lib/gcc/arm-none-eabi/4.9.3/../../../../arm-none-eabi/lib/armv7-m\libg_nano.a(lib_a-errno.o)
                0x00005d7c                __errno
 .text.__libc_init_array
                0x00005d88       0x4c c:/program files (x86)/cypress/psoc creator/3.3/psoc creator/import/gnu/arm/4.9.3/bin/../lib/gcc/arm-none-eabi/4.9.3/../../../../arm-none-eabi/lib/armv7-m\libg_nano.a(lib_a-init.o)
                0x00005d88                __libc_init_array
 .text.memcpy   0x00005dd4       0x16 c:/program files (x86)/cypress/psoc creator/3.3/psoc creator/import/gnu/arm/4.9.3/bin/../lib/gcc/arm-none-eabi/4.9.3/../../../../arm-none-eabi/lib/armv7-m\libg_nano.a(lib_a-memcpy.o)
                0x00005dd4                memcpy
 .text.memset   0x00005dea       0x10 c:/program files (x86)/cypress/psoc creator/3.3/psoc creator/import/gnu/arm/4.9.3/bin/../lib/gcc/arm-none-eabi/4.9.3/../../../../arm-none-eabi/lib/armv7-m\libg_nano.a(lib_a-memset.o)
                0x00005dea                memset
 *fill*         0x00005dfa        0x2 
 .text.sprintf  0x00005dfc       0x48 c:/program files (x86)/cypress/psoc creator/3.3/psoc creator/import/gnu/arm/4.9.3/bin/../lib/gcc/arm-none-eabi/4.9.3/../../../../arm-none-eabi/lib/armv7-m\libg_nano.a(lib_a-sprintf.o)
                0x00005dfc                siprintf
                0x00005dfc                sprintf
 .text.__ssputs_r
                0x00005e44       0xb2 c:/program files (x86)/cypress/psoc creator/3.3/psoc creator/import/gnu/arm/4.9.3/bin/../lib/gcc/arm-none-eabi/4.9.3/../../../../arm-none-eabi/lib/armv7-m\libg_nano.a(lib_a-nano-svfprintf.o)
                0x00005e44                __ssputs_r
 *fill*         0x00005ef6        0x2 
 .text._svfprintf_r
                0x00005ef8      0x1e4 c:/program files (x86)/cypress/psoc creator/3.3/psoc creator/import/gnu/arm/4.9.3/bin/../lib/gcc/arm-none-eabi/4.9.3/../../../../arm-none-eabi/lib/armv7-m\libg_nano.a(lib_a-nano-svfprintf.o)
                0x00005ef8                _svfiprintf_r
                0x00005ef8                _svfprintf_r
 .text._printf_common
                0x000060dc       0xea c:/program files (x86)/cypress/psoc creator/3.3/psoc creator/import/gnu/arm/4.9.3/bin/../lib/gcc/arm-none-eabi/4.9.3/../../../../arm-none-eabi/lib/armv7-m\libg_nano.a(lib_a-nano-vfprintf_i.o)
                0x000060dc                _printf_common
 *fill*         0x000061c6        0x2 
 .text._printf_i
                0x000061c8      0x240 c:/program files (x86)/cypress/psoc creator/3.3/psoc creator/import/gnu/arm/4.9.3/bin/../lib/gcc/arm-none-eabi/4.9.3/../../../../arm-none-eabi/lib/armv7-m\libg_nano.a(lib_a-nano-vfprintf_i.o)
                0x000061c8                _printf_i
 .text.memchr   0x00006408       0x1c c:/program files (x86)/cypress/psoc creator/3.3/psoc creator/import/gnu/arm/4.9.3/bin/../lib/gcc/arm-none-eabi/4.9.3/../../../../arm-none-eabi/lib/armv7-m\libg_nano.a(lib_a-memchr.o)
                0x00006408                memchr
 .text.memmove  0x00006424       0x36 c:/program files (x86)/cypress/psoc creator/3.3/psoc creator/import/gnu/arm/4.9.3/bin/../lib/gcc/arm-none-eabi/4.9.3/../../../../arm-none-eabi/lib/armv7-m\libg_nano.a(lib_a-memmove.o)
                0x00006424                memmove
 *fill*         0x0000645a        0x2 
 .text._free_r  0x0000645c       0x88 c:/program files (x86)/cypress/psoc creator/3.3/psoc creator/import/gnu/arm/4.9.3/bin/../lib/gcc/arm-none-eabi/4.9.3/../../../../arm-none-eabi/lib/armv7-m\libg_nano.a(lib_a-nano-freer.o)
                0x0000645c                _free_r
 .text._malloc_r
                0x000064e4       0xac c:/program files (x86)/cypress/psoc creator/3.3/psoc creator/import/gnu/arm/4.9.3/bin/../lib/gcc/arm-none-eabi/4.9.3/../../../../arm-none-eabi/lib/armv7-m\libg_nano.a(lib_a-nano-mallocr.o)
                0x000064e4                _malloc_r
 .text._realloc_r
                0x00006590       0x4c c:/program files (x86)/cypress/psoc creator/3.3/psoc creator/import/gnu/arm/4.9.3/bin/../lib/gcc/arm-none-eabi/4.9.3/../../../../arm-none-eabi/lib/armv7-m\libg_nano.a(lib_a-nano-reallocr.o)
                0x00006590                _realloc_r
 .text._sbrk_r  0x000065dc       0x20 c:/program files (x86)/cypress/psoc creator/3.3/psoc creator/import/gnu/arm/4.9.3/bin/../lib/gcc/arm-none-eabi/4.9.3/../../../../arm-none-eabi/lib/armv7-m\libg_nano.a(lib_a-sbrkr.o)
                0x000065dc                _sbrk_r
 .text._malloc_usable_size_r
                0x000065fc       0x14 c:/program files (x86)/cypress/psoc creator/3.3/psoc creator/import/gnu/arm/4.9.3/bin/../lib/gcc/arm-none-eabi/4.9.3/../../../../arm-none-eabi/lib/armv7-m\libg_nano.a(lib_a-nano-msizer.o)
                0x000065fc                _malloc_usable_size_r
 *(.plt)
 *(.gnu.warning)
 *(.glue_7t)
 .glue_7t       0x00000000        0x0 linker stubs
 *(.glue_7)
 .glue_7        0x00000000        0x0 linker stubs
 *(.vfp11_veneer)
 .vfp11_veneer  0x00000000        0x0 linker stubs
 *(.bootloader)
 *(.ARM.extab* .gnu.linkonce.armextab.*)
 *(.gcc_except_table)

.v4_bx          0x00006610        0x0
 .v4_bx         0x00000000        0x0 linker stubs

.iplt           0x00006610        0x0
 .iplt          0x00000000        0x0 c:/program files (x86)/cypress/psoc creator/3.3/psoc creator/import/gnu/arm/4.9.3/bin/../lib/gcc/arm-none-eabi/4.9.3/armv7-m/crtbegin.o

.eh_frame_hdr
 *(.eh_frame_hdr)

.eh_frame       0x00006610        0x4
 *(.eh_frame)
 .eh_frame      0x00006610        0x0 c:/program files (x86)/cypress/psoc creator/3.3/psoc creator/import/gnu/arm/4.9.3/bin/../lib/gcc/arm-none-eabi/4.9.3/armv7-m/crtbegin.o
 .eh_frame      0x00006610        0x4 c:/program files (x86)/cypress/psoc creator/3.3/psoc creator/import/gnu/arm/4.9.3/bin/../lib/gcc/arm-none-eabi/4.9.3/armv7-m/crtend.o
                0x00006614                PROVIDE (__exidx_start, .)

.ARM.exidx
 *(.ARM.exidx* .gnu.linkonce.armexidx.*)
                0x00006614                __exidx_end = .

.rodata         0x00006614      0x64c
 *(.rodata .rodata.* .gnu.linkonce.r.*)
 .rodata.str1.4
                0x00006614      0x423 .\CortexM3\ARM_GCC_493\Release\main.o
                                0x424 (size before relaxing)
 *fill*         0x00006a37        0x1 
 .rodata        0x00006a38       0x38 .\CortexM3\ARM_GCC_493\Release\DMASDSPITest.a(cyfitter_cfg.o)
 .rodata.str1.4
                0x00006a70       0x11 .\CortexM3\ARM_GCC_493\Release\DMASDSPITest.a(USBUART_1_std.o)
                                 0x14 (size before relaxing)
 *fill*         0x00006a81        0x3 
 .rodata        0x00006a84      0x160 .\CortexM3\ARM_GCC_493\Release\DMASDSPITest.a(USBUART_1_descr.o)
                0x00006a84                USBUART_1_TABLE
                0x00006a8c                USBUART_1_DEVICE0_TABLE
                0x00006aa4                USBUART_1_DEVICE0_CONFIGURATION0_TABLE
                0x00006acc                USBUART_1_DEVICE0_CONFIGURATION0_INTERFACE_CLASS
                0x00006ad0                USBUART_1_DEVICE0_CONFIGURATION0_EP_SETTINGS_TABLE
                0x00006ae8                USBUART_1_SN_STRING_DESCRIPTOR
                0x00006aec                USBUART_1_STRING_DESCRIPTORS
                0x00006b8c                USBUART_1_DEVICE0_CONFIGURATION0_DESCR
                0x00006bd0                USBUART_1_DEVICE0_DESCR
 .rodata.str1.4
                0x00006be4       0x10 .\DMASDSPI\Library\libfatfs.a(ff.o)
 .rodata.str1.1
                0x00006bf4        0x2 c:/program files (x86)/cypress/psoc creator/3.3/psoc creator/import/gnu/arm/4.9.3/bin/../lib/gcc/arm-none-eabi/4.9.3/../../../../arm-none-eabi/lib/armv7-m\libg_nano.a(lib_a-impure.o)
 .rodata.str1.1
                0x00006bf6       0x11 c:/program files (x86)/cypress/psoc creator/3.3/psoc creator/import/gnu/arm/4.9.3/bin/../lib/gcc/arm-none-eabi/4.9.3/../../../../arm-none-eabi/lib/armv7-m\libg_nano.a(lib_a-nano-svfprintf.o)
 .rodata.str1.1
                0x00006c07       0x22 c:/program files (x86)/cypress/psoc creator/3.3/psoc creator/import/gnu/arm/4.9.3/bin/../lib/gcc/arm-none-eabi/4.9.3/../../../../arm-none-eabi/lib/armv7-m\libg_nano.a(lib_a-nano-vfprintf_i.o)
                0x00006c2c                . = ALIGN (0x4)
 *fill*         0x00006c29        0x3 
 *(.init)
 .init          0x00006c2c        0x4 c:/program files (x86)/cypress/psoc creator/3.3/psoc creator/import/gnu/arm/4.9.3/bin/../lib/gcc/arm-none-eabi/4.9.3/armv7-m/crti.o
                0x00006c2c                _init
 .init          0x00006c30        0x8 c:/program files (x86)/cypress/psoc creator/3.3/psoc creator/import/gnu/arm/4.9.3/bin/../lib/gcc/arm-none-eabi/4.9.3/armv7-m/crtn.o
                0x00006c38                . = ALIGN (0x4)
                0x00006c38                __preinit_array_start = .
 *(.preinit_array)
                0x00006c38                __preinit_array_end = .
                0x00006c38                . = ALIGN (0x4)
                0x00006c38                __init_array_start = .
 *(SORT(.init_array.*))
 *(.init_array)
 .init_array    0x00006c38        0x4 c:/program files (x86)/cypress/psoc creator/3.3/psoc creator/import/gnu/arm/4.9.3/bin/../lib/gcc/arm-none-eabi/4.9.3/armv7-m/crtbegin.o
 .init_array    0x00006c3c        0x4 .\CortexM3\ARM_GCC_493\Release\Cm3Start.o
                0x00006c40                __init_array_end = .
                0x00006c40                . = ALIGN (0x4)
 *(.fini)
 .fini          0x00006c40        0x4 c:/program files (x86)/cypress/psoc creator/3.3/psoc creator/import/gnu/arm/4.9.3/bin/../lib/gcc/arm-none-eabi/4.9.3/armv7-m/crti.o
                0x00006c40                _fini
 .fini          0x00006c44        0x8 c:/program files (x86)/cypress/psoc creator/3.3/psoc creator/import/gnu/arm/4.9.3/bin/../lib/gcc/arm-none-eabi/4.9.3/armv7-m/crtn.o
                0x00006c4c                . = ALIGN (0x4)
                0x00006c4c                __fini_array_start = .
 *(.fini_array)
 .fini_array    0x00006c4c        0x4 c:/program files (x86)/cypress/psoc creator/3.3/psoc creator/import/gnu/arm/4.9.3/bin/../lib/gcc/arm-none-eabi/4.9.3/armv7-m/crtbegin.o
 *(SORT(.fini_array.*))
                0x00006c50                __fini_array_end = .
                0x00006c50                . = ALIGN (0x4)
 *crtbegin.o(.ctors)
 *(EXCLUDE_FILE(*crtend.o) .ctors)
 *(SORT(.ctors.*))
 *crtend.o(.ctors)
                0x00006c50                . = ALIGN (0x4)
 *crtbegin.o(.dtors)
 *(EXCLUDE_FILE(*crtend.o) .dtors)
 *(SORT(.dtors.*))
 *crtend.o(.dtors)
                0x00006c50                . = ALIGN (0x4)
                0x00006c50                __cy_regions = .
                0x00006c50        0x4 LONG 0x6c60 __cy_region_init_ram
                0x00006c54        0x4 LONG 0x1fff8108 __cy_region_start_data
                0x00006c58        0x4 LONG 0xb0 __cy_region_init_size_ram
                0x00006c5c        0x4 LONG 0x8378 __cy_region_zero_size_ram
                0x00006c60                __cy_regions_end = .
                0x00006c60                . = ALIGN (0x8)
                0x00006c60                _etext = .

.cy_checksum_exclude
                0x00006c60        0x0
 *(.cy_checksum_exclude)

.ramvectors     0x1fff8000      0x100
                0x1fff8000                __cy_region_start_ram = .
 *(.ramvectors)
 .ramvectors    0x1fff8000      0x100 .\CortexM3\ARM_GCC_493\Release\Cm3Start.o
                0x1fff8000                CyRamVectors

.noinit         0x1fff8100        0x5
 *(.noinit)
 .noinit        0x1fff8100        0x4 .\CortexM3\ARM_GCC_493\Release\Cm3Start.o
 .noinit        0x1fff8104        0x1 .\CortexM3\ARM_GCC_493\Release\DMASDSPITest.a(CyLib.o)
                0x1fff8104                CyResetStatus

.data           0x1fff8108       0xb0 load address 0x00006c60
                0x1fff8108                __cy_region_start_data = .
 *(.jcr)
 .jcr           0x1fff8108        0x0 c:/program files (x86)/cypress/psoc creator/3.3/psoc creator/import/gnu/arm/4.9.3/bin/../lib/gcc/arm-none-eabi/4.9.3/armv7-m/crtbegin.o
 .jcr           0x1fff8108        0x4 c:/program files (x86)/cypress/psoc creator/3.3/psoc creator/import/gnu/arm/4.9.3/bin/../lib/gcc/arm-none-eabi/4.9.3/armv7-m/crtend.o
 *(.got.plt)
 *(.got)
 *(.shdata)
 *(.data .data.* .gnu.linkonce.d.*)
 .data          0x1fff810c        0x4 .\CortexM3\ARM_GCC_493\Release\Cm3Start.o
 .data          0x1fff8110        0x8 .\CortexM3\ARM_GCC_493\Release\DMASDSPITest.a(CyDmac.o)
 .data          0x1fff8118       0x10 .\CortexM3\ARM_GCC_493\Release\DMASDSPITest.a(CyLib.o)
                0x1fff8118                cydelay_freq_mhz
                0x1fff811c                cydelay_32k_ms
                0x1fff8120                cydelay_freq_khz
                0x1fff8124                cydelay_freq_hz
 .data          0x1fff8128        0x4 .\CortexM3\ARM_GCC_493\Release\DMASDSPITest.a(SDSPI_api.o)
 .data          0x1fff812c        0x1 .\CortexM3\ARM_GCC_493\Release\DMASDSPITest.a(SDSPI_TX_dma.o)
                0x1fff812c                SDSPI_TX_DmaHandle
 .data          0x1fff812d        0x1 .\CortexM3\ARM_GCC_493\Release\DMASDSPITest.a(SDSPI_RX_dma.o)
                0x1fff812d                SDSPI_RX_DmaHandle
 *fill*         0x1fff812e        0x2 
 .data          0x1fff8130       0x1c .\CortexM3\ARM_GCC_493\Release\DMASDSPITest.a(USBUART_1_cdc.o)
                0x1fff8130                USBUART_1_linesCoding
 .data          0x1fff814c        0x1 .\DMASDSPI\Library\libfatfs.a(diskio.o)
 *fill*         0x1fff814d        0x3 
 .data.impure_data
                0x1fff8150       0x60 c:/program files (x86)/cypress/psoc creator/3.3/psoc creator/import/gnu/arm/4.9.3/bin/../lib/gcc/arm-none-eabi/4.9.3/../../../../arm-none-eabi/lib/armv7-m\libg_nano.a(lib_a-impure.o)
 .data._impure_ptr
                0x1fff81b0        0x4 c:/program files (x86)/cypress/psoc creator/3.3/psoc creator/import/gnu/arm/4.9.3/bin/../lib/gcc/arm-none-eabi/4.9.3/../../../../arm-none-eabi/lib/armv7-m\libg_nano.a(lib_a-impure.o)
                0x1fff81b0                _impure_ptr
                0x1fff81b8                . = ALIGN (0x8)
 *fill*         0x1fff81b4        0x4 
 *(.ram)
                0x1fff81b8                _edata = .

.igot.plt       0x1fff81b8        0x0 load address 0x00006d10
 .igot.plt      0x00000000        0x0 c:/program files (x86)/cypress/psoc creator/3.3/psoc creator/import/gnu/arm/4.9.3/bin/../lib/gcc/arm-none-eabi/4.9.3/armv7-m/crtbegin.o

.bss            0x1fff81b8     0x8378 load address 0x00006d10
                0x1fff81b8                PROVIDE (__bss_start__, .)
 *(.shbss)
 *(.bss .bss.* .gnu.linkonce.b.*)
 .bss           0x1fff81b8       0x1c c:/program files (x86)/cypress/psoc creator/3.3/psoc creator/import/gnu/arm/4.9.3/bin/../lib/gcc/arm-none-eabi/4.9.3/armv7-m/crtbegin.o
 .bss           0x1fff81d4        0x4 .\CortexM3\ARM_GCC_493\Release\main.o
                0x1fff81d4                nmillis
 .bss           0x1fff81d8        0xc .\CortexM3\ARM_GCC_493\Release\DMASDSPITest.a(SDSPI_api.o)
 .bss           0x1fff81e4        0x1 .\CortexM3\ARM_GCC_493\Release\DMASDSPITest.a(SDSPI_SPIMaster.o)
                0x1fff81e4                SDSPI_SPIMaster_initVar
 .bss           0x1fff81e5        0x1 .\CortexM3\ARM_GCC_493\Release\DMASDSPITest.a(USBUART_1.o)
                0x1fff81e5                USBUART_1_initVar
 .bss           0x1fff81e6        0x1 .\CortexM3\ARM_GCC_493\Release\DMASDSPITest.a(USBUART_1_cdc.o)
 *fill*         0x1fff81e7        0x1 
 .bss           0x1fff81e8        0x4 .\CortexM3\ARM_GCC_493\Release\DMASDSPITest.a(USBUART_1_std.o)
 .bss           0x1fff81ec        0x8 .\DMASDSPI\Library\libfatfs.a(ff.o)
 .bss           0x1fff81f4        0xc .\DMASDSPI\Library\libfatfs.a(diskio.o)
 .bss.__malloc_sbrk_start
                0x1fff8200        0x4 c:/program files (x86)/cypress/psoc creator/3.3/psoc creator/import/gnu/arm/4.9.3/bin/../lib/gcc/arm-none-eabi/4.9.3/../../../../arm-none-eabi/lib/armv7-m\libg_nano.a(lib_a-nano-mallocr.o)
                0x1fff8200                __malloc_sbrk_start
 .bss.__malloc_free_list
                0x1fff8204        0x4 c:/program files (x86)/cypress/psoc creator/3.3/psoc creator/import/gnu/arm/4.9.3/bin/../lib/gcc/arm-none-eabi/4.9.3/../../../../arm-none-eabi/lib/armv7-m\libg_nano.a(lib_a-nano-mallocr.o)
                0x1fff8204                __malloc_free_list
 *(COMMON)
 COMMON         0x1fff8208     0x8228 .\CortexM3\ARM_GCC_493\Release\main.o
                0x1fff8208                File
                0x1fff8430                buffer
 COMMON         0x20000430       0x18 .\CortexM3\ARM_GCC_493\Release\DMASDSPITest.a(USBUART_1_cdc.o)
                0x20000430                USBUART_1_cdcDataInEp
                0x20000434                USBUART_1_cdcDataOutEp
                0x20000438                USBUART_1_cdcCommInInterruptEp
                0x2000043c                USBUART_1_serialStateBitmap
                0x20000440                USBUART_1_linesChanged
                0x20000444                USBUART_1_linesControlBitmap
 COMMON         0x20000448       0x97 .\CortexM3\ARM_GCC_493\Release\DMASDSPITest.a(USBUART_1_drv.o)
                0x20000448                USBUART_1_interfaceSettingLast
                0x2000044a                USBUART_1_ep0Mode
                0x2000044b                USBUART_1_lastPacketSize
                0x2000044c                USBUART_1_configurationChanged
                0x2000044d                USBUART_1_configuration
                0x2000044e                USBUART_1_interfaceNumber
                0x2000044f                USBUART_1_deviceStatus
                0x20000450                USBUART_1_ep0Toggle
                0x20000454                USBUART_1_interfaceClass
                0x20000458                USBUART_1_interfaceSetting
                0x2000045c                USBUART_1_currentTD
                0x20000468                USBUART_1_ep0Count
                0x2000046c                USBUART_1_EP
                0x200004d8                USBUART_1_transferByteCount
                0x200004da                USBUART_1_transferState
                0x200004db                USBUART_1_device
                0x200004dc                USBUART_1_interfaceStatus
                0x200004de                USBUART_1_deviceAddress
 *fill*         0x200004df        0x1 
 COMMON         0x200004e0       0x22 .\CortexM3\ARM_GCC_493\Release\DMASDSPITest.a(USBUART_1_descr.o)
                0x200004e0                USBUART_1_idSerialNumberStringDescriptor
 *fill*         0x20000502        0x2 
 COMMON         0x20000504       0x24 .\DMASDSPI\Library\libfatfs.a(diskio.o)
                0x20000504                SpiFuncs
 COMMON         0x20000528        0x4 c:/program files (x86)/cypress/psoc creator/3.3/psoc creator/import/gnu/arm/4.9.3/bin/../lib/gcc/arm-none-eabi/4.9.3/../../../../arm-none-eabi/lib/armv7-m\libg_nano.a(lib_a-reent.o)
                0x20000528                errno
                0x20000530                . = ALIGN (0x8)
 *fill*         0x2000052c        0x4 
 *(.ram.b)
                0x20000530                _end = .
                0x20000530                __end = .
                0x20000530                PROVIDE (end, .)
                0x20000530                PROVIDE (__bss_end__, .)
                0x00006c60                __cy_region_init_ram = LOADADDR (.data)
                0x000000b0                __cy_region_init_size_ram = (_edata - ADDR (.data))
                0x00008378                __cy_region_zero_size_ram = (_end - _edata)

.heap           0x20000530       0x80 load address 0x00006d10
                0x20000530                . = _end
                0x200005b0                . = (. + 0x80)
 *fill*         0x20000530       0x80 
                0x200005b0                __cy_heap_limit = .

.stack          0x20007800      0x800
                0x20007800                __cy_stack_limit = .
                0x20008000                . = (. + 0x800)
 *fill*         0x20007800      0x800 
                0x00000001                ASSERT ((__cy_stack_limit >= __cy_heap_limit), region RAM overflowed with stack)
                0x00000000                cy_checksum_exclude_size = (CY_APPL_LOADABLE == 0x1)?SIZEOF (.cy_checksum_exclude):0x0
                0x00000001                ASSERT ((cy_checksum_exclude_size <= CY_CHECKSUM_EXCLUDE_SIZE), CY_BOOT: Section .cy_checksum_exclude size exceedes specified limit.)

.cyloadermeta
 *(.cyloadermeta)

.cyloadablemeta
 *(.cyloadablemeta)

.cyconfigecc    0x80000000      0x2f0
 *(.cyconfigecc)
 .cyconfigecc   0x80000000      0x2f0 .\CortexM3\ARM_GCC_493\Release\cymetadata.o
                0x80000000                cy_meta_configecc

.cycustnvl      0x90000000        0x4
 *(.cycustnvl)
 .cycustnvl     0x90000000        0x4 .\CortexM3\ARM_GCC_493\Release\cymetadata.o
                0x90000000                cy_meta_custnvl

.cywolatch      0x90100000        0x4
 *(.cywolatch)
 .cywolatch     0x90100000        0x4 .\CortexM3\ARM_GCC_493\Release\cymetadata.o
                0x90100000                cy_meta_wonvl

.cyeeprom       0x90200000        0x0
 *(.cyeeprom)
                0x00000001                ASSERT ((. <= ((0x90200000 + ee_offset) + ee_size)), .cyeeprom data will not fit in EEPROM)

.cyflashprotect
                0x90400000      0x100
 *(.cyflashprotect)
 .cyflashprotect
                0x90400000      0x100 .\CortexM3\ARM_GCC_493\Release\cymetadata.o
                0x90400000                cy_meta_flashprotect

.cymeta         0x90500000        0xc
 *(.cymeta)
 .cymeta        0x90500000        0xc .\CortexM3\ARM_GCC_493\Release\cymetadata.o
                0x90500000                cy_metadata

.rel.dyn        0x00006d10        0x0 load address 0x9050000c
 .rel.iplt      0x00000000        0x0 c:/program files (x86)/cypress/psoc creator/3.3/psoc creator/import/gnu/arm/4.9.3/bin/../lib/gcc/arm-none-eabi/4.9.3/armv7-m/crtbegin.o

.stab
 *(.stab)

.stabstr
 *(.stabstr)

.debug
 *(.debug)

.line
 *(.line)

.debug_srcinfo
 *(.debug_srcinfo)

.debug_sfnames
 *(.debug_sfnames)

.debug_aranges  0x00000000      0xed8
 *(.debug_aranges)
 .debug_aranges
                0x00000000       0x60 .\CortexM3\ARM_GCC_493\Release\main.o
 .debug_aranges
                0x00000060       0x18 .\CortexM3\ARM_GCC_493\Release\cymetadata.o
 .debug_aranges
                0x00000078       0x48 .\CortexM3\ARM_GCC_493\Release\Cm3Start.o
 .debug_aranges
                0x000000c0       0x28 .\CortexM3\ARM_GCC_493\Release\DMASDSPITest.a(cyfitter_cfg.o)
 .debug_aranges
                0x000000e8       0x20 .\CortexM3\ARM_GCC_493\Release\DMASDSPITest.a(CyBootAsmGnu.o)
 .debug_aranges
                0x00000108       0xd8 .\CortexM3\ARM_GCC_493\Release\DMASDSPITest.a(CyDmac.o)
 .debug_aranges
                0x000001e0      0x288 .\CortexM3\ARM_GCC_493\Release\DMASDSPITest.a(CyLib.o)
 .debug_aranges
                0x00000468       0x78 .\CortexM3\ARM_GCC_493\Release\DMASDSPITest.a(cyPm.o)
 .debug_aranges
                0x000004e0       0x68 .\CortexM3\ARM_GCC_493\Release\DMASDSPITest.a(SDSPI_api.o)
 .debug_aranges
                0x00000548       0x28 .\CortexM3\ARM_GCC_493\Release\DMASDSPITest.a(SDSPI_TX_dma.o)
 .debug_aranges
                0x00000570       0x28 .\CortexM3\ARM_GCC_493\Release\DMASDSPITest.a(SDSPI_RX_dma.o)
 .debug_aranges
                0x00000598       0x80 .\CortexM3\ARM_GCC_493\Release\DMASDSPITest.a(SDSPI_RX_DMA_IRQ.o)
 .debug_aranges
                0x00000618       0xd8 .\CortexM3\ARM_GCC_493\Release\DMASDSPITest.a(SDSPI_SPIMaster.o)
 .debug_aranges
                0x000006f0       0x70 .\CortexM3\ARM_GCC_493\Release\DMASDSPITest.a(SD_CLK.o)
 .debug_aranges
                0x00000760       0x28 .\CortexM3\ARM_GCC_493\Release\DMASDSPITest.a(LEDControl.o)
 .debug_aranges
                0x00000788       0x80 .\CortexM3\ARM_GCC_493\Release\DMASDSPITest.a(MillisecISR.o)
 .debug_aranges
                0x00000808       0x28 .\CortexM3\ARM_GCC_493\Release\DMASDSPITest.a(SDSPI_CSControl.o)
 .debug_aranges
                0x00000830       0xc8 .\CortexM3\ARM_GCC_493\Release\DMASDSPITest.a(USBUART_1.o)
 .debug_aranges
                0x000008f8       0xe0 .\CortexM3\ARM_GCC_493\Release\DMASDSPITest.a(USBUART_1_cdc.o)
 .debug_aranges
                0x000009d8       0x98 .\CortexM3\ARM_GCC_493\Release\DMASDSPITest.a(USBUART_1_drv.o)
 .debug_aranges
                0x00000a70       0x40 .\CortexM3\ARM_GCC_493\Release\DMASDSPITest.a(USBUART_1_episr.o)
 .debug_aranges
                0x00000ab0       0x40 .\CortexM3\ARM_GCC_493\Release\DMASDSPITest.a(USBUART_1_pm.o)
 .debug_aranges
                0x00000af0       0x88 .\CortexM3\ARM_GCC_493\Release\DMASDSPITest.a(USBUART_1_std.o)
 .debug_aranges
                0x00000b78       0x20 .\CortexM3\ARM_GCC_493\Release\DMASDSPITest.a(USBUART_1_vnd.o)
 .debug_aranges
                0x00000b98       0x48 .\CortexM3\ARM_GCC_493\Release\DMASDSPITest.a(USBUART_1_Dp.o)
 .debug_aranges
                0x00000be0       0x40 .\CortexM3\ARM_GCC_493\Release\DMASDSPITest.a(SDSPI_CardStatus.o)
 .debug_aranges
                0x00000c20       0x70 .\CortexM3\ARM_GCC_493\Release\DMASDSPITest.a(CyFlash.o)
 .debug_aranges
                0x00000c90       0x78 .\CortexM3\ARM_GCC_493\Release\DMASDSPITest.a(CySpc.o)
 .debug_aranges
                0x00000d08       0x20 .\CortexM3\ARM_GCC_493\Release\DMASDSPITest.a(USBUART_1_cls.o)
 .debug_aranges
                0x00000d28       0x18 .\CortexM3\ARM_GCC_493\Release\DMASDSPITest.a(USBUART_1_descr.o)
 .debug_aranges
                0x00000d40      0x120 .\DMASDSPI\Library\libfatfs.a(ff.o)
 .debug_aranges
                0x00000e60       0x78 .\DMASDSPI\Library\libfatfs.a(diskio.o)

.debug_pubnames
 *(.debug_pubnames)

.debug_info     0x00000000    0x16ce2
 *(.debug_info .gnu.linkonce.wi.*)
 .debug_info    0x00000000     0x2e96 .\CortexM3\ARM_GCC_493\Release\main.o
 .debug_info    0x00002e96      0x13b .\CortexM3\ARM_GCC_493\Release\cymetadata.o
 .debug_info    0x00002fd1      0x3af .\CortexM3\ARM_GCC_493\Release\Cm3Start.o
 .debug_info    0x00003380      0x5ef .\CortexM3\ARM_GCC_493\Release\DMASDSPITest.a(cyfitter_cfg.o)
 .debug_info    0x0000396f       0x9d .\CortexM3\ARM_GCC_493\Release\DMASDSPITest.a(CyBootAsmGnu.o)
 .debug_info    0x00003a0c      0x954 .\CortexM3\ARM_GCC_493\Release\DMASDSPITest.a(CyDmac.o)
 .debug_info    0x00004360     0x1729 .\CortexM3\ARM_GCC_493\Release\DMASDSPITest.a(CyLib.o)
 .debug_info    0x00005a89      0x9d2 .\CortexM3\ARM_GCC_493\Release\DMASDSPITest.a(cyPm.o)
 .debug_info    0x0000645b      0xaf9 .\CortexM3\ARM_GCC_493\Release\DMASDSPITest.a(SDSPI_api.o)
 .debug_info    0x00006f54      0x1f8 .\CortexM3\ARM_GCC_493\Release\DMASDSPITest.a(SDSPI_TX_dma.o)
 .debug_info    0x0000714c      0x1fb .\CortexM3\ARM_GCC_493\Release\DMASDSPITest.a(SDSPI_RX_dma.o)
 .debug_info    0x00007347      0x373 .\CortexM3\ARM_GCC_493\Release\DMASDSPITest.a(SDSPI_RX_DMA_IRQ.o)
 .debug_info    0x000076ba      0x603 .\CortexM3\ARM_GCC_493\Release\DMASDSPITest.a(SDSPI_SPIMaster.o)
 .debug_info    0x00007cbd      0x29b .\CortexM3\ARM_GCC_493\Release\DMASDSPITest.a(SD_CLK.o)
 .debug_info    0x00007f58       0xd6 .\CortexM3\ARM_GCC_493\Release\DMASDSPITest.a(LEDControl.o)
 .debug_info    0x0000802e      0x373 .\CortexM3\ARM_GCC_493\Release\DMASDSPITest.a(MillisecISR.o)
 .debug_info    0x000083a1       0xd6 .\CortexM3\ARM_GCC_493\Release\DMASDSPITest.a(SDSPI_CSControl.o)
 .debug_info    0x00008477      0xab8 .\CortexM3\ARM_GCC_493\Release\DMASDSPITest.a(USBUART_1.o)
 .debug_info    0x00008f2f      0xb4e .\CortexM3\ARM_GCC_493\Release\DMASDSPITest.a(USBUART_1_cdc.o)
 .debug_info    0x00009a7d      0x901 .\CortexM3\ARM_GCC_493\Release\DMASDSPITest.a(USBUART_1_drv.o)
 .debug_info    0x0000a37e      0x244 .\CortexM3\ARM_GCC_493\Release\DMASDSPITest.a(USBUART_1_episr.o)
 .debug_info    0x0000a5c2      0x30f .\CortexM3\ARM_GCC_493\Release\DMASDSPITest.a(USBUART_1_pm.o)
 .debug_info    0x0000a8d1      0xe96 .\CortexM3\ARM_GCC_493\Release\DMASDSPITest.a(USBUART_1_std.o)
 .debug_info    0x0000b767       0xe6 .\CortexM3\ARM_GCC_493\Release\DMASDSPITest.a(USBUART_1_vnd.o)
 .debug_info    0x0000b84d      0x174 .\CortexM3\ARM_GCC_493\Release\DMASDSPITest.a(USBUART_1_Dp.o)
 .debug_info    0x0000b9c1      0x17a .\CortexM3\ARM_GCC_493\Release\DMASDSPITest.a(SDSPI_CardStatus.o)
 .debug_info    0x0000bb3b      0x75d .\CortexM3\ARM_GCC_493\Release\DMASDSPITest.a(CyFlash.o)
 .debug_info    0x0000c298      0x4fb .\CortexM3\ARM_GCC_493\Release\DMASDSPITest.a(CySpc.o)
 .debug_info    0x0000c793      0x1ce .\CortexM3\ARM_GCC_493\Release\DMASDSPITest.a(USBUART_1_cls.o)
 .debug_info    0x0000c961      0x28d .\CortexM3\ARM_GCC_493\Release\DMASDSPITest.a(USBUART_1_descr.o)
 .debug_info    0x0000cbee     0x8b58 .\DMASDSPI\Library\libfatfs.a(ff.o)
 .debug_info    0x00015746     0x159c .\DMASDSPI\Library\libfatfs.a(diskio.o)

.debug_abbrev   0x00000000     0x3b77
 *(.debug_abbrev)
 .debug_abbrev  0x00000000      0x40a .\CortexM3\ARM_GCC_493\Release\main.o
 .debug_abbrev  0x0000040a       0x66 .\CortexM3\ARM_GCC_493\Release\cymetadata.o
 .debug_abbrev  0x00000470      0x200 .\CortexM3\ARM_GCC_493\Release\Cm3Start.o
 .debug_abbrev  0x00000670      0x26b .\CortexM3\ARM_GCC_493\Release\DMASDSPITest.a(cyfitter_cfg.o)
 .debug_abbrev  0x000008db       0x14 .\CortexM3\ARM_GCC_493\Release\DMASDSPITest.a(CyBootAsmGnu.o)
 .debug_abbrev  0x000008ef      0x1e1 .\CortexM3\ARM_GCC_493\Release\DMASDSPITest.a(CyDmac.o)
 .debug_abbrev  0x00000ad0      0x3ee .\CortexM3\ARM_GCC_493\Release\DMASDSPITest.a(CyLib.o)
 .debug_abbrev  0x00000ebe      0x211 .\CortexM3\ARM_GCC_493\Release\DMASDSPITest.a(cyPm.o)
 .debug_abbrev  0x000010cf      0x2b9 .\CortexM3\ARM_GCC_493\Release\DMASDSPITest.a(SDSPI_api.o)
 .debug_abbrev  0x00001388       0xee .\CortexM3\ARM_GCC_493\Release\DMASDSPITest.a(SDSPI_TX_dma.o)
 .debug_abbrev  0x00001476       0xee .\CortexM3\ARM_GCC_493\Release\DMASDSPITest.a(SDSPI_RX_dma.o)
 .debug_abbrev  0x00001564      0x1f2 .\CortexM3\ARM_GCC_493\Release\DMASDSPITest.a(SDSPI_RX_DMA_IRQ.o)
 .debug_abbrev  0x00001756      0x25d .\CortexM3\ARM_GCC_493\Release\DMASDSPITest.a(SDSPI_SPIMaster.o)
 .debug_abbrev  0x000019b3      0x142 .\CortexM3\ARM_GCC_493\Release\DMASDSPITest.a(SD_CLK.o)
 .debug_abbrev  0x00001af5       0x81 .\CortexM3\ARM_GCC_493\Release\DMASDSPITest.a(LEDControl.o)
 .debug_abbrev  0x00001b76      0x1f2 .\CortexM3\ARM_GCC_493\Release\DMASDSPITest.a(MillisecISR.o)
 .debug_abbrev  0x00001d68       0x81 .\CortexM3\ARM_GCC_493\Release\DMASDSPITest.a(SDSPI_CSControl.o)
 .debug_abbrev  0x00001de9      0x328 .\CortexM3\ARM_GCC_493\Release\DMASDSPITest.a(USBUART_1.o)
 .debug_abbrev  0x00002111      0x328 .\CortexM3\ARM_GCC_493\Release\DMASDSPITest.a(USBUART_1_cdc.o)
 .debug_abbrev  0x00002439      0x273 .\CortexM3\ARM_GCC_493\Release\DMASDSPITest.a(USBUART_1_drv.o)
 .debug_abbrev  0x000026ac      0x11e .\CortexM3\ARM_GCC_493\Release\DMASDSPITest.a(USBUART_1_episr.o)
 .debug_abbrev  0x000027ca      0x188 .\CortexM3\ARM_GCC_493\Release\DMASDSPITest.a(USBUART_1_pm.o)
 .debug_abbrev  0x00002952      0x330 .\CortexM3\ARM_GCC_493\Release\DMASDSPITest.a(USBUART_1_std.o)
 .debug_abbrev  0x00002c82       0x9b .\CortexM3\ARM_GCC_493\Release\DMASDSPITest.a(USBUART_1_vnd.o)
 .debug_abbrev  0x00002d1d       0x9f .\CortexM3\ARM_GCC_493\Release\DMASDSPITest.a(USBUART_1_Dp.o)
 .debug_abbrev  0x00002dbc       0xd4 .\CortexM3\ARM_GCC_493\Release\DMASDSPITest.a(SDSPI_CardStatus.o)
 .debug_abbrev  0x00002e90      0x29a .\CortexM3\ARM_GCC_493\Release\DMASDSPITest.a(CyFlash.o)
 .debug_abbrev  0x0000312a      0x1c0 .\CortexM3\ARM_GCC_493\Release\DMASDSPITest.a(CySpc.o)
 .debug_abbrev  0x000032ea       0xf3 .\CortexM3\ARM_GCC_493\Release\DMASDSPITest.a(USBUART_1_cls.o)
 .debug_abbrev  0x000033dd       0xb4 .\CortexM3\ARM_GCC_493\Release\DMASDSPITest.a(USBUART_1_descr.o)
 .debug_abbrev  0x00003491      0x364 .\DMASDSPI\Library\libfatfs.a(ff.o)
 .debug_abbrev  0x000037f5      0x382 .\DMASDSPI\Library\libfatfs.a(diskio.o)

.debug_line     0x00000000     0x75f9
 *(.debug_line)
 .debug_line    0x00000000      0x8f6 .\CortexM3\ARM_GCC_493\Release\main.o
 .debug_line    0x000008f6       0x53 .\CortexM3\ARM_GCC_493\Release\cymetadata.o
 .debug_line    0x00000949      0x23b .\CortexM3\ARM_GCC_493\Release\Cm3Start.o
 .debug_line    0x00000b84      0x213 .\CortexM3\ARM_GCC_493\Release\DMASDSPITest.a(cyfitter_cfg.o)
 .debug_line    0x00000d97       0x68 .\CortexM3\ARM_GCC_493\Release\DMASDSPITest.a(CyBootAsmGnu.o)
 .debug_line    0x00000dff      0x321 .\CortexM3\ARM_GCC_493\Release\DMASDSPITest.a(CyDmac.o)
 .debug_line    0x00001120      0xa4d .\CortexM3\ARM_GCC_493\Release\DMASDSPITest.a(CyLib.o)
 .debug_line    0x00001b6d      0x505 .\CortexM3\ARM_GCC_493\Release\DMASDSPITest.a(cyPm.o)
 .debug_line    0x00002072      0x37d .\CortexM3\ARM_GCC_493\Release\DMASDSPITest.a(SDSPI_api.o)
 .debug_line    0x000023ef       0xa1 .\CortexM3\ARM_GCC_493\Release\DMASDSPITest.a(SDSPI_TX_dma.o)
 .debug_line    0x00002490       0xa0 .\CortexM3\ARM_GCC_493\Release\DMASDSPITest.a(SDSPI_RX_dma.o)
 .debug_line    0x00002530      0x1c4 .\CortexM3\ARM_GCC_493\Release\DMASDSPITest.a(SDSPI_RX_DMA_IRQ.o)
 .debug_line    0x000026f4      0x2ee .\CortexM3\ARM_GCC_493\Release\DMASDSPITest.a(SDSPI_SPIMaster.o)
 .debug_line    0x000029e2      0x1f8 .\CortexM3\ARM_GCC_493\Release\DMASDSPITest.a(SD_CLK.o)
 .debug_line    0x00002bda       0x74 .\CortexM3\ARM_GCC_493\Release\DMASDSPITest.a(LEDControl.o)
 .debug_line    0x00002c4e      0x1bf .\CortexM3\ARM_GCC_493\Release\DMASDSPITest.a(MillisecISR.o)
 .debug_line    0x00002e0d       0x79 .\CortexM3\ARM_GCC_493\Release\DMASDSPITest.a(SDSPI_CSControl.o)
 .debug_line    0x00002e86      0x3cb .\CortexM3\ARM_GCC_493\Release\DMASDSPITest.a(USBUART_1.o)
 .debug_line    0x00003251      0x37a .\CortexM3\ARM_GCC_493\Release\DMASDSPITest.a(USBUART_1_cdc.o)
 .debug_line    0x000035cb      0x562 .\CortexM3\ARM_GCC_493\Release\DMASDSPITest.a(USBUART_1_drv.o)
 .debug_line    0x00003b2d      0x111 .\CortexM3\ARM_GCC_493\Release\DMASDSPITest.a(USBUART_1_episr.o)
 .debug_line    0x00003c3e      0x17a .\CortexM3\ARM_GCC_493\Release\DMASDSPITest.a(USBUART_1_pm.o)
 .debug_line    0x00003db8      0x676 .\CortexM3\ARM_GCC_493\Release\DMASDSPITest.a(USBUART_1_std.o)
 .debug_line    0x0000442e       0x7f .\CortexM3\ARM_GCC_493\Release\DMASDSPITest.a(USBUART_1_vnd.o)
 .debug_line    0x000044ad       0xc3 .\CortexM3\ARM_GCC_493\Release\DMASDSPITest.a(USBUART_1_Dp.o)
 .debug_line    0x00004570       0xc1 .\CortexM3\ARM_GCC_493\Release\DMASDSPITest.a(SDSPI_CardStatus.o)
 .debug_line    0x00004631      0x259 .\CortexM3\ARM_GCC_493\Release\DMASDSPITest.a(CyFlash.o)
 .debug_line    0x0000488a      0x280 .\CortexM3\ARM_GCC_493\Release\DMASDSPITest.a(CySpc.o)
 .debug_line    0x00004b0a       0xa8 .\CortexM3\ARM_GCC_493\Release\DMASDSPITest.a(USBUART_1_cls.o)
 .debug_line    0x00004bb2       0x67 .\CortexM3\ARM_GCC_493\Release\DMASDSPITest.a(USBUART_1_descr.o)
 .debug_line    0x00004c19     0x24af .\DMASDSPI\Library\libfatfs.a(ff.o)
 .debug_line    0x000070c8      0x531 .\DMASDSPI\Library\libfatfs.a(diskio.o)

.debug_frame    0x00000000     0x3364
 *(.debug_frame)
 .debug_frame   0x00000000      0x120 .\CortexM3\ARM_GCC_493\Release\main.o
 .debug_frame   0x00000120       0xac .\CortexM3\ARM_GCC_493\Release\Cm3Start.o
 .debug_frame   0x000001cc       0x54 .\CortexM3\ARM_GCC_493\Release\DMASDSPITest.a(cyfitter_cfg.o)
 .debug_frame   0x00000220      0x264 .\CortexM3\ARM_GCC_493\Release\DMASDSPITest.a(CyDmac.o)
 .debug_frame   0x00000484      0x744 .\CortexM3\ARM_GCC_493\Release\DMASDSPITest.a(CyLib.o)
 .debug_frame   0x00000bc8      0x1f4 .\CortexM3\ARM_GCC_493\Release\DMASDSPITest.a(cyPm.o)
 .debug_frame   0x00000dbc      0x18c .\CortexM3\ARM_GCC_493\Release\DMASDSPITest.a(SDSPI_api.o)
 .debug_frame   0x00000f48       0x48 .\CortexM3\ARM_GCC_493\Release\DMASDSPITest.a(SDSPI_TX_dma.o)
 .debug_frame   0x00000f90       0x48 .\CortexM3\ARM_GCC_493\Release\DMASDSPITest.a(SDSPI_RX_dma.o)
 .debug_frame   0x00000fd8      0x110 .\CortexM3\ARM_GCC_493\Release\DMASDSPITest.a(SDSPI_RX_DMA_IRQ.o)
 .debug_frame   0x000010e8      0x220 .\CortexM3\ARM_GCC_493\Release\DMASDSPITest.a(SDSPI_SPIMaster.o)
 .debug_frame   0x00001308       0xec .\CortexM3\ARM_GCC_493\Release\DMASDSPITest.a(SD_CLK.o)
 .debug_frame   0x000013f4       0x30 .\CortexM3\ARM_GCC_493\Release\DMASDSPITest.a(LEDControl.o)
 .debug_frame   0x00001424      0x110 .\CortexM3\ARM_GCC_493\Release\DMASDSPITest.a(MillisecISR.o)
 .debug_frame   0x00001534       0x30 .\CortexM3\ARM_GCC_493\Release\DMASDSPITest.a(SDSPI_CSControl.o)
 .debug_frame   0x00001564      0x268 .\CortexM3\ARM_GCC_493\Release\DMASDSPITest.a(USBUART_1.o)
 .debug_frame   0x000017cc      0x290 .\CortexM3\ARM_GCC_493\Release\DMASDSPITest.a(USBUART_1_cdc.o)
 .debug_frame   0x00001a5c      0x290 .\CortexM3\ARM_GCC_493\Release\DMASDSPITest.a(USBUART_1_drv.o)
 .debug_frame   0x00001cec       0x60 .\CortexM3\ARM_GCC_493\Release\DMASDSPITest.a(USBUART_1_episr.o)
 .debug_frame   0x00001d4c       0xb4 .\CortexM3\ARM_GCC_493\Release\DMASDSPITest.a(USBUART_1_pm.o)
 .debug_frame   0x00001e00      0x2c4 .\CortexM3\ARM_GCC_493\Release\DMASDSPITest.a(USBUART_1_std.o)
 .debug_frame   0x000020c4       0x20 .\CortexM3\ARM_GCC_493\Release\DMASDSPITest.a(USBUART_1_vnd.o)
 .debug_frame   0x000020e4       0x70 .\CortexM3\ARM_GCC_493\Release\DMASDSPITest.a(USBUART_1_Dp.o)
 .debug_frame   0x00002154       0x80 .\CortexM3\ARM_GCC_493\Release\DMASDSPITest.a(SDSPI_CardStatus.o)
 .debug_frame   0x000021d4      0x1b8 .\CortexM3\ARM_GCC_493\Release\DMASDSPITest.a(CyFlash.o)
 .debug_frame   0x0000238c      0x1dc .\CortexM3\ARM_GCC_493\Release\DMASDSPITest.a(CySpc.o)
 .debug_frame   0x00002568       0x20 .\CortexM3\ARM_GCC_493\Release\DMASDSPITest.a(USBUART_1_cls.o)
 .debug_frame   0x00002588      0x894 .\DMASDSPI\Library\libfatfs.a(ff.o)
 .debug_frame   0x00002e1c      0x1ac .\DMASDSPI\Library\libfatfs.a(diskio.o)
 .debug_frame   0x00002fc8       0x20 c:/program files (x86)/cypress/psoc creator/3.3/psoc creator/import/gnu/arm/4.9.3/bin/../lib/gcc/arm-none-eabi/4.9.3/../../../../arm-none-eabi/lib/armv7-m\libg_nano.a(lib_a-errno.o)
 .debug_frame   0x00002fe8       0x28 c:/program files (x86)/cypress/psoc creator/3.3/psoc creator/import/gnu/arm/4.9.3/bin/../lib/gcc/arm-none-eabi/4.9.3/../../../../arm-none-eabi/lib/armv7-m\libg_nano.a(lib_a-exit.o)
 .debug_frame   0x00003010       0x2c c:/program files (x86)/cypress/psoc creator/3.3/psoc creator/import/gnu/arm/4.9.3/bin/../lib/gcc/arm-none-eabi/4.9.3/../../../../arm-none-eabi/lib/armv7-m\libg_nano.a(lib_a-init.o)
 .debug_frame   0x0000303c       0x28 c:/program files (x86)/cypress/psoc creator/3.3/psoc creator/import/gnu/arm/4.9.3/bin/../lib/gcc/arm-none-eabi/4.9.3/../../../../arm-none-eabi/lib/armv7-m\libg_nano.a(lib_a-memcpy.o)
 .debug_frame   0x00003064       0x20 c:/program files (x86)/cypress/psoc creator/3.3/psoc creator/import/gnu/arm/4.9.3/bin/../lib/gcc/arm-none-eabi/4.9.3/../../../../arm-none-eabi/lib/armv7-m\libg_nano.a(lib_a-memset.o)
 .debug_frame   0x00003084       0x70 c:/program files (x86)/cypress/psoc creator/3.3/psoc creator/import/gnu/arm/4.9.3/bin/../lib/gcc/arm-none-eabi/4.9.3/../../../../arm-none-eabi/lib/armv7-m\libg_nano.a(lib_a-sprintf.o)
 .debug_frame   0x000030f4       0x8c c:/program files (x86)/cypress/psoc creator/3.3/psoc creator/import/gnu/arm/4.9.3/bin/../lib/gcc/arm-none-eabi/4.9.3/../../../../arm-none-eabi/lib/armv7-m\libg_nano.a(lib_a-nano-svfprintf.o)
 .debug_frame   0x00003180       0x58 c:/program files (x86)/cypress/psoc creator/3.3/psoc creator/import/gnu/arm/4.9.3/bin/../lib/gcc/arm-none-eabi/4.9.3/../../../../arm-none-eabi/lib/armv7-m\libg_nano.a(lib_a-nano-vfprintf_i.o)
 .debug_frame   0x000031d8       0x28 c:/program files (x86)/cypress/psoc creator/3.3/psoc creator/import/gnu/arm/4.9.3/bin/../lib/gcc/arm-none-eabi/4.9.3/../../../../arm-none-eabi/lib/armv7-m\libg_nano.a(lib_a-memchr.o)
 .debug_frame   0x00003200       0x28 c:/program files (x86)/cypress/psoc creator/3.3/psoc creator/import/gnu/arm/4.9.3/bin/../lib/gcc/arm-none-eabi/4.9.3/../../../../arm-none-eabi/lib/armv7-m\libg_nano.a(lib_a-memmove.o)
 .debug_frame   0x00003228       0x2c c:/program files (x86)/cypress/psoc creator/3.3/psoc creator/import/gnu/arm/4.9.3/bin/../lib/gcc/arm-none-eabi/4.9.3/../../../../arm-none-eabi/lib/armv7-m\libg_nano.a(lib_a-nano-freer.o)
 .debug_frame   0x00003254       0x2c c:/program files (x86)/cypress/psoc creator/3.3/psoc creator/import/gnu/arm/4.9.3/bin/../lib/gcc/arm-none-eabi/4.9.3/../../../../arm-none-eabi/lib/armv7-m\libg_nano.a(lib_a-nano-mallocr.o)
 .debug_frame   0x00003280       0x3c c:/program files (x86)/cypress/psoc creator/3.3/psoc creator/import/gnu/arm/4.9.3/bin/../lib/gcc/arm-none-eabi/4.9.3/../../../../arm-none-eabi/lib/armv7-m\libg_nano.a(lib_a-nano-reallocr.o)
 .debug_frame   0x000032bc       0x2c c:/program files (x86)/cypress/psoc creator/3.3/psoc creator/import/gnu/arm/4.9.3/bin/../lib/gcc/arm-none-eabi/4.9.3/../../../../arm-none-eabi/lib/armv7-m\libg_nano.a(lib_a-sbrkr.o)
 .debug_frame   0x000032e8       0x20 c:/program files (x86)/cypress/psoc creator/3.3/psoc creator/import/gnu/arm/4.9.3/bin/../lib/gcc/arm-none-eabi/4.9.3/../../../../arm-none-eabi/lib/armv7-m\libg_nano.a(lib_a-nano-msizer.o)
 .debug_frame   0x00003308       0x5c c:/program files (x86)/cypress/psoc creator/3.3/psoc creator/import/gnu/arm/4.9.3/bin/../lib/gcc/arm-none-eabi/4.9.3/../../../../arm-none-eabi/lib/armv7-m\libg_nano.a(lib_a-reent.o)

.debug_str      0x00000000     0x3c70
 *(.debug_str)
 .debug_str     0x00000000      0x5a8 .\CortexM3\ARM_GCC_493\Release\main.o
                                0x645 (size before relaxing)
 .debug_str     0x000005a8       0x77 .\CortexM3\ARM_GCC_493\Release\cymetadata.o
                                0x202 (size before relaxing)
 .debug_str     0x0000061f      0x156 .\CortexM3\ARM_GCC_493\Release\Cm3Start.o
                                0x326 (size before relaxing)
 .debug_str     0x00000775      0x184 .\CortexM3\ARM_GCC_493\Release\DMASDSPITest.a(cyfitter_cfg.o)
                                0x350 (size before relaxing)
 .debug_str     0x000008f9      0x386 .\CortexM3\ARM_GCC_493\Release\DMASDSPITest.a(CyDmac.o)
                                0x556 (size before relaxing)
 .debug_str     0x00000c7f      0x7d4 .\CortexM3\ARM_GCC_493\Release\DMASDSPITest.a(CyLib.o)
                                0xa3b (size before relaxing)
 .debug_str     0x00001453      0x35b .\CortexM3\ARM_GCC_493\Release\DMASDSPITest.a(cyPm.o)
                                0x72c (size before relaxing)
 .debug_str     0x000017ae      0x2ea .\CortexM3\ARM_GCC_493\Release\DMASDSPITest.a(SDSPI_api.o)
                                0x5a3 (size before relaxing)
 .debug_str     0x00001a98       0x76 .\CortexM3\ARM_GCC_493\Release\DMASDSPITest.a(SDSPI_TX_dma.o)
                                0x28d (size before relaxing)
 .debug_str     0x00001b0e       0x3b .\CortexM3\ARM_GCC_493\Release\DMASDSPITest.a(SDSPI_RX_dma.o)
                                0x28d (size before relaxing)
 .debug_str     0x00001b49      0x153 .\CortexM3\ARM_GCC_493\Release\DMASDSPITest.a(SDSPI_RX_DMA_IRQ.o)
                                0x34c (size before relaxing)
 .debug_str     0x00001c9c      0x2d5 .\CortexM3\ARM_GCC_493\Release\DMASDSPITest.a(SDSPI_SPIMaster.o)
                                0x525 (size before relaxing)
 .debug_str     0x00001f71      0x13e .\CortexM3\ARM_GCC_493\Release\DMASDSPITest.a(SD_CLK.o)
                                0x2fa (size before relaxing)
 .debug_str     0x000020af       0x3e .\CortexM3\ARM_GCC_493\Release\DMASDSPITest.a(LEDControl.o)
                                0x1d6 (size before relaxing)
 .debug_str     0x000020ed      0x128 .\CortexM3\ARM_GCC_493\Release\DMASDSPITest.a(MillisecISR.o)
                                0x306 (size before relaxing)
 .debug_str     0x00002215       0x40 .\CortexM3\ARM_GCC_493\Release\DMASDSPITest.a(SDSPI_CSControl.o)
                                0x1e5 (size before relaxing)
 .debug_str     0x00002255      0x433 .\CortexM3\ARM_GCC_493\Release\DMASDSPITest.a(USBUART_1.o)
                                0x6b7 (size before relaxing)
 .debug_str     0x00002688      0x52f .\CortexM3\ARM_GCC_493\Release\DMASDSPITest.a(USBUART_1_cdc.o)
                                0x840 (size before relaxing)
 .debug_str     0x00002bb7      0x2c3 .\CortexM3\ARM_GCC_493\Release\DMASDSPITest.a(USBUART_1_drv.o)
                                0x6a8 (size before relaxing)
 .debug_str     0x00002e7a       0x8e .\CortexM3\ARM_GCC_493\Release\DMASDSPITest.a(USBUART_1_episr.o)
                                0x301 (size before relaxing)
 .debug_str     0x00002f08      0x104 .\CortexM3\ARM_GCC_493\Release\DMASDSPITest.a(USBUART_1_pm.o)
                                0x31b (size before relaxing)
 .debug_str     0x0000300c      0x27d .\CortexM3\ARM_GCC_493\Release\DMASDSPITest.a(USBUART_1_std.o)
                                0x81d (size before relaxing)
 .debug_str     0x00003289       0x29 .\CortexM3\ARM_GCC_493\Release\DMASDSPITest.a(USBUART_1_vnd.o)
                                0x1ff (size before relaxing)
 .debug_str     0x000032b2       0xb2 .\CortexM3\ARM_GCC_493\Release\DMASDSPITest.a(USBUART_1_Dp.o)
                                0x267 (size before relaxing)
 .debug_str     0x00003364       0xa4 .\CortexM3\ARM_GCC_493\Release\DMASDSPITest.a(SDSPI_CardStatus.o)
                                0x28b (size before relaxing)
 .debug_str     0x00003408      0x197 .\CortexM3\ARM_GCC_493\Release\DMASDSPITest.a(CyFlash.o)
                                0x3a6 (size before relaxing)
 .debug_str     0x0000359f       0xae .\CortexM3\ARM_GCC_493\Release\DMASDSPITest.a(CySpc.o)
                                0x336 (size before relaxing)
 .debug_str     0x0000364d       0x29 .\CortexM3\ARM_GCC_493\Release\DMASDSPITest.a(USBUART_1_cls.o)
                                0x2c6 (size before relaxing)
 .debug_str     0x00003676      0x114 .\CortexM3\ARM_GCC_493\Release\DMASDSPITest.a(USBUART_1_descr.o)
                                0x37f (size before relaxing)
 .debug_str     0x0000378a      0x41f .\DMASDSPI\Library\libfatfs.a(ff.o)
                                0x764 (size before relaxing)
 .debug_str     0x00003ba9       0xc7 .\DMASDSPI\Library\libfatfs.a(diskio.o)
                                0x3b2 (size before relaxing)

.debug_loc      0x00000000    0x18efb
 *(.debug_loc)
 .debug_loc     0x00000000     0x1351 .\CortexM3\ARM_GCC_493\Release\main.o
 .debug_loc     0x00001351      0x19b .\CortexM3\ARM_GCC_493\Release\Cm3Start.o
 .debug_loc     0x000014ec      0x174 .\CortexM3\ARM_GCC_493\Release\DMASDSPITest.a(cyfitter_cfg.o)
 .debug_loc     0x00001660      0xc55 .\CortexM3\ARM_GCC_493\Release\DMASDSPITest.a(CyDmac.o)
 .debug_loc     0x000022b5      0xd27 .\CortexM3\ARM_GCC_493\Release\DMASDSPITest.a(CyLib.o)
 .debug_loc     0x00002fdc      0x198 .\CortexM3\ARM_GCC_493\Release\DMASDSPITest.a(cyPm.o)
 .debug_loc     0x00003174      0x329 .\CortexM3\ARM_GCC_493\Release\DMASDSPITest.a(SDSPI_api.o)
 .debug_loc     0x0000349d       0x84 .\CortexM3\ARM_GCC_493\Release\DMASDSPITest.a(SDSPI_TX_dma.o)
 .debug_loc     0x00003521       0x84 .\CortexM3\ARM_GCC_493\Release\DMASDSPITest.a(SDSPI_RX_dma.o)
 .debug_loc     0x000035a5       0x8d .\CortexM3\ARM_GCC_493\Release\DMASDSPITest.a(SDSPI_RX_DMA_IRQ.o)
 .debug_loc     0x00003632      0x142 .\CortexM3\ARM_GCC_493\Release\DMASDSPITest.a(SDSPI_SPIMaster.o)
 .debug_loc     0x00003774       0xec .\CortexM3\ARM_GCC_493\Release\DMASDSPITest.a(SD_CLK.o)
 .debug_loc     0x00003860       0x8d .\CortexM3\ARM_GCC_493\Release\DMASDSPITest.a(MillisecISR.o)
 .debug_loc     0x000038ed      0x536 .\CortexM3\ARM_GCC_493\Release\DMASDSPITest.a(USBUART_1.o)
 .debug_loc     0x00003e23      0x62f .\CortexM3\ARM_GCC_493\Release\DMASDSPITest.a(USBUART_1_cdc.o)
 .debug_loc     0x00004452      0x7ef .\CortexM3\ARM_GCC_493\Release\DMASDSPITest.a(USBUART_1_drv.o)
 .debug_loc     0x00004c41       0x1e .\CortexM3\ARM_GCC_493\Release\DMASDSPITest.a(USBUART_1_pm.o)
 .debug_loc     0x00004c5f      0xccb .\CortexM3\ARM_GCC_493\Release\DMASDSPITest.a(USBUART_1_std.o)
 .debug_loc     0x0000592a       0x7b .\CortexM3\ARM_GCC_493\Release\DMASDSPITest.a(USBUART_1_Dp.o)
 .debug_loc     0x000059a5       0x44 .\CortexM3\ARM_GCC_493\Release\DMASDSPITest.a(SDSPI_CardStatus.o)
 .debug_loc     0x000059e9      0x6d7 .\CortexM3\ARM_GCC_493\Release\DMASDSPITest.a(CyFlash.o)
 .debug_loc     0x000060c0      0x766 .\CortexM3\ARM_GCC_493\Release\DMASDSPITest.a(CySpc.o)
 .debug_loc     0x00006826       0x14 .\CortexM3\ARM_GCC_493\Release\DMASDSPITest.a(USBUART_1_cls.o)
 .debug_loc     0x0000683a    0x1170e .\DMASDSPI\Library\libfatfs.a(ff.o)
 .debug_loc     0x00017f48      0xfb3 .\DMASDSPI\Library\libfatfs.a(diskio.o)

.debug_macinfo
 *(.debug_macinfo)

.debug_ranges   0x00000000     0x4588
 *(.debug_ranges)
 .debug_ranges  0x00000000      0x648 .\CortexM3\ARM_GCC_493\Release\main.o
 .debug_ranges  0x00000648       0x38 .\CortexM3\ARM_GCC_493\Release\Cm3Start.o
 .debug_ranges  0x00000680      0x190 .\CortexM3\ARM_GCC_493\Release\DMASDSPITest.a(cyfitter_cfg.o)
 .debug_ranges  0x00000810       0xe0 .\CortexM3\ARM_GCC_493\Release\DMASDSPITest.a(CyDmac.o)
 .debug_ranges  0x000008f0      0x548 .\CortexM3\ARM_GCC_493\Release\DMASDSPITest.a(CyLib.o)
 .debug_ranges  0x00000e38      0x130 .\CortexM3\ARM_GCC_493\Release\DMASDSPITest.a(cyPm.o)
 .debug_ranges  0x00000f68       0xb8 .\CortexM3\ARM_GCC_493\Release\DMASDSPITest.a(SDSPI_api.o)
 .debug_ranges  0x00001020       0x18 .\CortexM3\ARM_GCC_493\Release\DMASDSPITest.a(SDSPI_TX_dma.o)
 .debug_ranges  0x00001038       0x18 .\CortexM3\ARM_GCC_493\Release\DMASDSPITest.a(SDSPI_RX_dma.o)
 .debug_ranges  0x00001050      0x198 .\CortexM3\ARM_GCC_493\Release\DMASDSPITest.a(SDSPI_RX_DMA_IRQ.o)
 .debug_ranges  0x000011e8      0x1d0 .\CortexM3\ARM_GCC_493\Release\DMASDSPITest.a(SDSPI_SPIMaster.o)
 .debug_ranges  0x000013b8       0xf0 .\CortexM3\ARM_GCC_493\Release\DMASDSPITest.a(SD_CLK.o)
 .debug_ranges  0x000014a8       0x18 .\CortexM3\ARM_GCC_493\Release\DMASDSPITest.a(LEDControl.o)
 .debug_ranges  0x000014c0      0x198 .\CortexM3\ARM_GCC_493\Release\DMASDSPITest.a(MillisecISR.o)
 .debug_ranges  0x00001658       0x18 .\CortexM3\ARM_GCC_493\Release\DMASDSPITest.a(SDSPI_CSControl.o)
 .debug_ranges  0x00001670       0xd0 .\CortexM3\ARM_GCC_493\Release\DMASDSPITest.a(USBUART_1.o)
 .debug_ranges  0x00001740      0x110 .\CortexM3\ARM_GCC_493\Release\DMASDSPITest.a(USBUART_1_cdc.o)
 .debug_ranges  0x00001850      0x290 .\CortexM3\ARM_GCC_493\Release\DMASDSPITest.a(USBUART_1_drv.o)
 .debug_ranges  0x00001ae0       0x30 .\CortexM3\ARM_GCC_493\Release\DMASDSPITest.a(USBUART_1_episr.o)
 .debug_ranges  0x00001b10       0x48 .\CortexM3\ARM_GCC_493\Release\DMASDSPITest.a(USBUART_1_pm.o)
 .debug_ranges  0x00001b58      0x290 .\CortexM3\ARM_GCC_493\Release\DMASDSPITest.a(USBUART_1_std.o)
 .debug_ranges  0x00001de8       0x10 .\CortexM3\ARM_GCC_493\Release\DMASDSPITest.a(USBUART_1_vnd.o)
 .debug_ranges  0x00001df8       0x38 .\CortexM3\ARM_GCC_493\Release\DMASDSPITest.a(USBUART_1_Dp.o)
 .debug_ranges  0x00001e30       0x30 .\CortexM3\ARM_GCC_493\Release\DMASDSPITest.a(SDSPI_CardStatus.o)
 .debug_ranges  0x00001e60       0xc0 .\CortexM3\ARM_GCC_493\Release\DMASDSPITest.a(CyFlash.o)
 .debug_ranges  0x00001f20       0x68 .\CortexM3\ARM_GCC_493\Release\DMASDSPITest.a(CySpc.o)
 .debug_ranges  0x00001f88       0x10 .\CortexM3\ARM_GCC_493\Release\DMASDSPITest.a(USBUART_1_cls.o)
 .debug_ranges  0x00001f98     0x2358 .\DMASDSPI\Library\libfatfs.a(ff.o)
 .debug_ranges  0x000042f0      0x298 .\DMASDSPI\Library\libfatfs.a(diskio.o)

.comment        0x00000000       0x70
 .comment       0x00000000       0x70 .\CortexM3\ARM_GCC_493\Release\main.o
                                 0x71 (size before relaxing)
 .comment       0x00000000       0x71 .\CortexM3\ARM_GCC_493\Release\cymetadata.o
 .comment       0x00000000       0x71 .\CortexM3\ARM_GCC_493\Release\Cm3Start.o
 .comment       0x00000000       0x71 .\CortexM3\ARM_GCC_493\Release\DMASDSPITest.a(cyfitter_cfg.o)
 .comment       0x00000000       0x71 .\CortexM3\ARM_GCC_493\Release\DMASDSPITest.a(CyDmac.o)
 .comment       0x00000000       0x71 .\CortexM3\ARM_GCC_493\Release\DMASDSPITest.a(CyLib.o)
 .comment       0x00000000       0x71 .\CortexM3\ARM_GCC_493\Release\DMASDSPITest.a(cyPm.o)
 .comment       0x00000000       0x71 .\CortexM3\ARM_GCC_493\Release\DMASDSPITest.a(SDSPI_api.o)
 .comment       0x00000000       0x71 .\CortexM3\ARM_GCC_493\Release\DMASDSPITest.a(SDSPI_TX_dma.o)
 .comment       0x00000000       0x71 .\CortexM3\ARM_GCC_493\Release\DMASDSPITest.a(SDSPI_RX_dma.o)
 .comment       0x00000000       0x71 .\CortexM3\ARM_GCC_493\Release\DMASDSPITest.a(SDSPI_RX_DMA_IRQ.o)
 .comment       0x00000000       0x71 .\CortexM3\ARM_GCC_493\Release\DMASDSPITest.a(SDSPI_SPIMaster.o)
 .comment       0x00000000       0x71 .\CortexM3\ARM_GCC_493\Release\DMASDSPITest.a(SD_CLK.o)
 .comment       0x00000000       0x71 .\CortexM3\ARM_GCC_493\Release\DMASDSPITest.a(LEDControl.o)
 .comment       0x00000000       0x71 .\CortexM3\ARM_GCC_493\Release\DMASDSPITest.a(MillisecISR.o)
 .comment       0x00000000       0x71 .\CortexM3\ARM_GCC_493\Release\DMASDSPITest.a(SDSPI_CSControl.o)
 .comment       0x00000000       0x71 .\CortexM3\ARM_GCC_493\Release\DMASDSPITest.a(USBUART_1.o)
 .comment       0x00000000       0x71 .\CortexM3\ARM_GCC_493\Release\DMASDSPITest.a(USBUART_1_cdc.o)
 .comment       0x00000000       0x71 .\CortexM3\ARM_GCC_493\Release\DMASDSPITest.a(USBUART_1_drv.o)
 .comment       0x00000000       0x71 .\CortexM3\ARM_GCC_493\Release\DMASDSPITest.a(USBUART_1_episr.o)
 .comment       0x00000000       0x71 .\CortexM3\ARM_GCC_493\Release\DMASDSPITest.a(USBUART_1_pm.o)
 .comment       0x00000000       0x71 .\CortexM3\ARM_GCC_493\Release\DMASDSPITest.a(USBUART_1_std.o)
 .comment       0x00000000       0x71 .\CortexM3\ARM_GCC_493\Release\DMASDSPITest.a(USBUART_1_vnd.o)
 .comment       0x00000000       0x71 .\CortexM3\ARM_GCC_493\Release\DMASDSPITest.a(USBUART_1_Dp.o)
 .comment       0x00000000       0x71 .\CortexM3\ARM_GCC_493\Release\DMASDSPITest.a(SDSPI_CardStatus.o)
 .comment       0x00000000       0x71 .\CortexM3\ARM_GCC_493\Release\DMASDSPITest.a(CyFlash.o)
 .comment       0x00000000       0x71 .\CortexM3\ARM_GCC_493\Release\DMASDSPITest.a(CySpc.o)
 .comment       0x00000000       0x71 .\CortexM3\ARM_GCC_493\Release\DMASDSPITest.a(USBUART_1_cls.o)
 .comment       0x00000000       0x71 .\CortexM3\ARM_GCC_493\Release\DMASDSPITest.a(USBUART_1_descr.o)
 .comment       0x00000000       0x71 .\DMASDSPI\Library\libfatfs.a(ff.o)
 .comment       0x00000000       0x71 .\DMASDSPI\Library\libfatfs.a(diskio.o)

.debug_weaknames
 *(.debug_weaknames)

.debug_funcnames
 *(.debug_funcnames)

.debug_typenames
 *(.debug_typenames)

.debug_varnames
 *(.debug_varnames)

.note.gnu.arm.ident
 *(.note.gnu.arm.ident)

.ARM.attributes
                0x00000000       0x29
 *(.ARM.attributes)
 .ARM.attributes
                0x00000000       0x1d c:/program files (x86)/cypress/psoc creator/3.3/psoc creator/import/gnu/arm/4.9.3/bin/../lib/gcc/arm-none-eabi/4.9.3/armv7-m/crti.o
 .ARM.attributes
                0x0000001d       0x2d c:/program files (x86)/cypress/psoc creator/3.3/psoc creator/import/gnu/arm/4.9.3/bin/../lib/gcc/arm-none-eabi/4.9.3/armv7-m/crtbegin.o
 .ARM.attributes
                0x0000004a       0x1b c:/program files (x86)/cypress/psoc creator/3.3/psoc creator/import/gnu/arm/4.9.3/bin/../lib/gcc/arm-none-eabi/4.9.3/../../../../arm-none-eabi/lib/armv7-m/crt0.o
 .ARM.attributes
                0x00000065       0x33 .\CortexM3\ARM_GCC_493\Release\main.o
 .ARM.attributes
                0x00000098       0x33 .\CortexM3\ARM_GCC_493\Release\cymetadata.o
 .ARM.attributes
                0x000000cb       0x33 .\CortexM3\ARM_GCC_493\Release\Cm3Start.o
 .ARM.attributes
                0x000000fe       0x33 .\CortexM3\ARM_GCC_493\Release\DMASDSPITest.a(cyfitter_cfg.o)
 .ARM.attributes
                0x00000131       0x21 .\CortexM3\ARM_GCC_493\Release\DMASDSPITest.a(CyBootAsmGnu.o)
 .ARM.attributes
                0x00000152       0x33 .\CortexM3\ARM_GCC_493\Release\DMASDSPITest.a(CyDmac.o)
 .ARM.attributes
                0x00000185       0x33 .\CortexM3\ARM_GCC_493\Release\DMASDSPITest.a(CyLib.o)
 .ARM.attributes
                0x000001b8       0x33 .\CortexM3\ARM_GCC_493\Release\DMASDSPITest.a(cyPm.o)
 .ARM.attributes
                0x000001eb       0x33 .\CortexM3\ARM_GCC_493\Release\DMASDSPITest.a(SDSPI_api.o)
 .ARM.attributes
                0x0000021e       0x33 .\CortexM3\ARM_GCC_493\Release\DMASDSPITest.a(SDSPI_TX_dma.o)
 .ARM.attributes
                0x00000251       0x33 .\CortexM3\ARM_GCC_493\Release\DMASDSPITest.a(SDSPI_RX_dma.o)
 .ARM.attributes
                0x00000284       0x33 .\CortexM3\ARM_GCC_493\Release\DMASDSPITest.a(SDSPI_RX_DMA_IRQ.o)
 .ARM.attributes
                0x000002b7       0x33 .\CortexM3\ARM_GCC_493\Release\DMASDSPITest.a(SDSPI_SPIMaster.o)
 .ARM.attributes
                0x000002ea       0x33 .\CortexM3\ARM_GCC_493\Release\DMASDSPITest.a(SD_CLK.o)
 .ARM.attributes
                0x0000031d       0x33 .\CortexM3\ARM_GCC_493\Release\DMASDSPITest.a(LEDControl.o)
 .ARM.attributes
                0x00000350       0x33 .\CortexM3\ARM_GCC_493\Release\DMASDSPITest.a(MillisecISR.o)
 .ARM.attributes
                0x00000383       0x33 .\CortexM3\ARM_GCC_493\Release\DMASDSPITest.a(SDSPI_CSControl.o)
 .ARM.attributes
                0x000003b6       0x33 .\CortexM3\ARM_GCC_493\Release\DMASDSPITest.a(USBUART_1.o)
 .ARM.attributes
                0x000003e9       0x33 .\CortexM3\ARM_GCC_493\Release\DMASDSPITest.a(USBUART_1_cdc.o)
 .ARM.attributes
                0x0000041c       0x33 .\CortexM3\ARM_GCC_493\Release\DMASDSPITest.a(USBUART_1_drv.o)
 .ARM.attributes
                0x0000044f       0x33 .\CortexM3\ARM_GCC_493\Release\DMASDSPITest.a(USBUART_1_episr.o)
 .ARM.attributes
                0x00000482       0x33 .\CortexM3\ARM_GCC_493\Release\DMASDSPITest.a(USBUART_1_pm.o)
 .ARM.attributes
                0x000004b5       0x33 .\CortexM3\ARM_GCC_493\Release\DMASDSPITest.a(USBUART_1_std.o)
 .ARM.attributes
                0x000004e8       0x33 .\CortexM3\ARM_GCC_493\Release\DMASDSPITest.a(USBUART_1_vnd.o)
 .ARM.attributes
                0x0000051b       0x33 .\CortexM3\ARM_GCC_493\Release\DMASDSPITest.a(USBUART_1_Dp.o)
 .ARM.attributes
                0x0000054e       0x33 .\CortexM3\ARM_GCC_493\Release\DMASDSPITest.a(SDSPI_CardStatus.o)
 .ARM.attributes
                0x00000581       0x33 .\CortexM3\ARM_GCC_493\Release\DMASDSPITest.a(CyFlash.o)
 .ARM.attributes
                0x000005b4       0x33 .\CortexM3\ARM_GCC_493\Release\DMASDSPITest.a(CySpc.o)
 .ARM.attributes
                0x000005e7       0x33 .\CortexM3\ARM_GCC_493\Release\DMASDSPITest.a(USBUART_1_cls.o)
 .ARM.attributes
                0x0000061a       0x33 .\CortexM3\ARM_GCC_493\Release\DMASDSPITest.a(USBUART_1_descr.o)
 .ARM.attributes
                0x0000064d       0x33 .\DMASDSPI\Library\libfatfs.a(ff.o)
 .ARM.attributes
                0x00000680       0x33 .\DMASDSPI\Library\libfatfs.a(diskio.o)
 .ARM.attributes
                0x000006b3       0x1d c:/program files (x86)/cypress/psoc creator/3.3/psoc creator/import/gnu/arm/4.9.3/bin/../lib/gcc/arm-none-eabi/4.9.3/armv7-m\libgcc.a(_arm_addsubdf3.o)
 .ARM.attributes
                0x000006d0       0x1d c:/program files (x86)/cypress/psoc creator/3.3/psoc creator/import/gnu/arm/4.9.3/bin/../lib/gcc/arm-none-eabi/4.9.3/armv7-m\libgcc.a(_arm_muldivdf3.o)
 .ARM.attributes
                0x000006ed       0x1d c:/program files (x86)/cypress/psoc creator/3.3/psoc creator/import/gnu/arm/4.9.3/bin/../lib/gcc/arm-none-eabi/4.9.3/armv7-m\libgcc.a(_arm_cmpdf2.o)
 .ARM.attributes
                0x0000070a       0x2d c:/program files (x86)/cypress/psoc creator/3.3/psoc creator/import/gnu/arm/4.9.3/bin/../lib/gcc/arm-none-eabi/4.9.3/../../../../arm-none-eabi/lib/armv7-m\libg_nano.a(lib_a-errno.o)
 .ARM.attributes
                0x00000737       0x2d c:/program files (x86)/cypress/psoc creator/3.3/psoc creator/import/gnu/arm/4.9.3/bin/../lib/gcc/arm-none-eabi/4.9.3/../../../../arm-none-eabi/lib/armv7-m\libg_nano.a(lib_a-exit.o)
 .ARM.attributes
                0x00000764       0x2d c:/program files (x86)/cypress/psoc creator/3.3/psoc creator/import/gnu/arm/4.9.3/bin/../lib/gcc/arm-none-eabi/4.9.3/../../../../arm-none-eabi/lib/armv7-m\libg_nano.a(lib_a-impure.o)
 .ARM.attributes
                0x00000791       0x2d c:/program files (x86)/cypress/psoc creator/3.3/psoc creator/import/gnu/arm/4.9.3/bin/../lib/gcc/arm-none-eabi/4.9.3/../../../../arm-none-eabi/lib/armv7-m\libg_nano.a(lib_a-init.o)
 .ARM.attributes
                0x000007be       0x2d c:/program files (x86)/cypress/psoc creator/3.3/psoc creator/import/gnu/arm/4.9.3/bin/../lib/gcc/arm-none-eabi/4.9.3/../../../../arm-none-eabi/lib/armv7-m\libg_nano.a(lib_a-memcpy.o)
 .ARM.attributes
                0x000007eb       0x2d c:/program files (x86)/cypress/psoc creator/3.3/psoc creator/import/gnu/arm/4.9.3/bin/../lib/gcc/arm-none-eabi/4.9.3/../../../../arm-none-eabi/lib/armv7-m\libg_nano.a(lib_a-memset.o)
 .ARM.attributes
                0x00000818       0x2d c:/program files (x86)/cypress/psoc creator/3.3/psoc creator/import/gnu/arm/4.9.3/bin/../lib/gcc/arm-none-eabi/4.9.3/../../../../arm-none-eabi/lib/armv7-m\libg_nano.a(lib_a-sprintf.o)
 .ARM.attributes
                0x00000845       0x2d c:/program files (x86)/cypress/psoc creator/3.3/psoc creator/import/gnu/arm/4.9.3/bin/../lib/gcc/arm-none-eabi/4.9.3/../../../../arm-none-eabi/lib/armv7-m\libg_nano.a(lib_a-nano-svfprintf.o)
 .ARM.attributes
                0x00000872       0x2d c:/program files (x86)/cypress/psoc creator/3.3/psoc creator/import/gnu/arm/4.9.3/bin/../lib/gcc/arm-none-eabi/4.9.3/../../../../arm-none-eabi/lib/armv7-m\libg_nano.a(lib_a-nano-vfprintf_i.o)
 .ARM.attributes
                0x0000089f       0x2d c:/program files (x86)/cypress/psoc creator/3.3/psoc creator/import/gnu/arm/4.9.3/bin/../lib/gcc/arm-none-eabi/4.9.3/../../../../arm-none-eabi/lib/armv7-m\libg_nano.a(lib_a-memchr.o)
 .ARM.attributes
                0x000008cc       0x2d c:/program files (x86)/cypress/psoc creator/3.3/psoc creator/import/gnu/arm/4.9.3/bin/../lib/gcc/arm-none-eabi/4.9.3/../../../../arm-none-eabi/lib/armv7-m\libg_nano.a(lib_a-memmove.o)
 .ARM.attributes
                0x000008f9       0x2d c:/program files (x86)/cypress/psoc creator/3.3/psoc creator/import/gnu/arm/4.9.3/bin/../lib/gcc/arm-none-eabi/4.9.3/../../../../arm-none-eabi/lib/armv7-m\libg_nano.a(lib_a-nano-freer.o)
 .ARM.attributes
                0x00000926       0x2d c:/program files (x86)/cypress/psoc creator/3.3/psoc creator/import/gnu/arm/4.9.3/bin/../lib/gcc/arm-none-eabi/4.9.3/../../../../arm-none-eabi/lib/armv7-m\libg_nano.a(lib_a-nano-mallocr.o)
 .ARM.attributes
                0x00000953       0x2d c:/program files (x86)/cypress/psoc creator/3.3/psoc creator/import/gnu/arm/4.9.3/bin/../lib/gcc/arm-none-eabi/4.9.3/../../../../arm-none-eabi/lib/armv7-m\libg_nano.a(lib_a-nano-reallocr.o)
 .ARM.attributes
                0x00000980       0x2d c:/program files (x86)/cypress/psoc creator/3.3/psoc creator/import/gnu/arm/4.9.3/bin/../lib/gcc/arm-none-eabi/4.9.3/../../../../arm-none-eabi/lib/armv7-m\libg_nano.a(lib_a-sbrkr.o)
 .ARM.attributes
                0x000009ad       0x2d c:/program files (x86)/cypress/psoc creator/3.3/psoc creator/import/gnu/arm/4.9.3/bin/../lib/gcc/arm-none-eabi/4.9.3/../../../../arm-none-eabi/lib/armv7-m\libg_nano.a(lib_a-nano-msizer.o)
 .ARM.attributes
                0x000009da       0x2d c:/program files (x86)/cypress/psoc creator/3.3/psoc creator/import/gnu/arm/4.9.3/bin/../lib/gcc/arm-none-eabi/4.9.3/../../../../arm-none-eabi/lib/armv7-m\libg_nano.a(lib_a-reent.o)
 .ARM.attributes
                0x00000a07       0x2d c:/program files (x86)/cypress/psoc creator/3.3/psoc creator/import/gnu/arm/4.9.3/bin/../lib/gcc/arm-none-eabi/4.9.3/armv7-m/crtend.o
 .ARM.attributes
                0x00000a34       0x1d c:/program files (x86)/cypress/psoc creator/3.3/psoc creator/import/gnu/arm/4.9.3/bin/../lib/gcc/arm-none-eabi/4.9.3/armv7-m/crtn.o

/DISCARD/
 *(.note.GNU-stack)
OUTPUT(.\CortexM3\ARM_GCC_493\Release\DMASDSPITest.elf elf32-littlearm)
