ARM GAS  C:\Users\honet\AppData\Local\Temp\cch1ysjn.s 			page 1


   1              		.syntax unified
   2              		.cpu cortex-m3
   3              		.fpu softvfp
   4              		.eabi_attribute 20, 1
   5              		.eabi_attribute 21, 1
   6              		.eabi_attribute 23, 3
   7              		.eabi_attribute 24, 1
   8              		.eabi_attribute 25, 1
   9              		.eabi_attribute 26, 1
  10              		.eabi_attribute 30, 2
  11              		.eabi_attribute 34, 1
  12              		.eabi_attribute 18, 4
  13              		.thumb
  14              		.file	"SD_MISO.c"
  15              		.text
  16              	.Ltext0:
  17              		.cfi_sections	.debug_frame
  18              		.section	.text.SD_MISO_Write,"ax",%progbits
  19              		.align	2
  20              		.global	SD_MISO_Write
  21              		.thumb
  22              		.thumb_func
  23              		.type	SD_MISO_Write, %function
  24              	SD_MISO_Write:
  25              	.LFB0:
  26              		.file 1 ".\\Generated_Source\\PSoC5\\SD_MISO.c"
   1:.\Generated_Source\PSoC5/SD_MISO.c **** /*******************************************************************************
   2:.\Generated_Source\PSoC5/SD_MISO.c **** * File Name: SD_MISO.c  
   3:.\Generated_Source\PSoC5/SD_MISO.c **** * Version 2.20
   4:.\Generated_Source\PSoC5/SD_MISO.c **** *
   5:.\Generated_Source\PSoC5/SD_MISO.c **** * Description:
   6:.\Generated_Source\PSoC5/SD_MISO.c **** *  This file contains API to enable firmware control of a Pins component.
   7:.\Generated_Source\PSoC5/SD_MISO.c **** *
   8:.\Generated_Source\PSoC5/SD_MISO.c **** * Note:
   9:.\Generated_Source\PSoC5/SD_MISO.c **** *
  10:.\Generated_Source\PSoC5/SD_MISO.c **** ********************************************************************************
  11:.\Generated_Source\PSoC5/SD_MISO.c **** * Copyright 2008-2015, Cypress Semiconductor Corporation.  All rights reserved.
  12:.\Generated_Source\PSoC5/SD_MISO.c **** * You may use this file only in accordance with the license, terms, conditions, 
  13:.\Generated_Source\PSoC5/SD_MISO.c **** * disclaimers, and limitations in the end user license agreement accompanying 
  14:.\Generated_Source\PSoC5/SD_MISO.c **** * the software package with which this file was provided.
  15:.\Generated_Source\PSoC5/SD_MISO.c **** *******************************************************************************/
  16:.\Generated_Source\PSoC5/SD_MISO.c **** 
  17:.\Generated_Source\PSoC5/SD_MISO.c **** #include "cytypes.h"
  18:.\Generated_Source\PSoC5/SD_MISO.c **** #include "SD_MISO.h"
  19:.\Generated_Source\PSoC5/SD_MISO.c **** 
  20:.\Generated_Source\PSoC5/SD_MISO.c **** /* APIs are not generated for P15[7:6] on PSoC 5 */
  21:.\Generated_Source\PSoC5/SD_MISO.c **** #if !(CY_PSOC5A &&\
  22:.\Generated_Source\PSoC5/SD_MISO.c **** 	 SD_MISO__PORT == 15 && ((SD_MISO__MASK & 0xC0) != 0))
  23:.\Generated_Source\PSoC5/SD_MISO.c **** 
  24:.\Generated_Source\PSoC5/SD_MISO.c **** 
  25:.\Generated_Source\PSoC5/SD_MISO.c **** /*******************************************************************************
  26:.\Generated_Source\PSoC5/SD_MISO.c **** * Function Name: SD_MISO_Write
  27:.\Generated_Source\PSoC5/SD_MISO.c **** ****************************************************************************//**
  28:.\Generated_Source\PSoC5/SD_MISO.c **** *
  29:.\Generated_Source\PSoC5/SD_MISO.c **** * \brief Writes the value to the physical port (data output register), masking
  30:.\Generated_Source\PSoC5/SD_MISO.c **** *  and shifting the bits appropriately. 
  31:.\Generated_Source\PSoC5/SD_MISO.c **** *
ARM GAS  C:\Users\honet\AppData\Local\Temp\cch1ysjn.s 			page 2


  32:.\Generated_Source\PSoC5/SD_MISO.c **** * The data output register controls the signal applied to the physical pin in 
  33:.\Generated_Source\PSoC5/SD_MISO.c **** * conjunction with the drive mode parameter. This function avoids changing 
  34:.\Generated_Source\PSoC5/SD_MISO.c **** * other bits in the port by using the appropriate method (read-modify-write or
  35:.\Generated_Source\PSoC5/SD_MISO.c **** * bit banding).
  36:.\Generated_Source\PSoC5/SD_MISO.c **** *
  37:.\Generated_Source\PSoC5/SD_MISO.c **** * <b>Note</b> This function should not be used on a hardware digital output pin 
  38:.\Generated_Source\PSoC5/SD_MISO.c **** * as it is driven by the hardware signal attached to it.
  39:.\Generated_Source\PSoC5/SD_MISO.c **** *
  40:.\Generated_Source\PSoC5/SD_MISO.c **** * \param value
  41:.\Generated_Source\PSoC5/SD_MISO.c **** *  Value to write to the component instance.
  42:.\Generated_Source\PSoC5/SD_MISO.c **** *
  43:.\Generated_Source\PSoC5/SD_MISO.c **** * \return 
  44:.\Generated_Source\PSoC5/SD_MISO.c **** *  None 
  45:.\Generated_Source\PSoC5/SD_MISO.c **** *
  46:.\Generated_Source\PSoC5/SD_MISO.c **** * \sideeffect
  47:.\Generated_Source\PSoC5/SD_MISO.c **** *  If you use read-modify-write operations that are not atomic; the Interrupt 
  48:.\Generated_Source\PSoC5/SD_MISO.c **** *  Service Routines (ISR) can cause corruption of this function. An ISR that 
  49:.\Generated_Source\PSoC5/SD_MISO.c **** *  interrupts this function and performs writes to the Pins component data 
  50:.\Generated_Source\PSoC5/SD_MISO.c **** *  register can cause corrupted port data. To avoid this issue, you should 
  51:.\Generated_Source\PSoC5/SD_MISO.c **** *  either use the Per-Pin APIs (primary method) or disable interrupts around 
  52:.\Generated_Source\PSoC5/SD_MISO.c **** *  this function.
  53:.\Generated_Source\PSoC5/SD_MISO.c **** *
  54:.\Generated_Source\PSoC5/SD_MISO.c **** * \funcusage
  55:.\Generated_Source\PSoC5/SD_MISO.c **** *  \snippet SD_MISO_SUT.c usage_SD_MISO_Write
  56:.\Generated_Source\PSoC5/SD_MISO.c **** *******************************************************************************/
  57:.\Generated_Source\PSoC5/SD_MISO.c **** void SD_MISO_Write(uint8 value)
  58:.\Generated_Source\PSoC5/SD_MISO.c **** {
  27              		.loc 1 58 0
  28              		.cfi_startproc
  29              		@ args = 0, pretend = 0, frame = 0
  30              		@ frame_needed = 0, uses_anonymous_args = 0
  31              		@ link register save eliminated.
  32              	.LVL0:
  59:.\Generated_Source\PSoC5/SD_MISO.c ****     uint8 staticBits = (SD_MISO_DR & (uint8)(~SD_MISO_MASK));
  33              		.loc 1 59 0
  34 0000 044A     		ldr	r2, .L2
  60:.\Generated_Source\PSoC5/SD_MISO.c ****     SD_MISO_DR = staticBits | ((uint8)(value << SD_MISO_SHIFT) & SD_MISO_MASK);
  35              		.loc 1 60 0
  36 0002 0001     		lsls	r0, r0, #4
  37              	.LVL1:
  59:.\Generated_Source\PSoC5/SD_MISO.c ****     uint8 staticBits = (SD_MISO_DR & (uint8)(~SD_MISO_MASK));
  38              		.loc 1 59 0
  39 0004 1378     		ldrb	r3, [r2]	@ zero_extendqisi2
  40              	.LVL2:
  41              		.loc 1 60 0
  42 0006 00F01000 		and	r0, r0, #16
  59:.\Generated_Source\PSoC5/SD_MISO.c ****     uint8 staticBits = (SD_MISO_DR & (uint8)(~SD_MISO_MASK));
  43              		.loc 1 59 0
  44 000a 03F0EF03 		and	r3, r3, #239
  45              	.LVL3:
  46              		.loc 1 60 0
  47 000e 1843     		orrs	r0, r0, r3
  48 0010 1070     		strb	r0, [r2]
  49 0012 7047     		bx	lr
  50              	.L3:
  51              		.align	2
  52              	.L2:
ARM GAS  C:\Users\honet\AppData\Local\Temp\cch1ysjn.s 			page 3


  53 0014 20510040 		.word	1073762592
  54              		.cfi_endproc
  55              	.LFE0:
  56              		.size	SD_MISO_Write, .-SD_MISO_Write
  57              		.section	.text.SD_MISO_SetDriveMode,"ax",%progbits
  58              		.align	2
  59              		.global	SD_MISO_SetDriveMode
  60              		.thumb
  61              		.thumb_func
  62              		.type	SD_MISO_SetDriveMode, %function
  63              	SD_MISO_SetDriveMode:
  64              	.LFB1:
  61:.\Generated_Source\PSoC5/SD_MISO.c **** }
  62:.\Generated_Source\PSoC5/SD_MISO.c **** 
  63:.\Generated_Source\PSoC5/SD_MISO.c **** 
  64:.\Generated_Source\PSoC5/SD_MISO.c **** /*******************************************************************************
  65:.\Generated_Source\PSoC5/SD_MISO.c **** * Function Name: SD_MISO_SetDriveMode
  66:.\Generated_Source\PSoC5/SD_MISO.c **** ****************************************************************************//**
  67:.\Generated_Source\PSoC5/SD_MISO.c **** *
  68:.\Generated_Source\PSoC5/SD_MISO.c **** * \brief Sets the drive mode for each of the Pins component's pins.
  69:.\Generated_Source\PSoC5/SD_MISO.c **** * 
  70:.\Generated_Source\PSoC5/SD_MISO.c **** * <b>Note</b> This affects all pins in the Pins component instance. Use the
  71:.\Generated_Source\PSoC5/SD_MISO.c **** * Per-Pin APIs if you wish to control individual pin's drive modes.
  72:.\Generated_Source\PSoC5/SD_MISO.c **** *
  73:.\Generated_Source\PSoC5/SD_MISO.c **** * \param mode
  74:.\Generated_Source\PSoC5/SD_MISO.c **** *  Mode for the selected signals. Valid options are documented in 
  75:.\Generated_Source\PSoC5/SD_MISO.c **** *  \ref driveMode.
  76:.\Generated_Source\PSoC5/SD_MISO.c **** *
  77:.\Generated_Source\PSoC5/SD_MISO.c **** * \return
  78:.\Generated_Source\PSoC5/SD_MISO.c **** *  None
  79:.\Generated_Source\PSoC5/SD_MISO.c **** *
  80:.\Generated_Source\PSoC5/SD_MISO.c **** * \sideeffect
  81:.\Generated_Source\PSoC5/SD_MISO.c **** *  If you use read-modify-write operations that are not atomic, the ISR can
  82:.\Generated_Source\PSoC5/SD_MISO.c **** *  cause corruption of this function. An ISR that interrupts this function 
  83:.\Generated_Source\PSoC5/SD_MISO.c **** *  and performs writes to the Pins component Drive Mode registers can cause 
  84:.\Generated_Source\PSoC5/SD_MISO.c **** *  corrupted port data. To avoid this issue, you should either use the Per-Pin
  85:.\Generated_Source\PSoC5/SD_MISO.c **** *  APIs (primary method) or disable interrupts around this function.
  86:.\Generated_Source\PSoC5/SD_MISO.c **** *
  87:.\Generated_Source\PSoC5/SD_MISO.c **** * \funcusage
  88:.\Generated_Source\PSoC5/SD_MISO.c **** *  \snippet SD_MISO_SUT.c usage_SD_MISO_SetDriveMode
  89:.\Generated_Source\PSoC5/SD_MISO.c **** *******************************************************************************/
  90:.\Generated_Source\PSoC5/SD_MISO.c **** void SD_MISO_SetDriveMode(uint8 mode)
  91:.\Generated_Source\PSoC5/SD_MISO.c **** {
  65              		.loc 1 91 0
  66              		.cfi_startproc
  67              		@ args = 0, pretend = 0, frame = 0
  68              		@ frame_needed = 0, uses_anonymous_args = 0
  69              		@ link register save eliminated.
  70              	.LVL4:
  92:.\Generated_Source\PSoC5/SD_MISO.c **** 	CyPins_SetPinDriveMode(SD_MISO_0, mode);
  71              		.loc 1 92 0
  72 0000 044A     		ldr	r2, .L5
  73 0002 00F00E00 		and	r0, r0, #14
  74              	.LVL5:
  75 0006 1378     		ldrb	r3, [r2]	@ zero_extendqisi2
  76 0008 03F0F103 		and	r3, r3, #241
  77 000c 1843     		orrs	r0, r0, r3
ARM GAS  C:\Users\honet\AppData\Local\Temp\cch1ysjn.s 			page 4


  78 000e 1070     		strb	r0, [r2]
  79 0010 7047     		bx	lr
  80              	.L6:
  81 0012 00BF     		.align	2
  82              	.L5:
  83 0014 14500040 		.word	1073762324
  84              		.cfi_endproc
  85              	.LFE1:
  86              		.size	SD_MISO_SetDriveMode, .-SD_MISO_SetDriveMode
  87              		.section	.text.SD_MISO_Read,"ax",%progbits
  88              		.align	2
  89              		.global	SD_MISO_Read
  90              		.thumb
  91              		.thumb_func
  92              		.type	SD_MISO_Read, %function
  93              	SD_MISO_Read:
  94              	.LFB2:
  93:.\Generated_Source\PSoC5/SD_MISO.c **** }
  94:.\Generated_Source\PSoC5/SD_MISO.c **** 
  95:.\Generated_Source\PSoC5/SD_MISO.c **** 
  96:.\Generated_Source\PSoC5/SD_MISO.c **** /*******************************************************************************
  97:.\Generated_Source\PSoC5/SD_MISO.c **** * Function Name: SD_MISO_Read
  98:.\Generated_Source\PSoC5/SD_MISO.c **** ****************************************************************************//**
  99:.\Generated_Source\PSoC5/SD_MISO.c **** *
 100:.\Generated_Source\PSoC5/SD_MISO.c **** * \brief Reads the associated physical port (pin status register) and masks 
 101:.\Generated_Source\PSoC5/SD_MISO.c **** *  the required bits according to the width and bit position of the component
 102:.\Generated_Source\PSoC5/SD_MISO.c **** *  instance. 
 103:.\Generated_Source\PSoC5/SD_MISO.c **** *
 104:.\Generated_Source\PSoC5/SD_MISO.c **** * The pin's status register returns the current logic level present on the 
 105:.\Generated_Source\PSoC5/SD_MISO.c **** * physical pin.
 106:.\Generated_Source\PSoC5/SD_MISO.c **** *
 107:.\Generated_Source\PSoC5/SD_MISO.c **** * \return 
 108:.\Generated_Source\PSoC5/SD_MISO.c **** *  The current value for the pins in the component as a right justified number.
 109:.\Generated_Source\PSoC5/SD_MISO.c **** *
 110:.\Generated_Source\PSoC5/SD_MISO.c **** * \funcusage
 111:.\Generated_Source\PSoC5/SD_MISO.c **** *  \snippet SD_MISO_SUT.c usage_SD_MISO_Read  
 112:.\Generated_Source\PSoC5/SD_MISO.c **** *******************************************************************************/
 113:.\Generated_Source\PSoC5/SD_MISO.c **** uint8 SD_MISO_Read(void)
 114:.\Generated_Source\PSoC5/SD_MISO.c **** {
  95              		.loc 1 114 0
  96              		.cfi_startproc
  97              		@ args = 0, pretend = 0, frame = 0
  98              		@ frame_needed = 0, uses_anonymous_args = 0
  99              		@ link register save eliminated.
 115:.\Generated_Source\PSoC5/SD_MISO.c ****     return (SD_MISO_PS & SD_MISO_MASK) >> SD_MISO_SHIFT;
 100              		.loc 1 115 0
 101 0000 024B     		ldr	r3, .L8
 102 0002 1878     		ldrb	r0, [r3]	@ zero_extendqisi2
 116:.\Generated_Source\PSoC5/SD_MISO.c **** }
 103              		.loc 1 116 0
 104 0004 C0F30010 		ubfx	r0, r0, #4, #1
 105 0008 7047     		bx	lr
 106              	.L9:
 107 000a 00BF     		.align	2
 108              	.L8:
 109 000c 21510040 		.word	1073762593
 110              		.cfi_endproc
ARM GAS  C:\Users\honet\AppData\Local\Temp\cch1ysjn.s 			page 5


 111              	.LFE2:
 112              		.size	SD_MISO_Read, .-SD_MISO_Read
 113              		.section	.text.SD_MISO_ReadDataReg,"ax",%progbits
 114              		.align	2
 115              		.global	SD_MISO_ReadDataReg
 116              		.thumb
 117              		.thumb_func
 118              		.type	SD_MISO_ReadDataReg, %function
 119              	SD_MISO_ReadDataReg:
 120              	.LFB3:
 117:.\Generated_Source\PSoC5/SD_MISO.c **** 
 118:.\Generated_Source\PSoC5/SD_MISO.c **** 
 119:.\Generated_Source\PSoC5/SD_MISO.c **** /*******************************************************************************
 120:.\Generated_Source\PSoC5/SD_MISO.c **** * Function Name: SD_MISO_ReadDataReg
 121:.\Generated_Source\PSoC5/SD_MISO.c **** ****************************************************************************//**
 122:.\Generated_Source\PSoC5/SD_MISO.c **** *
 123:.\Generated_Source\PSoC5/SD_MISO.c **** * \brief Reads the associated physical port's data output register and masks 
 124:.\Generated_Source\PSoC5/SD_MISO.c **** *  the correct bits according to the width and bit position of the component 
 125:.\Generated_Source\PSoC5/SD_MISO.c **** *  instance. 
 126:.\Generated_Source\PSoC5/SD_MISO.c **** *
 127:.\Generated_Source\PSoC5/SD_MISO.c **** * The data output register controls the signal applied to the physical pin in 
 128:.\Generated_Source\PSoC5/SD_MISO.c **** * conjunction with the drive mode parameter. This is not the same as the 
 129:.\Generated_Source\PSoC5/SD_MISO.c **** * preferred SD_MISO_Read() API because the 
 130:.\Generated_Source\PSoC5/SD_MISO.c **** * SD_MISO_ReadDataReg() reads the data register instead of the status 
 131:.\Generated_Source\PSoC5/SD_MISO.c **** * register. For output pins this is a useful function to determine the value 
 132:.\Generated_Source\PSoC5/SD_MISO.c **** * just written to the pin.
 133:.\Generated_Source\PSoC5/SD_MISO.c **** *
 134:.\Generated_Source\PSoC5/SD_MISO.c **** * \return 
 135:.\Generated_Source\PSoC5/SD_MISO.c **** *  The current value of the data register masked and shifted into a right 
 136:.\Generated_Source\PSoC5/SD_MISO.c **** *  justified number for the component instance.
 137:.\Generated_Source\PSoC5/SD_MISO.c **** *
 138:.\Generated_Source\PSoC5/SD_MISO.c **** * \funcusage
 139:.\Generated_Source\PSoC5/SD_MISO.c **** *  \snippet SD_MISO_SUT.c usage_SD_MISO_ReadDataReg 
 140:.\Generated_Source\PSoC5/SD_MISO.c **** *******************************************************************************/
 141:.\Generated_Source\PSoC5/SD_MISO.c **** uint8 SD_MISO_ReadDataReg(void)
 142:.\Generated_Source\PSoC5/SD_MISO.c **** {
 121              		.loc 1 142 0
 122              		.cfi_startproc
 123              		@ args = 0, pretend = 0, frame = 0
 124              		@ frame_needed = 0, uses_anonymous_args = 0
 125              		@ link register save eliminated.
 143:.\Generated_Source\PSoC5/SD_MISO.c ****     return (SD_MISO_DR & SD_MISO_MASK) >> SD_MISO_SHIFT;
 126              		.loc 1 143 0
 127 0000 024B     		ldr	r3, .L11
 128 0002 1878     		ldrb	r0, [r3]	@ zero_extendqisi2
 144:.\Generated_Source\PSoC5/SD_MISO.c **** }
 129              		.loc 1 144 0
 130 0004 C0F30010 		ubfx	r0, r0, #4, #1
 131 0008 7047     		bx	lr
 132              	.L12:
 133 000a 00BF     		.align	2
 134              	.L11:
 135 000c 20510040 		.word	1073762592
 136              		.cfi_endproc
 137              	.LFE3:
 138              		.size	SD_MISO_ReadDataReg, .-SD_MISO_ReadDataReg
 139              		.text
ARM GAS  C:\Users\honet\AppData\Local\Temp\cch1ysjn.s 			page 6


 140              	.Letext0:
 141              		.file 2 ".\\Generated_Source\\PSoC5\\cytypes.h"
 142              		.section	.debug_info,"",%progbits
 143              	.Ldebug_info0:
 144 0000 1D010000 		.4byte	0x11d
 145 0004 0400     		.2byte	0x4
 146 0006 00000000 		.4byte	.Ldebug_abbrev0
 147 000a 04       		.byte	0x4
 148 000b 01       		.uleb128 0x1
 149 000c 19010000 		.4byte	.LASF20
 150 0010 01       		.byte	0x1
 151 0011 11000000 		.4byte	.LASF21
 152 0015 34000000 		.4byte	.LASF22
 153 0019 00000000 		.4byte	.Ldebug_ranges0+0
 154 001d 00000000 		.4byte	0
 155 0021 00000000 		.4byte	.Ldebug_line0
 156 0025 02       		.uleb128 0x2
 157 0026 01       		.byte	0x1
 158 0027 06       		.byte	0x6
 159 0028 E3010000 		.4byte	.LASF0
 160 002c 02       		.uleb128 0x2
 161 002d 01       		.byte	0x1
 162 002e 08       		.byte	0x8
 163 002f 9B000000 		.4byte	.LASF1
 164 0033 02       		.uleb128 0x2
 165 0034 02       		.byte	0x2
 166 0035 05       		.byte	0x5
 167 0036 CA010000 		.4byte	.LASF2
 168 003a 02       		.uleb128 0x2
 169 003b 02       		.byte	0x2
 170 003c 07       		.byte	0x7
 171 003d C0000000 		.4byte	.LASF3
 172 0041 02       		.uleb128 0x2
 173 0042 04       		.byte	0x4
 174 0043 05       		.byte	0x5
 175 0044 DA010000 		.4byte	.LASF4
 176 0048 02       		.uleb128 0x2
 177 0049 04       		.byte	0x4
 178 004a 07       		.byte	0x7
 179 004b AE000000 		.4byte	.LASF5
 180 004f 02       		.uleb128 0x2
 181 0050 08       		.byte	0x8
 182 0051 05       		.byte	0x5
 183 0052 B7010000 		.4byte	.LASF6
 184 0056 02       		.uleb128 0x2
 185 0057 08       		.byte	0x8
 186 0058 07       		.byte	0x7
 187 0059 02010000 		.4byte	.LASF7
 188 005d 03       		.uleb128 0x3
 189 005e 04       		.byte	0x4
 190 005f 05       		.byte	0x5
 191 0060 696E7400 		.ascii	"int\000"
 192 0064 02       		.uleb128 0x2
 193 0065 04       		.byte	0x4
 194 0066 07       		.byte	0x7
 195 0067 E8000000 		.4byte	.LASF8
 196 006b 04       		.uleb128 0x4
ARM GAS  C:\Users\honet\AppData\Local\Temp\cch1ysjn.s 			page 7


 197 006c D4010000 		.4byte	.LASF12
 198 0070 02       		.byte	0x2
 199 0071 9201     		.2byte	0x192
 200 0073 2C000000 		.4byte	0x2c
 201 0077 02       		.uleb128 0x2
 202 0078 04       		.byte	0x4
 203 0079 04       		.byte	0x4
 204 007a 95000000 		.4byte	.LASF9
 205 007e 02       		.uleb128 0x2
 206 007f 08       		.byte	0x8
 207 0080 04       		.byte	0x4
 208 0081 D3000000 		.4byte	.LASF10
 209 0085 02       		.uleb128 0x2
 210 0086 01       		.byte	0x1
 211 0087 08       		.byte	0x8
 212 0088 C5010000 		.4byte	.LASF11
 213 008c 04       		.uleb128 0x4
 214 008d A9000000 		.4byte	.LASF13
 215 0091 02       		.byte	0x2
 216 0092 3C02     		.2byte	0x23c
 217 0094 98000000 		.4byte	0x98
 218 0098 05       		.uleb128 0x5
 219 0099 6B000000 		.4byte	0x6b
 220 009d 06       		.uleb128 0x6
 221 009e DA000000 		.4byte	.LASF14
 222 00a2 01       		.byte	0x1
 223 00a3 39       		.byte	0x39
 224 00a4 00000000 		.4byte	.LFB0
 225 00a8 18000000 		.4byte	.LFE0-.LFB0
 226 00ac 01       		.uleb128 0x1
 227 00ad 9C       		.byte	0x9c
 228 00ae D1000000 		.4byte	0xd1
 229 00b2 07       		.uleb128 0x7
 230 00b3 00000000 		.4byte	.LASF16
 231 00b7 01       		.byte	0x1
 232 00b8 39       		.byte	0x39
 233 00b9 6B000000 		.4byte	0x6b
 234 00bd 00000000 		.4byte	.LLST0
 235 00c1 08       		.uleb128 0x8
 236 00c2 06000000 		.4byte	.LASF23
 237 00c6 01       		.byte	0x1
 238 00c7 3B       		.byte	0x3b
 239 00c8 6B000000 		.4byte	0x6b
 240 00cc 21000000 		.4byte	.LLST1
 241 00d0 00       		.byte	0
 242 00d1 06       		.uleb128 0x6
 243 00d2 EF010000 		.4byte	.LASF15
 244 00d6 01       		.byte	0x1
 245 00d7 5A       		.byte	0x5a
 246 00d8 00000000 		.4byte	.LFB1
 247 00dc 18000000 		.4byte	.LFE1-.LFB1
 248 00e0 01       		.uleb128 0x1
 249 00e1 9C       		.byte	0x9c
 250 00e2 F6000000 		.4byte	0xf6
 251 00e6 07       		.uleb128 0x7
 252 00e7 B2010000 		.4byte	.LASF17
 253 00eb 01       		.byte	0x1
ARM GAS  C:\Users\honet\AppData\Local\Temp\cch1ysjn.s 			page 8


 254 00ec 5A       		.byte	0x5a
 255 00ed 6B000000 		.4byte	0x6b
 256 00f1 39000000 		.4byte	.LLST2
 257 00f5 00       		.byte	0
 258 00f6 09       		.uleb128 0x9
 259 00f7 F5000000 		.4byte	.LASF18
 260 00fb 01       		.byte	0x1
 261 00fc 71       		.byte	0x71
 262 00fd 6B000000 		.4byte	0x6b
 263 0101 00000000 		.4byte	.LFB2
 264 0105 10000000 		.4byte	.LFE2-.LFB2
 265 0109 01       		.uleb128 0x1
 266 010a 9C       		.byte	0x9c
 267 010b 09       		.uleb128 0x9
 268 010c 81000000 		.4byte	.LASF19
 269 0110 01       		.byte	0x1
 270 0111 8D       		.byte	0x8d
 271 0112 6B000000 		.4byte	0x6b
 272 0116 00000000 		.4byte	.LFB3
 273 011a 10000000 		.4byte	.LFE3-.LFB3
 274 011e 01       		.uleb128 0x1
 275 011f 9C       		.byte	0x9c
 276 0120 00       		.byte	0
 277              		.section	.debug_abbrev,"",%progbits
 278              	.Ldebug_abbrev0:
 279 0000 01       		.uleb128 0x1
 280 0001 11       		.uleb128 0x11
 281 0002 01       		.byte	0x1
 282 0003 25       		.uleb128 0x25
 283 0004 0E       		.uleb128 0xe
 284 0005 13       		.uleb128 0x13
 285 0006 0B       		.uleb128 0xb
 286 0007 03       		.uleb128 0x3
 287 0008 0E       		.uleb128 0xe
 288 0009 1B       		.uleb128 0x1b
 289 000a 0E       		.uleb128 0xe
 290 000b 55       		.uleb128 0x55
 291 000c 17       		.uleb128 0x17
 292 000d 11       		.uleb128 0x11
 293 000e 01       		.uleb128 0x1
 294 000f 10       		.uleb128 0x10
 295 0010 17       		.uleb128 0x17
 296 0011 00       		.byte	0
 297 0012 00       		.byte	0
 298 0013 02       		.uleb128 0x2
 299 0014 24       		.uleb128 0x24
 300 0015 00       		.byte	0
 301 0016 0B       		.uleb128 0xb
 302 0017 0B       		.uleb128 0xb
 303 0018 3E       		.uleb128 0x3e
 304 0019 0B       		.uleb128 0xb
 305 001a 03       		.uleb128 0x3
 306 001b 0E       		.uleb128 0xe
 307 001c 00       		.byte	0
 308 001d 00       		.byte	0
 309 001e 03       		.uleb128 0x3
 310 001f 24       		.uleb128 0x24
ARM GAS  C:\Users\honet\AppData\Local\Temp\cch1ysjn.s 			page 9


 311 0020 00       		.byte	0
 312 0021 0B       		.uleb128 0xb
 313 0022 0B       		.uleb128 0xb
 314 0023 3E       		.uleb128 0x3e
 315 0024 0B       		.uleb128 0xb
 316 0025 03       		.uleb128 0x3
 317 0026 08       		.uleb128 0x8
 318 0027 00       		.byte	0
 319 0028 00       		.byte	0
 320 0029 04       		.uleb128 0x4
 321 002a 16       		.uleb128 0x16
 322 002b 00       		.byte	0
 323 002c 03       		.uleb128 0x3
 324 002d 0E       		.uleb128 0xe
 325 002e 3A       		.uleb128 0x3a
 326 002f 0B       		.uleb128 0xb
 327 0030 3B       		.uleb128 0x3b
 328 0031 05       		.uleb128 0x5
 329 0032 49       		.uleb128 0x49
 330 0033 13       		.uleb128 0x13
 331 0034 00       		.byte	0
 332 0035 00       		.byte	0
 333 0036 05       		.uleb128 0x5
 334 0037 35       		.uleb128 0x35
 335 0038 00       		.byte	0
 336 0039 49       		.uleb128 0x49
 337 003a 13       		.uleb128 0x13
 338 003b 00       		.byte	0
 339 003c 00       		.byte	0
 340 003d 06       		.uleb128 0x6
 341 003e 2E       		.uleb128 0x2e
 342 003f 01       		.byte	0x1
 343 0040 3F       		.uleb128 0x3f
 344 0041 19       		.uleb128 0x19
 345 0042 03       		.uleb128 0x3
 346 0043 0E       		.uleb128 0xe
 347 0044 3A       		.uleb128 0x3a
 348 0045 0B       		.uleb128 0xb
 349 0046 3B       		.uleb128 0x3b
 350 0047 0B       		.uleb128 0xb
 351 0048 27       		.uleb128 0x27
 352 0049 19       		.uleb128 0x19
 353 004a 11       		.uleb128 0x11
 354 004b 01       		.uleb128 0x1
 355 004c 12       		.uleb128 0x12
 356 004d 06       		.uleb128 0x6
 357 004e 40       		.uleb128 0x40
 358 004f 18       		.uleb128 0x18
 359 0050 9742     		.uleb128 0x2117
 360 0052 19       		.uleb128 0x19
 361 0053 01       		.uleb128 0x1
 362 0054 13       		.uleb128 0x13
 363 0055 00       		.byte	0
 364 0056 00       		.byte	0
 365 0057 07       		.uleb128 0x7
 366 0058 05       		.uleb128 0x5
 367 0059 00       		.byte	0
ARM GAS  C:\Users\honet\AppData\Local\Temp\cch1ysjn.s 			page 10


 368 005a 03       		.uleb128 0x3
 369 005b 0E       		.uleb128 0xe
 370 005c 3A       		.uleb128 0x3a
 371 005d 0B       		.uleb128 0xb
 372 005e 3B       		.uleb128 0x3b
 373 005f 0B       		.uleb128 0xb
 374 0060 49       		.uleb128 0x49
 375 0061 13       		.uleb128 0x13
 376 0062 02       		.uleb128 0x2
 377 0063 17       		.uleb128 0x17
 378 0064 00       		.byte	0
 379 0065 00       		.byte	0
 380 0066 08       		.uleb128 0x8
 381 0067 34       		.uleb128 0x34
 382 0068 00       		.byte	0
 383 0069 03       		.uleb128 0x3
 384 006a 0E       		.uleb128 0xe
 385 006b 3A       		.uleb128 0x3a
 386 006c 0B       		.uleb128 0xb
 387 006d 3B       		.uleb128 0x3b
 388 006e 0B       		.uleb128 0xb
 389 006f 49       		.uleb128 0x49
 390 0070 13       		.uleb128 0x13
 391 0071 02       		.uleb128 0x2
 392 0072 17       		.uleb128 0x17
 393 0073 00       		.byte	0
 394 0074 00       		.byte	0
 395 0075 09       		.uleb128 0x9
 396 0076 2E       		.uleb128 0x2e
 397 0077 00       		.byte	0
 398 0078 3F       		.uleb128 0x3f
 399 0079 19       		.uleb128 0x19
 400 007a 03       		.uleb128 0x3
 401 007b 0E       		.uleb128 0xe
 402 007c 3A       		.uleb128 0x3a
 403 007d 0B       		.uleb128 0xb
 404 007e 3B       		.uleb128 0x3b
 405 007f 0B       		.uleb128 0xb
 406 0080 27       		.uleb128 0x27
 407 0081 19       		.uleb128 0x19
 408 0082 49       		.uleb128 0x49
 409 0083 13       		.uleb128 0x13
 410 0084 11       		.uleb128 0x11
 411 0085 01       		.uleb128 0x1
 412 0086 12       		.uleb128 0x12
 413 0087 06       		.uleb128 0x6
 414 0088 40       		.uleb128 0x40
 415 0089 18       		.uleb128 0x18
 416 008a 9742     		.uleb128 0x2117
 417 008c 19       		.uleb128 0x19
 418 008d 00       		.byte	0
 419 008e 00       		.byte	0
 420 008f 00       		.byte	0
 421              		.section	.debug_loc,"",%progbits
 422              	.Ldebug_loc0:
 423              	.LLST0:
 424 0000 00000000 		.4byte	.LVL0
ARM GAS  C:\Users\honet\AppData\Local\Temp\cch1ysjn.s 			page 11


 425 0004 04000000 		.4byte	.LVL1
 426 0008 0100     		.2byte	0x1
 427 000a 50       		.byte	0x50
 428 000b 04000000 		.4byte	.LVL1
 429 000f 18000000 		.4byte	.LFE0
 430 0013 0400     		.2byte	0x4
 431 0015 F3       		.byte	0xf3
 432 0016 01       		.uleb128 0x1
 433 0017 50       		.byte	0x50
 434 0018 9F       		.byte	0x9f
 435 0019 00000000 		.4byte	0
 436 001d 00000000 		.4byte	0
 437              	.LLST1:
 438 0021 06000000 		.4byte	.LVL2
 439 0025 0E000000 		.4byte	.LVL3
 440 0029 0600     		.2byte	0x6
 441 002b 73       		.byte	0x73
 442 002c 00       		.sleb128 0
 443 002d 09       		.byte	0x9
 444 002e EF       		.byte	0xef
 445 002f 1A       		.byte	0x1a
 446 0030 9F       		.byte	0x9f
 447 0031 00000000 		.4byte	0
 448 0035 00000000 		.4byte	0
 449              	.LLST2:
 450 0039 00000000 		.4byte	.LVL4
 451 003d 06000000 		.4byte	.LVL5
 452 0041 0100     		.2byte	0x1
 453 0043 50       		.byte	0x50
 454 0044 06000000 		.4byte	.LVL5
 455 0048 18000000 		.4byte	.LFE1
 456 004c 0400     		.2byte	0x4
 457 004e F3       		.byte	0xf3
 458 004f 01       		.uleb128 0x1
 459 0050 50       		.byte	0x50
 460 0051 9F       		.byte	0x9f
 461 0052 00000000 		.4byte	0
 462 0056 00000000 		.4byte	0
 463              		.section	.debug_aranges,"",%progbits
 464 0000 34000000 		.4byte	0x34
 465 0004 0200     		.2byte	0x2
 466 0006 00000000 		.4byte	.Ldebug_info0
 467 000a 04       		.byte	0x4
 468 000b 00       		.byte	0
 469 000c 0000     		.2byte	0
 470 000e 0000     		.2byte	0
 471 0010 00000000 		.4byte	.LFB0
 472 0014 18000000 		.4byte	.LFE0-.LFB0
 473 0018 00000000 		.4byte	.LFB1
 474 001c 18000000 		.4byte	.LFE1-.LFB1
 475 0020 00000000 		.4byte	.LFB2
 476 0024 10000000 		.4byte	.LFE2-.LFB2
 477 0028 00000000 		.4byte	.LFB3
 478 002c 10000000 		.4byte	.LFE3-.LFB3
 479 0030 00000000 		.4byte	0
 480 0034 00000000 		.4byte	0
 481              		.section	.debug_ranges,"",%progbits
ARM GAS  C:\Users\honet\AppData\Local\Temp\cch1ysjn.s 			page 12


 482              	.Ldebug_ranges0:
 483 0000 00000000 		.4byte	.LFB0
 484 0004 18000000 		.4byte	.LFE0
 485 0008 00000000 		.4byte	.LFB1
 486 000c 18000000 		.4byte	.LFE1
 487 0010 00000000 		.4byte	.LFB2
 488 0014 10000000 		.4byte	.LFE2
 489 0018 00000000 		.4byte	.LFB3
 490 001c 10000000 		.4byte	.LFE3
 491 0020 00000000 		.4byte	0
 492 0024 00000000 		.4byte	0
 493              		.section	.debug_line,"",%progbits
 494              	.Ldebug_line0:
 495 0000 96000000 		.section	.debug_str,"MS",%progbits,1
 495      02004600 
 495      00000201 
 495      FB0E0D00 
 495      01010101 
 496              	.LASF16:
 497 0000 76616C75 		.ascii	"value\000"
 497      6500
 498              	.LASF23:
 499 0006 73746174 		.ascii	"staticBits\000"
 499      69634269 
 499      747300
 500              	.LASF21:
 501 0011 2E5C4765 		.ascii	".\\Generated_Source\\PSoC5\\SD_MISO.c\000"
 501      6E657261 
 501      7465645F 
 501      536F7572 
 501      63655C50 
 502              	.LASF22:
 503 0034 443A5C64 		.ascii	"D:\\develop\\projects\\SoundChipLogger\\firmware\\D"
 503      6576656C 
 503      6F705C70 
 503      726F6A65 
 503      6374735C 
 504 0062 4D415344 		.ascii	"MASDSPITest\\DMASDSPITest.cydsn\000"
 504      53504954 
 504      6573745C 
 504      444D4153 
 504      44535049 
 505              	.LASF19:
 506 0081 53445F4D 		.ascii	"SD_MISO_ReadDataReg\000"
 506      49534F5F 
 506      52656164 
 506      44617461 
 506      52656700 
 507              	.LASF9:
 508 0095 666C6F61 		.ascii	"float\000"
 508      7400
 509              	.LASF1:
 510 009b 756E7369 		.ascii	"unsigned char\000"
 510      676E6564 
 510      20636861 
 510      7200
 511              	.LASF13:
ARM GAS  C:\Users\honet\AppData\Local\Temp\cch1ysjn.s 			page 13


 512 00a9 72656738 		.ascii	"reg8\000"
 512      00
 513              	.LASF5:
 514 00ae 6C6F6E67 		.ascii	"long unsigned int\000"
 514      20756E73 
 514      69676E65 
 514      6420696E 
 514      7400
 515              	.LASF3:
 516 00c0 73686F72 		.ascii	"short unsigned int\000"
 516      7420756E 
 516      7369676E 
 516      65642069 
 516      6E7400
 517              	.LASF10:
 518 00d3 646F7562 		.ascii	"double\000"
 518      6C6500
 519              	.LASF14:
 520 00da 53445F4D 		.ascii	"SD_MISO_Write\000"
 520      49534F5F 
 520      57726974 
 520      6500
 521              	.LASF8:
 522 00e8 756E7369 		.ascii	"unsigned int\000"
 522      676E6564 
 522      20696E74 
 522      00
 523              	.LASF18:
 524 00f5 53445F4D 		.ascii	"SD_MISO_Read\000"
 524      49534F5F 
 524      52656164 
 524      00
 525              	.LASF7:
 526 0102 6C6F6E67 		.ascii	"long long unsigned int\000"
 526      206C6F6E 
 526      6720756E 
 526      7369676E 
 526      65642069 
 527              	.LASF20:
 528 0119 474E5520 		.ascii	"GNU C 4.9.3 20150303 (release) [ARM/embedded-4_9-br"
 528      4320342E 
 528      392E3320 
 528      32303135 
 528      30333033 
 529 014c 616E6368 		.ascii	"anch revision 221220] -mcpu=cortex-m3 -mthumb -g -O"
 529      20726576 
 529      6973696F 
 529      6E203232 
 529      31323230 
 530 017f 33202D73 		.ascii	"3 -std=gnu99 -ffunction-sections -ffat-lto-objects\000"
 530      74643D67 
 530      6E753939 
 530      202D6666 
 530      756E6374 
 531              	.LASF17:
 532 01b2 6D6F6465 		.ascii	"mode\000"
 532      00
ARM GAS  C:\Users\honet\AppData\Local\Temp\cch1ysjn.s 			page 14


 533              	.LASF6:
 534 01b7 6C6F6E67 		.ascii	"long long int\000"
 534      206C6F6E 
 534      6720696E 
 534      7400
 535              	.LASF11:
 536 01c5 63686172 		.ascii	"char\000"
 536      00
 537              	.LASF2:
 538 01ca 73686F72 		.ascii	"short int\000"
 538      7420696E 
 538      7400
 539              	.LASF12:
 540 01d4 75696E74 		.ascii	"uint8\000"
 540      3800
 541              	.LASF4:
 542 01da 6C6F6E67 		.ascii	"long int\000"
 542      20696E74 
 542      00
 543              	.LASF0:
 544 01e3 7369676E 		.ascii	"signed char\000"
 544      65642063 
 544      68617200 
 545              	.LASF15:
 546 01ef 53445F4D 		.ascii	"SD_MISO_SetDriveMode\000"
 546      49534F5F 
 546      53657444 
 546      72697665 
 546      4D6F6465 
 547              		.ident	"GCC: (GNU Tools for ARM Embedded Processors) 4.9.3 20150303 (release) [ARM/embedded-4_9-br
