ARM GAS  C:\Users\honet\AppData\Local\Temp\ccZUGNgm.s 			page 1


   1              		.syntax unified
   2              		.cpu cortex-m3
   3              		.fpu softvfp
   4              		.eabi_attribute 20, 1
   5              		.eabi_attribute 21, 1
   6              		.eabi_attribute 23, 3
   7              		.eabi_attribute 24, 1
   8              		.eabi_attribute 25, 1
   9              		.eabi_attribute 26, 1
  10              		.eabi_attribute 30, 2
  11              		.eabi_attribute 34, 1
  12              		.eabi_attribute 18, 4
  13              		.thumb
  14              		.file	"SDSPI_CSControl_PM.c"
  15              		.text
  16              	.Ltext0:
  17              		.cfi_sections	.debug_frame
  18              		.section	.text.SDSPI_CSControl_SaveConfig,"ax",%progbits
  19              		.align	2
  20              		.global	SDSPI_CSControl_SaveConfig
  21              		.thumb
  22              		.thumb_func
  23              		.type	SDSPI_CSControl_SaveConfig, %function
  24              	SDSPI_CSControl_SaveConfig:
  25              	.LFB0:
  26              		.file 1 ".\\Generated_Source\\PSoC5\\SDSPI_CSControl_PM.c"
   1:.\Generated_Source\PSoC5/SDSPI_CSControl_PM.c **** /*******************************************************************************
   2:.\Generated_Source\PSoC5/SDSPI_CSControl_PM.c **** * File Name: SDSPI_CSControl_PM.c
   3:.\Generated_Source\PSoC5/SDSPI_CSControl_PM.c **** * Version 1.80
   4:.\Generated_Source\PSoC5/SDSPI_CSControl_PM.c **** *
   5:.\Generated_Source\PSoC5/SDSPI_CSControl_PM.c **** * Description:
   6:.\Generated_Source\PSoC5/SDSPI_CSControl_PM.c **** *  This file contains the setup, control, and status commands to support 
   7:.\Generated_Source\PSoC5/SDSPI_CSControl_PM.c **** *  the component operation in the low power mode. 
   8:.\Generated_Source\PSoC5/SDSPI_CSControl_PM.c **** *
   9:.\Generated_Source\PSoC5/SDSPI_CSControl_PM.c **** * Note:
  10:.\Generated_Source\PSoC5/SDSPI_CSControl_PM.c **** *
  11:.\Generated_Source\PSoC5/SDSPI_CSControl_PM.c **** ********************************************************************************
  12:.\Generated_Source\PSoC5/SDSPI_CSControl_PM.c **** * Copyright 2015, Cypress Semiconductor Corporation.  All rights reserved.
  13:.\Generated_Source\PSoC5/SDSPI_CSControl_PM.c **** * You may use this file only in accordance with the license, terms, conditions, 
  14:.\Generated_Source\PSoC5/SDSPI_CSControl_PM.c **** * disclaimers, and limitations in the end user license agreement accompanying 
  15:.\Generated_Source\PSoC5/SDSPI_CSControl_PM.c **** * the software package with which this file was provided.
  16:.\Generated_Source\PSoC5/SDSPI_CSControl_PM.c **** *******************************************************************************/
  17:.\Generated_Source\PSoC5/SDSPI_CSControl_PM.c **** 
  18:.\Generated_Source\PSoC5/SDSPI_CSControl_PM.c **** #include "SDSPI_CSControl.h"
  19:.\Generated_Source\PSoC5/SDSPI_CSControl_PM.c **** 
  20:.\Generated_Source\PSoC5/SDSPI_CSControl_PM.c **** /* Check for removal by optimization */
  21:.\Generated_Source\PSoC5/SDSPI_CSControl_PM.c **** #if !defined(SDSPI_CSControl_Sync_ctrl_reg__REMOVED)
  22:.\Generated_Source\PSoC5/SDSPI_CSControl_PM.c **** 
  23:.\Generated_Source\PSoC5/SDSPI_CSControl_PM.c **** static SDSPI_CSControl_BACKUP_STRUCT  SDSPI_CSControl_backup = {0u};
  24:.\Generated_Source\PSoC5/SDSPI_CSControl_PM.c **** 
  25:.\Generated_Source\PSoC5/SDSPI_CSControl_PM.c ****     
  26:.\Generated_Source\PSoC5/SDSPI_CSControl_PM.c **** /*******************************************************************************
  27:.\Generated_Source\PSoC5/SDSPI_CSControl_PM.c **** * Function Name: SDSPI_CSControl_SaveConfig
  28:.\Generated_Source\PSoC5/SDSPI_CSControl_PM.c **** ********************************************************************************
  29:.\Generated_Source\PSoC5/SDSPI_CSControl_PM.c **** *
  30:.\Generated_Source\PSoC5/SDSPI_CSControl_PM.c **** * Summary:
  31:.\Generated_Source\PSoC5/SDSPI_CSControl_PM.c **** *  Saves the control register value.
ARM GAS  C:\Users\honet\AppData\Local\Temp\ccZUGNgm.s 			page 2


  32:.\Generated_Source\PSoC5/SDSPI_CSControl_PM.c **** *
  33:.\Generated_Source\PSoC5/SDSPI_CSControl_PM.c **** * Parameters:
  34:.\Generated_Source\PSoC5/SDSPI_CSControl_PM.c **** *  None
  35:.\Generated_Source\PSoC5/SDSPI_CSControl_PM.c **** *
  36:.\Generated_Source\PSoC5/SDSPI_CSControl_PM.c **** * Return:
  37:.\Generated_Source\PSoC5/SDSPI_CSControl_PM.c **** *  None
  38:.\Generated_Source\PSoC5/SDSPI_CSControl_PM.c **** *
  39:.\Generated_Source\PSoC5/SDSPI_CSControl_PM.c **** *******************************************************************************/
  40:.\Generated_Source\PSoC5/SDSPI_CSControl_PM.c **** void SDSPI_CSControl_SaveConfig(void) 
  41:.\Generated_Source\PSoC5/SDSPI_CSControl_PM.c **** {
  27              		.loc 1 41 0
  28              		.cfi_startproc
  29              		@ args = 0, pretend = 0, frame = 0
  30              		@ frame_needed = 0, uses_anonymous_args = 0
  31              		@ link register save eliminated.
  42:.\Generated_Source\PSoC5/SDSPI_CSControl_PM.c ****     SDSPI_CSControl_backup.controlState = SDSPI_CSControl_Control;
  32              		.loc 1 42 0
  33 0000 024A     		ldr	r2, .L2
  34 0002 034B     		ldr	r3, .L2+4
  35 0004 1278     		ldrb	r2, [r2]	@ zero_extendqisi2
  36 0006 1A70     		strb	r2, [r3]
  37 0008 7047     		bx	lr
  38              	.L3:
  39 000a 00BF     		.align	2
  40              	.L2:
  41 000c 7D640040 		.word	1073767549
  42 0010 00000000 		.word	.LANCHOR0
  43              		.cfi_endproc
  44              	.LFE0:
  45              		.size	SDSPI_CSControl_SaveConfig, .-SDSPI_CSControl_SaveConfig
  46              		.section	.text.SDSPI_CSControl_RestoreConfig,"ax",%progbits
  47              		.align	2
  48              		.global	SDSPI_CSControl_RestoreConfig
  49              		.thumb
  50              		.thumb_func
  51              		.type	SDSPI_CSControl_RestoreConfig, %function
  52              	SDSPI_CSControl_RestoreConfig:
  53              	.LFB1:
  43:.\Generated_Source\PSoC5/SDSPI_CSControl_PM.c **** }
  44:.\Generated_Source\PSoC5/SDSPI_CSControl_PM.c **** 
  45:.\Generated_Source\PSoC5/SDSPI_CSControl_PM.c **** 
  46:.\Generated_Source\PSoC5/SDSPI_CSControl_PM.c **** /*******************************************************************************
  47:.\Generated_Source\PSoC5/SDSPI_CSControl_PM.c **** * Function Name: SDSPI_CSControl_RestoreConfig
  48:.\Generated_Source\PSoC5/SDSPI_CSControl_PM.c **** ********************************************************************************
  49:.\Generated_Source\PSoC5/SDSPI_CSControl_PM.c **** *
  50:.\Generated_Source\PSoC5/SDSPI_CSControl_PM.c **** * Summary:
  51:.\Generated_Source\PSoC5/SDSPI_CSControl_PM.c **** *  Restores the control register value.
  52:.\Generated_Source\PSoC5/SDSPI_CSControl_PM.c **** *
  53:.\Generated_Source\PSoC5/SDSPI_CSControl_PM.c **** * Parameters:
  54:.\Generated_Source\PSoC5/SDSPI_CSControl_PM.c **** *  None
  55:.\Generated_Source\PSoC5/SDSPI_CSControl_PM.c **** *
  56:.\Generated_Source\PSoC5/SDSPI_CSControl_PM.c **** * Return:
  57:.\Generated_Source\PSoC5/SDSPI_CSControl_PM.c **** *  None
  58:.\Generated_Source\PSoC5/SDSPI_CSControl_PM.c **** *
  59:.\Generated_Source\PSoC5/SDSPI_CSControl_PM.c **** *
  60:.\Generated_Source\PSoC5/SDSPI_CSControl_PM.c **** *******************************************************************************/
  61:.\Generated_Source\PSoC5/SDSPI_CSControl_PM.c **** void SDSPI_CSControl_RestoreConfig(void) 
ARM GAS  C:\Users\honet\AppData\Local\Temp\ccZUGNgm.s 			page 3


  62:.\Generated_Source\PSoC5/SDSPI_CSControl_PM.c **** {
  54              		.loc 1 62 0
  55              		.cfi_startproc
  56              		@ args = 0, pretend = 0, frame = 0
  57              		@ frame_needed = 0, uses_anonymous_args = 0
  58              		@ link register save eliminated.
  63:.\Generated_Source\PSoC5/SDSPI_CSControl_PM.c ****      SDSPI_CSControl_Control = SDSPI_CSControl_backup.controlState;
  59              		.loc 1 63 0
  60 0000 024A     		ldr	r2, .L5
  61 0002 034B     		ldr	r3, .L5+4
  62 0004 1278     		ldrb	r2, [r2]	@ zero_extendqisi2
  63 0006 1A70     		strb	r2, [r3]
  64 0008 7047     		bx	lr
  65              	.L6:
  66 000a 00BF     		.align	2
  67              	.L5:
  68 000c 00000000 		.word	.LANCHOR0
  69 0010 7D640040 		.word	1073767549
  70              		.cfi_endproc
  71              	.LFE1:
  72              		.size	SDSPI_CSControl_RestoreConfig, .-SDSPI_CSControl_RestoreConfig
  73              		.section	.text.SDSPI_CSControl_Sleep,"ax",%progbits
  74              		.align	2
  75              		.global	SDSPI_CSControl_Sleep
  76              		.thumb
  77              		.thumb_func
  78              		.type	SDSPI_CSControl_Sleep, %function
  79              	SDSPI_CSControl_Sleep:
  80              	.LFB2:
  64:.\Generated_Source\PSoC5/SDSPI_CSControl_PM.c **** }
  65:.\Generated_Source\PSoC5/SDSPI_CSControl_PM.c **** 
  66:.\Generated_Source\PSoC5/SDSPI_CSControl_PM.c **** 
  67:.\Generated_Source\PSoC5/SDSPI_CSControl_PM.c **** /*******************************************************************************
  68:.\Generated_Source\PSoC5/SDSPI_CSControl_PM.c **** * Function Name: SDSPI_CSControl_Sleep
  69:.\Generated_Source\PSoC5/SDSPI_CSControl_PM.c **** ********************************************************************************
  70:.\Generated_Source\PSoC5/SDSPI_CSControl_PM.c **** *
  71:.\Generated_Source\PSoC5/SDSPI_CSControl_PM.c **** * Summary:
  72:.\Generated_Source\PSoC5/SDSPI_CSControl_PM.c **** *  Prepares the component for entering the low power mode.
  73:.\Generated_Source\PSoC5/SDSPI_CSControl_PM.c **** *
  74:.\Generated_Source\PSoC5/SDSPI_CSControl_PM.c **** * Parameters:
  75:.\Generated_Source\PSoC5/SDSPI_CSControl_PM.c **** *  None
  76:.\Generated_Source\PSoC5/SDSPI_CSControl_PM.c **** *
  77:.\Generated_Source\PSoC5/SDSPI_CSControl_PM.c **** * Return:
  78:.\Generated_Source\PSoC5/SDSPI_CSControl_PM.c **** *  None
  79:.\Generated_Source\PSoC5/SDSPI_CSControl_PM.c **** *
  80:.\Generated_Source\PSoC5/SDSPI_CSControl_PM.c **** *******************************************************************************/
  81:.\Generated_Source\PSoC5/SDSPI_CSControl_PM.c **** void SDSPI_CSControl_Sleep(void) 
  82:.\Generated_Source\PSoC5/SDSPI_CSControl_PM.c **** {
  81              		.loc 1 82 0
  82              		.cfi_startproc
  83              		@ args = 0, pretend = 0, frame = 0
  84              		@ frame_needed = 0, uses_anonymous_args = 0
  85              		@ link register save eliminated.
  86              	.LBB6:
  87              	.LBB7:
  42:.\Generated_Source\PSoC5/SDSPI_CSControl_PM.c **** }
  88              		.loc 1 42 0
ARM GAS  C:\Users\honet\AppData\Local\Temp\ccZUGNgm.s 			page 4


  89 0000 024A     		ldr	r2, .L8
  90 0002 034B     		ldr	r3, .L8+4
  91 0004 1278     		ldrb	r2, [r2]	@ zero_extendqisi2
  92 0006 1A70     		strb	r2, [r3]
  93 0008 7047     		bx	lr
  94              	.L9:
  95 000a 00BF     		.align	2
  96              	.L8:
  97 000c 7D640040 		.word	1073767549
  98 0010 00000000 		.word	.LANCHOR0
  99              	.LBE7:
 100              	.LBE6:
 101              		.cfi_endproc
 102              	.LFE2:
 103              		.size	SDSPI_CSControl_Sleep, .-SDSPI_CSControl_Sleep
 104              		.section	.text.SDSPI_CSControl_Wakeup,"ax",%progbits
 105              		.align	2
 106              		.global	SDSPI_CSControl_Wakeup
 107              		.thumb
 108              		.thumb_func
 109              		.type	SDSPI_CSControl_Wakeup, %function
 110              	SDSPI_CSControl_Wakeup:
 111              	.LFB3:
  83:.\Generated_Source\PSoC5/SDSPI_CSControl_PM.c ****     SDSPI_CSControl_SaveConfig();
  84:.\Generated_Source\PSoC5/SDSPI_CSControl_PM.c **** }
  85:.\Generated_Source\PSoC5/SDSPI_CSControl_PM.c **** 
  86:.\Generated_Source\PSoC5/SDSPI_CSControl_PM.c **** 
  87:.\Generated_Source\PSoC5/SDSPI_CSControl_PM.c **** /*******************************************************************************
  88:.\Generated_Source\PSoC5/SDSPI_CSControl_PM.c **** * Function Name: SDSPI_CSControl_Wakeup
  89:.\Generated_Source\PSoC5/SDSPI_CSControl_PM.c **** ********************************************************************************
  90:.\Generated_Source\PSoC5/SDSPI_CSControl_PM.c **** *
  91:.\Generated_Source\PSoC5/SDSPI_CSControl_PM.c **** * Summary:
  92:.\Generated_Source\PSoC5/SDSPI_CSControl_PM.c **** *  Restores the component after waking up from the low power mode.
  93:.\Generated_Source\PSoC5/SDSPI_CSControl_PM.c **** *
  94:.\Generated_Source\PSoC5/SDSPI_CSControl_PM.c **** * Parameters:
  95:.\Generated_Source\PSoC5/SDSPI_CSControl_PM.c **** *  None
  96:.\Generated_Source\PSoC5/SDSPI_CSControl_PM.c **** *
  97:.\Generated_Source\PSoC5/SDSPI_CSControl_PM.c **** * Return:
  98:.\Generated_Source\PSoC5/SDSPI_CSControl_PM.c **** *  None
  99:.\Generated_Source\PSoC5/SDSPI_CSControl_PM.c **** *
 100:.\Generated_Source\PSoC5/SDSPI_CSControl_PM.c **** *******************************************************************************/
 101:.\Generated_Source\PSoC5/SDSPI_CSControl_PM.c **** void SDSPI_CSControl_Wakeup(void)  
 102:.\Generated_Source\PSoC5/SDSPI_CSControl_PM.c **** {
 112              		.loc 1 102 0
 113              		.cfi_startproc
 114              		@ args = 0, pretend = 0, frame = 0
 115              		@ frame_needed = 0, uses_anonymous_args = 0
 116              		@ link register save eliminated.
 117              	.LBB8:
 118              	.LBB9:
  63:.\Generated_Source\PSoC5/SDSPI_CSControl_PM.c **** }
 119              		.loc 1 63 0
 120 0000 024A     		ldr	r2, .L11
 121 0002 034B     		ldr	r3, .L11+4
 122 0004 1278     		ldrb	r2, [r2]	@ zero_extendqisi2
 123 0006 1A70     		strb	r2, [r3]
 124 0008 7047     		bx	lr
ARM GAS  C:\Users\honet\AppData\Local\Temp\ccZUGNgm.s 			page 5


 125              	.L12:
 126 000a 00BF     		.align	2
 127              	.L11:
 128 000c 00000000 		.word	.LANCHOR0
 129 0010 7D640040 		.word	1073767549
 130              	.LBE9:
 131              	.LBE8:
 132              		.cfi_endproc
 133              	.LFE3:
 134              		.size	SDSPI_CSControl_Wakeup, .-SDSPI_CSControl_Wakeup
 135              		.bss
 136              		.align	2
 137              		.set	.LANCHOR0,. + 0
 138              		.type	SDSPI_CSControl_backup, %object
 139              		.size	SDSPI_CSControl_backup, 1
 140              	SDSPI_CSControl_backup:
 141 0000 00       		.space	1
 142 0001 000000   		.text
 143              	.Letext0:
 144              		.file 2 ".\\Generated_Source\\PSoC5\\cytypes.h"
 145              		.file 3 ".\\Generated_Source\\PSoC5\\SDSPI_CSControl.h"
 146              		.section	.debug_info,"",%progbits
 147              	.Ldebug_info0:
 148 0000 43010000 		.4byte	0x143
 149 0004 0400     		.2byte	0x4
 150 0006 00000000 		.4byte	.Ldebug_abbrev0
 151 000a 04       		.byte	0x4
 152 000b 01       		.uleb128 0x1
 153 000c 22010000 		.4byte	.LASF19
 154 0010 01       		.byte	0x1
 155 0011 D0000000 		.4byte	.LASF20
 156 0015 16000000 		.4byte	.LASF21
 157 0019 00000000 		.4byte	.Ldebug_ranges0+0
 158 001d 00000000 		.4byte	0
 159 0021 00000000 		.4byte	.Ldebug_line0
 160 0025 02       		.uleb128 0x2
 161 0026 01       		.byte	0x1
 162 0027 06       		.byte	0x6
 163 0028 3A020000 		.4byte	.LASF0
 164 002c 02       		.uleb128 0x2
 165 002d 01       		.byte	0x1
 166 002e 08       		.byte	0x8
 167 002f 84000000 		.4byte	.LASF1
 168 0033 02       		.uleb128 0x2
 169 0034 02       		.byte	0x2
 170 0035 05       		.byte	0x5
 171 0036 03020000 		.4byte	.LASF2
 172 003a 02       		.uleb128 0x2
 173 003b 02       		.byte	0x2
 174 003c 07       		.byte	0x7
 175 003d A9000000 		.4byte	.LASF3
 176 0041 02       		.uleb128 0x2
 177 0042 04       		.byte	0x4
 178 0043 05       		.byte	0x5
 179 0044 31020000 		.4byte	.LASF4
 180 0048 02       		.uleb128 0x2
 181 0049 04       		.byte	0x4
ARM GAS  C:\Users\honet\AppData\Local\Temp\ccZUGNgm.s 			page 6


 182 004a 07       		.byte	0x7
 183 004b 97000000 		.4byte	.LASF5
 184 004f 02       		.uleb128 0x2
 185 0050 08       		.byte	0x8
 186 0051 05       		.byte	0x5
 187 0052 F0010000 		.4byte	.LASF6
 188 0056 02       		.uleb128 0x2
 189 0057 08       		.byte	0x8
 190 0058 07       		.byte	0x7
 191 0059 0B010000 		.4byte	.LASF7
 192 005d 03       		.uleb128 0x3
 193 005e 04       		.byte	0x4
 194 005f 05       		.byte	0x5
 195 0060 696E7400 		.ascii	"int\000"
 196 0064 02       		.uleb128 0x2
 197 0065 04       		.byte	0x4
 198 0066 07       		.byte	0x7
 199 0067 FE000000 		.4byte	.LASF8
 200 006b 04       		.uleb128 0x4
 201 006c 0D020000 		.4byte	.LASF12
 202 0070 02       		.byte	0x2
 203 0071 9201     		.2byte	0x192
 204 0073 2C000000 		.4byte	0x2c
 205 0077 02       		.uleb128 0x2
 206 0078 04       		.byte	0x4
 207 0079 04       		.byte	0x4
 208 007a 63000000 		.4byte	.LASF9
 209 007e 02       		.uleb128 0x2
 210 007f 08       		.byte	0x8
 211 0080 04       		.byte	0x4
 212 0081 C9000000 		.4byte	.LASF10
 213 0085 02       		.uleb128 0x2
 214 0086 01       		.byte	0x1
 215 0087 08       		.byte	0x8
 216 0088 FE010000 		.4byte	.LASF11
 217 008c 04       		.uleb128 0x4
 218 008d 92000000 		.4byte	.LASF13
 219 0091 02       		.byte	0x2
 220 0092 3C02     		.2byte	0x23c
 221 0094 98000000 		.4byte	0x98
 222 0098 05       		.uleb128 0x5
 223 0099 6B000000 		.4byte	0x6b
 224 009d 06       		.uleb128 0x6
 225 009e 01       		.byte	0x1
 226 009f 03       		.byte	0x3
 227 00a0 1C       		.byte	0x1c
 228 00a1 B2000000 		.4byte	0xb2
 229 00a5 07       		.uleb128 0x7
 230 00a6 BC000000 		.4byte	.LASF22
 231 00aa 03       		.byte	0x3
 232 00ab 1E       		.byte	0x1e
 233 00ac 6B000000 		.4byte	0x6b
 234 00b0 00       		.byte	0
 235 00b1 00       		.byte	0
 236 00b2 08       		.uleb128 0x8
 237 00b3 BB010000 		.4byte	.LASF14
 238 00b7 03       		.byte	0x3
ARM GAS  C:\Users\honet\AppData\Local\Temp\ccZUGNgm.s 			page 7


 239 00b8 20       		.byte	0x20
 240 00b9 9D000000 		.4byte	0x9d
 241 00bd 09       		.uleb128 0x9
 242 00be 69000000 		.4byte	.LASF15
 243 00c2 01       		.byte	0x1
 244 00c3 28       		.byte	0x28
 245 00c4 01       		.byte	0x1
 246 00c5 09       		.uleb128 0x9
 247 00c6 13020000 		.4byte	.LASF16
 248 00ca 01       		.byte	0x1
 249 00cb 3D       		.byte	0x3d
 250 00cc 01       		.byte	0x1
 251 00cd 0A       		.uleb128 0xa
 252 00ce BD000000 		.4byte	0xbd
 253 00d2 00000000 		.4byte	.LFB0
 254 00d6 14000000 		.4byte	.LFE0-.LFB0
 255 00da 01       		.uleb128 0x1
 256 00db 9C       		.byte	0x9c
 257 00dc 0A       		.uleb128 0xa
 258 00dd C5000000 		.4byte	0xc5
 259 00e1 00000000 		.4byte	.LFB1
 260 00e5 14000000 		.4byte	.LFE1-.LFB1
 261 00e9 01       		.uleb128 0x1
 262 00ea 9C       		.byte	0x9c
 263 00eb 0B       		.uleb128 0xb
 264 00ec 00000000 		.4byte	.LASF17
 265 00f0 01       		.byte	0x1
 266 00f1 51       		.byte	0x51
 267 00f2 00000000 		.4byte	.LFB2
 268 00f6 14000000 		.4byte	.LFE2-.LFB2
 269 00fa 01       		.uleb128 0x1
 270 00fb 9C       		.byte	0x9c
 271 00fc 10010000 		.4byte	0x110
 272 0100 0C       		.uleb128 0xc
 273 0101 BD000000 		.4byte	0xbd
 274 0105 00000000 		.4byte	.LBB6
 275 0109 14000000 		.4byte	.LBE6-.LBB6
 276 010d 01       		.byte	0x1
 277 010e 53       		.byte	0x53
 278 010f 00       		.byte	0
 279 0110 0B       		.uleb128 0xb
 280 0111 D9010000 		.4byte	.LASF18
 281 0115 01       		.byte	0x1
 282 0116 65       		.byte	0x65
 283 0117 00000000 		.4byte	.LFB3
 284 011b 14000000 		.4byte	.LFE3-.LFB3
 285 011f 01       		.uleb128 0x1
 286 0120 9C       		.byte	0x9c
 287 0121 35010000 		.4byte	0x135
 288 0125 0C       		.uleb128 0xc
 289 0126 C5000000 		.4byte	0xc5
 290 012a 00000000 		.4byte	.LBB8
 291 012e 14000000 		.4byte	.LBE8-.LBB8
 292 0132 01       		.byte	0x1
 293 0133 67       		.byte	0x67
 294 0134 00       		.byte	0
 295 0135 0D       		.uleb128 0xd
ARM GAS  C:\Users\honet\AppData\Local\Temp\ccZUGNgm.s 			page 8


 296 0136 46020000 		.4byte	.LASF23
 297 013a 01       		.byte	0x1
 298 013b 17       		.byte	0x17
 299 013c B2000000 		.4byte	0xb2
 300 0140 05       		.uleb128 0x5
 301 0141 03       		.byte	0x3
 302 0142 00000000 		.4byte	SDSPI_CSControl_backup
 303 0146 00       		.byte	0
 304              		.section	.debug_abbrev,"",%progbits
 305              	.Ldebug_abbrev0:
 306 0000 01       		.uleb128 0x1
 307 0001 11       		.uleb128 0x11
 308 0002 01       		.byte	0x1
 309 0003 25       		.uleb128 0x25
 310 0004 0E       		.uleb128 0xe
 311 0005 13       		.uleb128 0x13
 312 0006 0B       		.uleb128 0xb
 313 0007 03       		.uleb128 0x3
 314 0008 0E       		.uleb128 0xe
 315 0009 1B       		.uleb128 0x1b
 316 000a 0E       		.uleb128 0xe
 317 000b 55       		.uleb128 0x55
 318 000c 17       		.uleb128 0x17
 319 000d 11       		.uleb128 0x11
 320 000e 01       		.uleb128 0x1
 321 000f 10       		.uleb128 0x10
 322 0010 17       		.uleb128 0x17
 323 0011 00       		.byte	0
 324 0012 00       		.byte	0
 325 0013 02       		.uleb128 0x2
 326 0014 24       		.uleb128 0x24
 327 0015 00       		.byte	0
 328 0016 0B       		.uleb128 0xb
 329 0017 0B       		.uleb128 0xb
 330 0018 3E       		.uleb128 0x3e
 331 0019 0B       		.uleb128 0xb
 332 001a 03       		.uleb128 0x3
 333 001b 0E       		.uleb128 0xe
 334 001c 00       		.byte	0
 335 001d 00       		.byte	0
 336 001e 03       		.uleb128 0x3
 337 001f 24       		.uleb128 0x24
 338 0020 00       		.byte	0
 339 0021 0B       		.uleb128 0xb
 340 0022 0B       		.uleb128 0xb
 341 0023 3E       		.uleb128 0x3e
 342 0024 0B       		.uleb128 0xb
 343 0025 03       		.uleb128 0x3
 344 0026 08       		.uleb128 0x8
 345 0027 00       		.byte	0
 346 0028 00       		.byte	0
 347 0029 04       		.uleb128 0x4
 348 002a 16       		.uleb128 0x16
 349 002b 00       		.byte	0
 350 002c 03       		.uleb128 0x3
 351 002d 0E       		.uleb128 0xe
 352 002e 3A       		.uleb128 0x3a
ARM GAS  C:\Users\honet\AppData\Local\Temp\ccZUGNgm.s 			page 9


 353 002f 0B       		.uleb128 0xb
 354 0030 3B       		.uleb128 0x3b
 355 0031 05       		.uleb128 0x5
 356 0032 49       		.uleb128 0x49
 357 0033 13       		.uleb128 0x13
 358 0034 00       		.byte	0
 359 0035 00       		.byte	0
 360 0036 05       		.uleb128 0x5
 361 0037 35       		.uleb128 0x35
 362 0038 00       		.byte	0
 363 0039 49       		.uleb128 0x49
 364 003a 13       		.uleb128 0x13
 365 003b 00       		.byte	0
 366 003c 00       		.byte	0
 367 003d 06       		.uleb128 0x6
 368 003e 13       		.uleb128 0x13
 369 003f 01       		.byte	0x1
 370 0040 0B       		.uleb128 0xb
 371 0041 0B       		.uleb128 0xb
 372 0042 3A       		.uleb128 0x3a
 373 0043 0B       		.uleb128 0xb
 374 0044 3B       		.uleb128 0x3b
 375 0045 0B       		.uleb128 0xb
 376 0046 01       		.uleb128 0x1
 377 0047 13       		.uleb128 0x13
 378 0048 00       		.byte	0
 379 0049 00       		.byte	0
 380 004a 07       		.uleb128 0x7
 381 004b 0D       		.uleb128 0xd
 382 004c 00       		.byte	0
 383 004d 03       		.uleb128 0x3
 384 004e 0E       		.uleb128 0xe
 385 004f 3A       		.uleb128 0x3a
 386 0050 0B       		.uleb128 0xb
 387 0051 3B       		.uleb128 0x3b
 388 0052 0B       		.uleb128 0xb
 389 0053 49       		.uleb128 0x49
 390 0054 13       		.uleb128 0x13
 391 0055 38       		.uleb128 0x38
 392 0056 0B       		.uleb128 0xb
 393 0057 00       		.byte	0
 394 0058 00       		.byte	0
 395 0059 08       		.uleb128 0x8
 396 005a 16       		.uleb128 0x16
 397 005b 00       		.byte	0
 398 005c 03       		.uleb128 0x3
 399 005d 0E       		.uleb128 0xe
 400 005e 3A       		.uleb128 0x3a
 401 005f 0B       		.uleb128 0xb
 402 0060 3B       		.uleb128 0x3b
 403 0061 0B       		.uleb128 0xb
 404 0062 49       		.uleb128 0x49
 405 0063 13       		.uleb128 0x13
 406 0064 00       		.byte	0
 407 0065 00       		.byte	0
 408 0066 09       		.uleb128 0x9
 409 0067 2E       		.uleb128 0x2e
ARM GAS  C:\Users\honet\AppData\Local\Temp\ccZUGNgm.s 			page 10


 410 0068 00       		.byte	0
 411 0069 3F       		.uleb128 0x3f
 412 006a 19       		.uleb128 0x19
 413 006b 03       		.uleb128 0x3
 414 006c 0E       		.uleb128 0xe
 415 006d 3A       		.uleb128 0x3a
 416 006e 0B       		.uleb128 0xb
 417 006f 3B       		.uleb128 0x3b
 418 0070 0B       		.uleb128 0xb
 419 0071 27       		.uleb128 0x27
 420 0072 19       		.uleb128 0x19
 421 0073 20       		.uleb128 0x20
 422 0074 0B       		.uleb128 0xb
 423 0075 00       		.byte	0
 424 0076 00       		.byte	0
 425 0077 0A       		.uleb128 0xa
 426 0078 2E       		.uleb128 0x2e
 427 0079 00       		.byte	0
 428 007a 31       		.uleb128 0x31
 429 007b 13       		.uleb128 0x13
 430 007c 11       		.uleb128 0x11
 431 007d 01       		.uleb128 0x1
 432 007e 12       		.uleb128 0x12
 433 007f 06       		.uleb128 0x6
 434 0080 40       		.uleb128 0x40
 435 0081 18       		.uleb128 0x18
 436 0082 9742     		.uleb128 0x2117
 437 0084 19       		.uleb128 0x19
 438 0085 00       		.byte	0
 439 0086 00       		.byte	0
 440 0087 0B       		.uleb128 0xb
 441 0088 2E       		.uleb128 0x2e
 442 0089 01       		.byte	0x1
 443 008a 3F       		.uleb128 0x3f
 444 008b 19       		.uleb128 0x19
 445 008c 03       		.uleb128 0x3
 446 008d 0E       		.uleb128 0xe
 447 008e 3A       		.uleb128 0x3a
 448 008f 0B       		.uleb128 0xb
 449 0090 3B       		.uleb128 0x3b
 450 0091 0B       		.uleb128 0xb
 451 0092 27       		.uleb128 0x27
 452 0093 19       		.uleb128 0x19
 453 0094 11       		.uleb128 0x11
 454 0095 01       		.uleb128 0x1
 455 0096 12       		.uleb128 0x12
 456 0097 06       		.uleb128 0x6
 457 0098 40       		.uleb128 0x40
 458 0099 18       		.uleb128 0x18
 459 009a 9742     		.uleb128 0x2117
 460 009c 19       		.uleb128 0x19
 461 009d 01       		.uleb128 0x1
 462 009e 13       		.uleb128 0x13
 463 009f 00       		.byte	0
 464 00a0 00       		.byte	0
 465 00a1 0C       		.uleb128 0xc
 466 00a2 1D       		.uleb128 0x1d
ARM GAS  C:\Users\honet\AppData\Local\Temp\ccZUGNgm.s 			page 11


 467 00a3 00       		.byte	0
 468 00a4 31       		.uleb128 0x31
 469 00a5 13       		.uleb128 0x13
 470 00a6 11       		.uleb128 0x11
 471 00a7 01       		.uleb128 0x1
 472 00a8 12       		.uleb128 0x12
 473 00a9 06       		.uleb128 0x6
 474 00aa 58       		.uleb128 0x58
 475 00ab 0B       		.uleb128 0xb
 476 00ac 59       		.uleb128 0x59
 477 00ad 0B       		.uleb128 0xb
 478 00ae 00       		.byte	0
 479 00af 00       		.byte	0
 480 00b0 0D       		.uleb128 0xd
 481 00b1 34       		.uleb128 0x34
 482 00b2 00       		.byte	0
 483 00b3 03       		.uleb128 0x3
 484 00b4 0E       		.uleb128 0xe
 485 00b5 3A       		.uleb128 0x3a
 486 00b6 0B       		.uleb128 0xb
 487 00b7 3B       		.uleb128 0x3b
 488 00b8 0B       		.uleb128 0xb
 489 00b9 49       		.uleb128 0x49
 490 00ba 13       		.uleb128 0x13
 491 00bb 02       		.uleb128 0x2
 492 00bc 18       		.uleb128 0x18
 493 00bd 00       		.byte	0
 494 00be 00       		.byte	0
 495 00bf 00       		.byte	0
 496              		.section	.debug_aranges,"",%progbits
 497 0000 34000000 		.4byte	0x34
 498 0004 0200     		.2byte	0x2
 499 0006 00000000 		.4byte	.Ldebug_info0
 500 000a 04       		.byte	0x4
 501 000b 00       		.byte	0
 502 000c 0000     		.2byte	0
 503 000e 0000     		.2byte	0
 504 0010 00000000 		.4byte	.LFB0
 505 0014 14000000 		.4byte	.LFE0-.LFB0
 506 0018 00000000 		.4byte	.LFB1
 507 001c 14000000 		.4byte	.LFE1-.LFB1
 508 0020 00000000 		.4byte	.LFB2
 509 0024 14000000 		.4byte	.LFE2-.LFB2
 510 0028 00000000 		.4byte	.LFB3
 511 002c 14000000 		.4byte	.LFE3-.LFB3
 512 0030 00000000 		.4byte	0
 513 0034 00000000 		.4byte	0
 514              		.section	.debug_ranges,"",%progbits
 515              	.Ldebug_ranges0:
 516 0000 00000000 		.4byte	.LFB0
 517 0004 14000000 		.4byte	.LFE0
 518 0008 00000000 		.4byte	.LFB1
 519 000c 14000000 		.4byte	.LFE1
 520 0010 00000000 		.4byte	.LFB2
 521 0014 14000000 		.4byte	.LFE2
 522 0018 00000000 		.4byte	.LFB3
 523 001c 14000000 		.4byte	.LFE3
ARM GAS  C:\Users\honet\AppData\Local\Temp\ccZUGNgm.s 			page 12


 524 0020 00000000 		.4byte	0
 525 0024 00000000 		.4byte	0
 526              		.section	.debug_line,"",%progbits
 527              	.Ldebug_line0:
 528 0000 B2000000 		.section	.debug_str,"MS",%progbits,1
 528      02006600 
 528      00000201 
 528      FB0E0D00 
 528      01010101 
 529              	.LASF17:
 530 0000 53445350 		.ascii	"SDSPI_CSControl_Sleep\000"
 530      495F4353 
 530      436F6E74 
 530      726F6C5F 
 530      536C6565 
 531              	.LASF21:
 532 0016 443A5C64 		.ascii	"D:\\develop\\projects\\SoundChipLogger\\firmware\\D"
 532      6576656C 
 532      6F705C70 
 532      726F6A65 
 532      6374735C 
 533 0044 4D415344 		.ascii	"MASDSPITest\\DMASDSPITest.cydsn\000"
 533      53504954 
 533      6573745C 
 533      444D4153 
 533      44535049 
 534              	.LASF9:
 535 0063 666C6F61 		.ascii	"float\000"
 535      7400
 536              	.LASF15:
 537 0069 53445350 		.ascii	"SDSPI_CSControl_SaveConfig\000"
 537      495F4353 
 537      436F6E74 
 537      726F6C5F 
 537      53617665 
 538              	.LASF1:
 539 0084 756E7369 		.ascii	"unsigned char\000"
 539      676E6564 
 539      20636861 
 539      7200
 540              	.LASF13:
 541 0092 72656738 		.ascii	"reg8\000"
 541      00
 542              	.LASF5:
 543 0097 6C6F6E67 		.ascii	"long unsigned int\000"
 543      20756E73 
 543      69676E65 
 543      6420696E 
 543      7400
 544              	.LASF3:
 545 00a9 73686F72 		.ascii	"short unsigned int\000"
 545      7420756E 
 545      7369676E 
 545      65642069 
 545      6E7400
 546              	.LASF22:
 547 00bc 636F6E74 		.ascii	"controlState\000"
ARM GAS  C:\Users\honet\AppData\Local\Temp\ccZUGNgm.s 			page 13


 547      726F6C53 
 547      74617465 
 547      00
 548              	.LASF10:
 549 00c9 646F7562 		.ascii	"double\000"
 549      6C6500
 550              	.LASF20:
 551 00d0 2E5C4765 		.ascii	".\\Generated_Source\\PSoC5\\SDSPI_CSControl_PM.c\000"
 551      6E657261 
 551      7465645F 
 551      536F7572 
 551      63655C50 
 552              	.LASF8:
 553 00fe 756E7369 		.ascii	"unsigned int\000"
 553      676E6564 
 553      20696E74 
 553      00
 554              	.LASF7:
 555 010b 6C6F6E67 		.ascii	"long long unsigned int\000"
 555      206C6F6E 
 555      6720756E 
 555      7369676E 
 555      65642069 
 556              	.LASF19:
 557 0122 474E5520 		.ascii	"GNU C 4.9.3 20150303 (release) [ARM/embedded-4_9-br"
 557      4320342E 
 557      392E3320 
 557      32303135 
 557      30333033 
 558 0155 616E6368 		.ascii	"anch revision 221220] -mcpu=cortex-m3 -mthumb -g -O"
 558      20726576 
 558      6973696F 
 558      6E203232 
 558      31323230 
 559 0188 33202D73 		.ascii	"3 -std=gnu99 -ffunction-sections -ffat-lto-objects\000"
 559      74643D67 
 559      6E753939 
 559      202D6666 
 559      756E6374 
 560              	.LASF14:
 561 01bb 53445350 		.ascii	"SDSPI_CSControl_BACKUP_STRUCT\000"
 561      495F4353 
 561      436F6E74 
 561      726F6C5F 
 561      4241434B 
 562              	.LASF18:
 563 01d9 53445350 		.ascii	"SDSPI_CSControl_Wakeup\000"
 563      495F4353 
 563      436F6E74 
 563      726F6C5F 
 563      57616B65 
 564              	.LASF6:
 565 01f0 6C6F6E67 		.ascii	"long long int\000"
 565      206C6F6E 
 565      6720696E 
 565      7400
 566              	.LASF11:
ARM GAS  C:\Users\honet\AppData\Local\Temp\ccZUGNgm.s 			page 14


 567 01fe 63686172 		.ascii	"char\000"
 567      00
 568              	.LASF2:
 569 0203 73686F72 		.ascii	"short int\000"
 569      7420696E 
 569      7400
 570              	.LASF12:
 571 020d 75696E74 		.ascii	"uint8\000"
 571      3800
 572              	.LASF16:
 573 0213 53445350 		.ascii	"SDSPI_CSControl_RestoreConfig\000"
 573      495F4353 
 573      436F6E74 
 573      726F6C5F 
 573      52657374 
 574              	.LASF4:
 575 0231 6C6F6E67 		.ascii	"long int\000"
 575      20696E74 
 575      00
 576              	.LASF0:
 577 023a 7369676E 		.ascii	"signed char\000"
 577      65642063 
 577      68617200 
 578              	.LASF23:
 579 0246 53445350 		.ascii	"SDSPI_CSControl_backup\000"
 579      495F4353 
 579      436F6E74 
 579      726F6C5F 
 579      6261636B 
 580              		.ident	"GCC: (GNU Tools for ARM Embedded Processors) 4.9.3 20150303 (release) [ARM/embedded-4_9-br
